<?xml version="1.0" encoding="ISO-8859-1" ?>
<link_info>
   <banner>TMS320C2000 Linker PC v22.6.2.LTS</banner>
   <copyright>Copyright (c) 1996-2018 Texas Instruments Incorporated</copyright>
   <link_time>0x691625b3</link_time>
   <link_errors>0x0</link_errors>
   <output_file>universal_servo_drive_f28p65x.out</output_file>
   <entry_point>
      <name>code_start</name>
      <address>0x80000</address>
   </entry_point>
   <input_file_list>
      <input_file id="fl-2">
         <path>.\</path>
         <kind>object</kind>
         <file>sys_main.obj</file>
         <name>sys_main.obj</name>
      </input_file>
      <input_file id="fl-3">
         <path>.\libraries\control\fwc\</path>
         <kind>object</kind>
         <file>fwc.obj</file>
         <name>fwc.obj</name>
      </input_file>
      <input_file id="fl-4">
         <path>.\libraries\control\mtpa\</path>
         <kind>object</kind>
         <file>mtpa.obj</file>
         <name>mtpa.obj</name>
      </input_file>
      <input_file id="fl-5">
         <path>.\libraries\control\pi\</path>
         <kind>object</kind>
         <file>pi.obj</file>
         <name>pi.obj</name>
      </input_file>
      <input_file id="fl-6">
         <path>.\libraries\control\vs_freq\</path>
         <kind>object</kind>
         <file>vs_freq.obj</file>
         <name>vs_freq.obj</name>
      </input_file>
      <input_file id="fl-7">
         <path>.\libraries\dacs\dac128s085\</path>
         <kind>object</kind>
         <file>dac128s085.obj</file>
         <name>dac128s085.obj</name>
      </input_file>
      <input_file id="fl-8">
         <path>.\libraries\filter\filter_fo\</path>
         <kind>object</kind>
         <file>filter_fo.obj</file>
         <name>filter_fo.obj</name>
      </input_file>
      <input_file id="fl-9">
         <path>.\libraries\observers\encoder\</path>
         <kind>object</kind>
         <file>encoder.obj</file>
         <name>encoder.obj</name>
      </input_file>
      <input_file id="fl-a">
         <path>.\libraries\observers\speedcalc\</path>
         <kind>object</kind>
         <file>speedcalc.obj</file>
         <name>speedcalc.obj</name>
      </input_file>
      <input_file id="fl-b">
         <path>.\libraries\observers\ssipd\</path>
         <kind>object</kind>
         <file>ssipd.obj</file>
         <name>ssipd.obj</name>
      </input_file>
      <input_file id="fl-c">
         <path>.\libraries\transforms\clarke\</path>
         <kind>object</kind>
         <file>clarke.obj</file>
         <name>clarke.obj</name>
      </input_file>
      <input_file id="fl-d">
         <path>.\libraries\transforms\ipark\</path>
         <kind>object</kind>
         <file>ipark.obj</file>
         <name>ipark.obj</name>
      </input_file>
      <input_file id="fl-e">
         <path>.\libraries\transforms\park\</path>
         <kind>object</kind>
         <file>park.obj</file>
         <name>park.obj</name>
      </input_file>
      <input_file id="fl-f">
         <path>.\libraries\transforms\svgen\</path>
         <kind>object</kind>
         <file>svgen.obj</file>
         <name>svgen.obj</name>
      </input_file>
      <input_file id="fl-10">
         <path>.\libraries\transforms\svgen\</path>
         <kind>object</kind>
         <file>svgen_current.obj</file>
         <name>svgen_current.obj</name>
      </input_file>
      <input_file id="fl-11">
         <path>.\libraries\utilities\angle_gen\</path>
         <kind>object</kind>
         <file>angle_gen.obj</file>
         <name>angle_gen.obj</name>
      </input_file>
      <input_file id="fl-12">
         <path>.\libraries\utilities\datalog\</path>
         <kind>object</kind>
         <file>datalogIF.obj</file>
         <name>datalogIF.obj</name>
      </input_file>
      <input_file id="fl-13">
         <path>.\libraries\utilities\step_response\</path>
         <kind>object</kind>
         <file>step_response.obj</file>
         <name>step_response.obj</name>
      </input_file>
      <input_file id="fl-14">
         <path>.\libraries\utilities\traj\</path>
         <kind>object</kind>
         <file>traj.obj</file>
         <name>traj.obj</name>
      </input_file>
      <input_file id="fl-15">
         <path>.\src_board\</path>
         <kind>object</kind>
         <file>hal.obj</file>
         <name>hal.obj</name>
      </input_file>
      <input_file id="fl-16">
         <path>.\syscfg\</path>
         <kind>object</kind>
         <file>board.obj</file>
         <name>board.obj</name>
      </input_file>
      <input_file id="fl-17">
         <path>.\syscfg\</path>
         <kind>object</kind>
         <file>device.obj</file>
         <name>device.obj</name>
      </input_file>
      <input_file id="fl-18">
         <path>.\syscfg\</path>
         <kind>object</kind>
         <file>c2000ware_libraries.obj</file>
         <name>c2000ware_libraries.obj</name>
      </input_file>
      <input_file id="fl-19">
         <path>.\src_board\</path>
         <kind>object</kind>
         <file>user_mtr1.obj</file>
         <name>user_mtr1.obj</name>
      </input_file>
      <input_file id="fl-1a">
         <path>.\src_control\</path>
         <kind>object</kind>
         <file>motor1_drive.obj</file>
         <name>motor1_drive.obj</name>
      </input_file>
      <input_file id="fl-1b">
         <path>.\src_control\</path>
         <kind>object</kind>
         <file>motor_common.obj</file>
         <name>motor_common.obj</name>
      </input_file>
      <input_file id="fl-1c">
         <path>.\src_device\</path>
         <kind>object</kind>
         <file>f28p65x_codestartbranch.obj</file>
         <name>f28p65x_codestartbranch.obj</name>
      </input_file>
      <input_file id="fl-1d">
         <path>.\src_device\</path>
         <kind>object</kind>
         <file>f28p65x_globalvariabledefs.obj</file>
         <name>f28p65x_globalvariabledefs.obj</name>
      </input_file>
      <input_file id="fl-23">
         <kind>object</kind>
         <file>&lt;internal&gt;</file>
         <name>&lt;internal&gt;</name>
      </input_file>
      <input_file id="fl-24">
         <path>..\src_device\</path>
         <kind>archive</kind>
         <file>driverlib.lib</file>
         <name>adc.obj</name>
      </input_file>
      <input_file id="fl-25">
         <path>..\src_device\</path>
         <kind>archive</kind>
         <file>driverlib.lib</file>
         <name>cmpss.obj</name>
      </input_file>
      <input_file id="fl-26">
         <path>..\src_device\</path>
         <kind>archive</kind>
         <file>driverlib.lib</file>
         <name>cputimer.obj</name>
      </input_file>
      <input_file id="fl-27">
         <path>..\src_device\</path>
         <kind>archive</kind>
         <file>driverlib.lib</file>
         <name>dcc.obj</name>
      </input_file>
      <input_file id="fl-28">
         <path>..\src_device\</path>
         <kind>archive</kind>
         <file>driverlib.lib</file>
         <name>eqep.obj</name>
      </input_file>
      <input_file id="fl-29">
         <path>..\src_device\</path>
         <kind>archive</kind>
         <file>driverlib.lib</file>
         <name>flash.obj</name>
      </input_file>
      <input_file id="fl-2a">
         <path>..\src_device\</path>
         <kind>archive</kind>
         <file>driverlib.lib</file>
         <name>gpio.obj</name>
      </input_file>
      <input_file id="fl-2b">
         <path>..\src_device\</path>
         <kind>archive</kind>
         <file>driverlib.lib</file>
         <name>interrupt.obj</name>
      </input_file>
      <input_file id="fl-2c">
         <path>..\src_device\</path>
         <kind>archive</kind>
         <file>driverlib.lib</file>
         <name>ipc.obj</name>
      </input_file>
      <input_file id="fl-2d">
         <path>..\src_device\</path>
         <kind>archive</kind>
         <file>driverlib.lib</file>
         <name>spi.obj</name>
      </input_file>
      <input_file id="fl-2e">
         <path>..\src_device\</path>
         <kind>archive</kind>
         <file>driverlib.lib</file>
         <name>sysctl.obj</name>
      </input_file>
      <input_file id="fl-2f">
         <path>..\src_device\</path>
         <kind>archive</kind>
         <file>driverlib.lib</file>
         <name>xbar.obj</name>
      </input_file>
      <input_file id="fl-3b">
         <path>C:\ti\ccs2030\ccs\tools\compiler\ti-cgt-c2000_22.6.2.LTS\lib\</path>
         <kind>archive</kind>
         <file>rts2800_fpu64_eabi.lib</file>
         <name>boot28.asm.obj</name>
      </input_file>
      <input_file id="fl-3c">
         <path>C:\ti\ccs2030\ccs\tools\compiler\ti-cgt-c2000_22.6.2.LTS\lib\</path>
         <kind>archive</kind>
         <file>rts2800_fpu64_eabi.lib</file>
         <name>fs_div28.asm.obj</name>
      </input_file>
      <input_file id="fl-3d">
         <path>C:\ti\ccs2030\ccs\tools\compiler\ti-cgt-c2000_22.6.2.LTS\lib\</path>
         <kind>archive</kind>
         <file>rts2800_fpu64_eabi.lib</file>
         <name>ll_cmp28.asm.obj</name>
      </input_file>
      <input_file id="fl-3e">
         <path>C:\ti\ccs2030\ccs\tools\compiler\ti-cgt-c2000_22.6.2.LTS\lib\</path>
         <kind>archive</kind>
         <file>rts2800_fpu64_eabi.lib</file>
         <name>memcpy.c.obj</name>
      </input_file>
      <input_file id="fl-3f">
         <path>C:\ti\ccs2030\ccs\tools\compiler\ti-cgt-c2000_22.6.2.LTS\lib\</path>
         <kind>archive</kind>
         <file>rts2800_fpu64_eabi.lib</file>
         <name>pre_init.c.obj</name>
      </input_file>
      <input_file id="fl-40">
         <path>C:\ti\ccs2030\ccs\tools\compiler\ti-cgt-c2000_22.6.2.LTS\lib\</path>
         <kind>archive</kind>
         <file>rts2800_fpu64_eabi.lib</file>
         <name>autoinit.c.obj</name>
      </input_file>
      <input_file id="fl-41">
         <path>C:\ti\ccs2030\ccs\tools\compiler\ti-cgt-c2000_22.6.2.LTS\lib\</path>
         <kind>archive</kind>
         <file>rts2800_fpu64_eabi.lib</file>
         <name>copy_zero_init.c.obj</name>
      </input_file>
      <input_file id="fl-42">
         <path>C:\ti\ccs2030\ccs\tools\compiler\ti-cgt-c2000_22.6.2.LTS\lib\</path>
         <kind>archive</kind>
         <file>rts2800_fpu64_eabi.lib</file>
         <name>copy_decompress_none.c.obj</name>
      </input_file>
      <input_file id="fl-43">
         <path>C:\ti\ccs2030\ccs\tools\compiler\ti-cgt-c2000_22.6.2.LTS\lib\</path>
         <kind>archive</kind>
         <file>rts2800_fpu64_eabi.lib</file>
         <name>copy_decompress_lzss.c.obj</name>
      </input_file>
      <input_file id="fl-44">
         <path>C:\ti\ccs2030\ccs\tools\compiler\ti-cgt-c2000_22.6.2.LTS\lib\</path>
         <kind>archive</kind>
         <file>rts2800_fpu64_eabi.lib</file>
         <name>exit.c.obj</name>
      </input_file>
      <input_file id="fl-45">
         <path>C:\ti\ccs2030\ccs\tools\compiler\ti-cgt-c2000_22.6.2.LTS\lib\</path>
         <kind>archive</kind>
         <file>rts2800_fpu64_eabi.lib</file>
         <name>_lock.c.obj</name>
      </input_file>
      <input_file id="fl-46">
         <path>C:\ti\ccs2030\ccs\tools\compiler\ti-cgt-c2000_22.6.2.LTS\lib\</path>
         <kind>archive</kind>
         <file>rts2800_fpu64_eabi.lib</file>
         <name>args_main.c.obj</name>
      </input_file>
      <input_file id="fl-47">
         <path>C:\ti\ccs2030\ccs\tools\compiler\ti-cgt-c2000_22.6.2.LTS\lib\</path>
         <kind>archive</kind>
         <file>rts2800_fpu64_eabi.lib</file>
         <name>memset.c.obj</name>
      </input_file>
      <input_file id="fl-48">
         <path>C:\ti\ccs2030\ccs\tools\compiler\ti-cgt-c2000_22.6.2.LTS\lib\</path>
         <kind>archive</kind>
         <file>rts2800_fpu64_eabi.lib</file>
         <name>cpy_tbl.c.obj</name>
      </input_file>
      <input_file id="fl-49">
         <path>C:\ti\ccs2030\ccs\tools\compiler\ti-cgt-c2000_22.6.2.LTS\lib\</path>
         <kind>archive</kind>
         <file>rts2800_fpu64_eabi.lib</file>
         <name>startup.c.obj</name>
      </input_file>
   </input_file_list>
   <object_component_list>
      <object_component id="oc-95">
         <name>codestart</name>
         <load_address>0x80000</load_address>
         <run_address>0x80000</run_address>
         <size>0x2</size>
         <input_file_ref idref="fl-1c"/>
      </object_component>
      <object_component id="oc-27f">
         <name>.text:SYSCTL_init</name>
         <load_address>0x80008</load_address>
         <run_address>0x80008</run_address>
         <size>0x774</size>
         <input_file_ref idref="fl-16"/>
      </object_component>
      <object_component id="oc-2d3">
         <name>.text:EPWM_init</name>
         <load_address>0x8077c</load_address>
         <run_address>0x8077c</run_address>
         <size>0x455</size>
         <input_file_ref idref="fl-16"/>
      </object_component>
      <object_component id="oc-1c8">
         <name>.text</name>
         <load_address>0x80bd1</load_address>
         <run_address>0x80bd1</run_address>
         <size>0x1</size>
         <input_file_ref idref="fl-49"/>
      </object_component>
      <object_component id="oc-21f">
         <name>.text:runMotor1OffsetsCalculation</name>
         <load_address>0x80bd2</load_address>
         <run_address>0x80bd2</run_address>
         <size>0x2cb</size>
         <input_file_ref idref="fl-1a"/>
      </object_component>
      <object_component id="oc-237">
         <name>.text:runMotor1Control</name>
         <load_address>0x80e9d</load_address>
         <run_address>0x80e9d</run_address>
         <size>0x262</size>
         <input_file_ref idref="fl-1a"/>
      </object_component>
      <object_component id="oc-213">
         <name>.text:initMotor1CtrlParameters</name>
         <load_address>0x810ff</load_address>
         <run_address>0x810ff</run_address>
         <size>0x240</size>
         <input_file_ref idref="fl-1a"/>
      </object_component>
      <object_component id="oc-231">
         <name>.text:runMotorMonitor</name>
         <load_address>0x8133f</load_address>
         <run_address>0x8133f</run_address>
         <size>0x1af</size>
         <input_file_ref idref="fl-1b"/>
      </object_component>
      <object_component id="oc-1b5">
         <name>.text:main</name>
         <load_address>0x814ee</load_address>
         <run_address>0x814ee</run_address>
         <size>0x130</size>
         <input_file_ref idref="fl-2"/>
      </object_component>
      <object_component id="oc-263">
         <name>.text:SysCtl_setClock</name>
         <load_address>0x8161e</load_address>
         <run_address>0x8161e</run_address>
         <size>0x11e</size>
         <input_file_ref idref="fl-2e"/>
      </object_component>
      <object_component id="oc-35e">
         <name>.text:setupControllers</name>
         <load_address>0x8173c</load_address>
         <run_address>0x8173c</run_address>
         <size>0x11e</size>
         <input_file_ref idref="fl-1b"/>
      </object_component>
      <object_component id="oc-279">
         <name>.text:PinMux_init</name>
         <load_address>0x8185a</load_address>
         <run_address>0x8185a</run_address>
         <size>0x10a</size>
         <input_file_ref idref="fl-16"/>
      </object_component>
      <object_component id="oc-3ab">
         <name>.text:SysCtl_isPLLValid</name>
         <load_address>0x81964</load_address>
         <run_address>0x81964</run_address>
         <size>0xff</size>
         <input_file_ref idref="fl-2e"/>
      </object_component>
      <object_component id="oc-269">
         <name>.text:SysCtl_setAuxClock</name>
         <load_address>0x81a63</load_address>
         <run_address>0x81a63</run_address>
         <size>0xe9</size>
         <input_file_ref idref="fl-2e"/>
      </object_component>
      <object_component id="oc-297">
         <name>.text:ADCA_CONFIG_init</name>
         <load_address>0x81b4c</load_address>
         <run_address>0x81b4c</run_address>
         <size>0xd9</size>
         <input_file_ref idref="fl-16"/>
      </object_component>
      <object_component id="oc-2b5">
         <name>.text:MTR1_CMPSS_V_init</name>
         <load_address>0x81c25</load_address>
         <run_address>0x81c25</run_address>
         <size>0xc5</size>
         <input_file_ref idref="fl-16"/>
      </object_component>
      <object_component id="oc-2bb">
         <name>.text:MTR1_CMPSS_W_init</name>
         <load_address>0x81cea</load_address>
         <run_address>0x81cea</run_address>
         <size>0xc1</size>
         <input_file_ref idref="fl-16"/>
      </object_component>
      <object_component id="oc-2af">
         <name>.text:MTR1_CMPSS_U_L_init</name>
         <load_address>0x81dab</load_address>
         <run_address>0x81dab</run_address>
         <size>0xc0</size>
         <input_file_ref idref="fl-16"/>
      </object_component>
      <object_component id="oc-2a9">
         <name>.text:MTR1_CMPSS_U_H_init</name>
         <load_address>0x81e6b</load_address>
         <run_address>0x81e6b</run_address>
         <size>0xb9</size>
         <input_file_ref idref="fl-16"/>
      </object_component>
      <object_component id="oc-29d">
         <name>.text:ADCB_CONFIG_init</name>
         <load_address>0x81f24</load_address>
         <run_address>0x81f24</run_address>
         <size>0xb2</size>
         <input_file_ref idref="fl-16"/>
      </object_component>
      <object_component id="oc-2a3">
         <name>.text:ADCC_CONFIG_init</name>
         <load_address>0x81fd6</load_address>
         <run_address>0x81fd6</run_address>
         <size>0xb2</size>
         <input_file_ref idref="fl-16"/>
      </object_component>
      <object_component id="oc-2fe">
         <name>.text:USER_setMotor1Params</name>
         <load_address>0x82088</load_address>
         <run_address>0x82088</run_address>
         <size>0xaa</size>
         <input_file_ref idref="fl-19"/>
      </object_component>
      <object_component id="oc-2df">
         <name>.text:MTR1_QEP_init</name>
         <load_address>0x82132</load_address>
         <run_address>0x82132</run_address>
         <size>0x9a</size>
         <input_file_ref idref="fl-16"/>
      </object_component>
      <object_component id="oc-1e9">
         <name>.text:Device_init</name>
         <load_address>0x821cc</load_address>
         <run_address>0x821cc</run_address>
         <size>0x8d</size>
         <input_file_ref idref="fl-17"/>
      </object_component>
      <object_component id="oc-49b">
         <name>.text</name>
         <load_address>0x82259</load_address>
         <run_address>0x82259</run_address>
         <size>0x88</size>
         <input_file_ref idref="fl-3c"/>
      </object_component>
      <object_component id="oc-22b">
         <name>.text:calculateRMSData</name>
         <load_address>0x822e1</load_address>
         <run_address>0x822e1</run_address>
         <size>0x79</size>
         <input_file_ref idref="fl-1b"/>
      </object_component>
      <object_component id="oc-383">
         <name>.text:resetMotorControl</name>
         <load_address>0x8235a</load_address>
         <run_address>0x8235a</run_address>
         <size>0x75</size>
         <input_file_ref idref="fl-1b"/>
      </object_component>
      <object_component id="oc-152">
         <name>.text:Interrupt_clearIFR</name>
         <load_address>0x823cf</load_address>
         <run_address>0x823cf</run_address>
         <size>0x74</size>
         <input_file_ref idref="fl-2b"/>
      </object_component>
      <object_component id="oc-3c4">
         <name>.text:GPIO_setAnalogMode</name>
         <load_address>0x82443</load_address>
         <run_address>0x82443</run_address>
         <size>0x5a</size>
         <input_file_ref idref="fl-2a"/>
      </object_component>
      <object_component id="oc-26f">
         <name>.text:SysCtl_selectOscSourceAuxPLL</name>
         <load_address>0x8249d</load_address>
         <run_address>0x8249d</run_address>
         <size>0x4d</size>
         <input_file_ref idref="fl-2e"/>
      </object_component>
      <object_component id="oc-2eb">
         <name>.text:DAC_SPI_init</name>
         <load_address>0x824ea</load_address>
         <run_address>0x824ea</run_address>
         <size>0x4b</size>
         <input_file_ref idref="fl-16"/>
      </object_component>
      <object_component id="oc-11c">
         <name>.text:Interrupt_disable</name>
         <load_address>0x82535</load_address>
         <run_address>0x82535</run_address>
         <size>0x4a</size>
         <input_file_ref idref="fl-2b"/>
      </object_component>
      <object_component id="oc-105">
         <name>.text:collectRMSData</name>
         <load_address>0x8257f</load_address>
         <run_address>0x8257f</run_address>
         <size>0x4a</size>
         <input_file_ref idref="fl-1b"/>
      </object_component>
      <object_component id="oc-389">
         <name>.text:updateGlobalVariables</name>
         <load_address>0x825c9</load_address>
         <run_address>0x825c9</run_address>
         <size>0x49</size>
         <input_file_ref idref="fl-1b"/>
      </object_component>
      <object_component id="oc-494">
         <name>.text:SysCtl_selectXTAL</name>
         <load_address>0x82612</load_address>
         <run_address>0x82612</run_address>
         <size>0x45</size>
         <input_file_ref idref="fl-2e"/>
      </object_component>
      <object_component id="oc-4b0">
         <name>.text:ADC_setINLTrim</name>
         <load_address>0x82658</load_address>
         <run_address>0x82658</run_address>
         <size>0x41</size>
         <input_file_ref idref="fl-24"/>
      </object_component>
      <object_component id="oc-2c7">
         <name>.text:CPUTIMER_CpuUsage_init</name>
         <load_address>0x82699</load_address>
         <run_address>0x82699</run_address>
         <size>0x41</size>
         <input_file_ref idref="fl-16"/>
      </object_component>
      <object_component id="oc-1f5">
         <name>.text:Interrupt_initModule</name>
         <load_address>0x826da</load_address>
         <run_address>0x826da</run_address>
         <size>0x41</size>
         <input_file_ref idref="fl-2b"/>
      </object_component>
      <object_component id="oc-3ca">
         <name>.text:GPIO_setPadConfig</name>
         <load_address>0x8271b</load_address>
         <run_address>0x8271b</run_address>
         <size>0x3f</size>
         <input_file_ref idref="fl-2a"/>
      </object_component>
      <object_component id="oc-434">
         <name>.text:XBAR_setEPWMMuxConfig</name>
         <load_address>0x8275a</load_address>
         <run_address>0x8275a</run_address>
         <size>0x3f</size>
         <input_file_ref idref="fl-2f"/>
      </object_component>
      <object_component id="oc-3b4">
         <name>.text:SysCtl_pollX1Counter</name>
         <load_address>0x82799</load_address>
         <run_address>0x82799</run_address>
         <size>0x3e</size>
         <input_file_ref idref="fl-2e"/>
      </object_component>
      <object_component id="oc-304">
         <name>.text:HAL_MTR_setParams</name>
         <load_address>0x827d7</load_address>
         <run_address>0x827d7</run_address>
         <size>0x3b</size>
         <input_file_ref idref="fl-15"/>
      </object_component>
      <object_component id="oc-10b">
         <name>.text:Interrupt_enable</name>
         <load_address>0x82812</load_address>
         <run_address>0x82812</run_address>
         <size>0x36</size>
         <input_file_ref idref="fl-2b"/>
      </object_component>
      <object_component id="oc-43e">
         <name>.text:EQEP_setInputPolarity</name>
         <load_address>0x82848</load_address>
         <run_address>0x82848</run_address>
         <size>0x35</size>
         <input_file_ref idref="fl-28"/>
      </object_component>
      <object_component id="oc-2c1">
         <name>.text:CPUTIMER_TimeBase_init</name>
         <load_address>0x8287d</load_address>
         <run_address>0x8287d</run_address>
         <size>0x32</size>
         <input_file_ref idref="fl-16"/>
      </object_component>
      <object_component id="oc-328">
         <name>.text:SPDCALC_setParams</name>
         <load_address>0x828af</load_address>
         <run_address>0x828af</run_address>
         <size>0x32</size>
         <input_file_ref idref="fl-a"/>
      </object_component>
      <object_component id="oc-3ff">
         <name>.text:ADC_setPPBTripLimits</name>
         <load_address>0x828e1</load_address>
         <run_address>0x828e1</run_address>
         <size>0x31</size>
         <input_file_ref idref="fl-24"/>
      </object_component>
      <object_component id="oc-37d">
         <name>.text:restartMotorControl</name>
         <load_address>0x82912</load_address>
         <run_address>0x82912</run_address>
         <size>0x31</size>
         <input_file_ref idref="fl-1b"/>
      </object_component>
      <object_component id="oc-3be">
         <name>.text:GPIO_setPinConfig</name>
         <load_address>0x82943</load_address>
         <run_address>0x82943</run_address>
         <size>0x30</size>
         <input_file_ref idref="fl-2a"/>
      </object_component>
      <object_component id="oc-2f4">
         <name>.text:HAL_MTR1_init</name>
         <load_address>0x82973</load_address>
         <run_address>0x82973</run_address>
         <size>0x2f</size>
         <input_file_ref idref="fl-15"/>
      </object_component>
      <object_component id="oc-225">
         <name>.text:calcMotorOverCurrentThreshold</name>
         <load_address>0x829a2</load_address>
         <run_address>0x829a2</run_address>
         <size>0x2e</size>
         <input_file_ref idref="fl-1b"/>
      </object_component>
      <object_component id="oc-88">
         <name>.text:decompress:lzss</name>
         <load_address>0x829d0</load_address>
         <run_address>0x829d0</run_address>
         <size>0x2e</size>
         <input_file_ref idref="fl-43"/>
      </object_component>
      <object_component id="oc-3f3">
         <name>.text:ADC_setVREF</name>
         <load_address>0x829fe</load_address>
         <run_address>0x829fe</run_address>
         <size>0x2d</size>
         <input_file_ref idref="fl-24"/>
      </object_component>
      <object_component id="oc-1fb">
         <name>.text:Board_init</name>
         <load_address>0x82a2b</load_address>
         <run_address>0x82a2b</run_address>
         <size>0x2d</size>
         <input_file_ref idref="fl-16"/>
      </object_component>
      <object_component id="oc-201">
         <name>.text:HAL_init</name>
         <load_address>0x82a58</load_address>
         <run_address>0x82a58</run_address>
         <size>0x2d</size>
         <input_file_ref idref="fl-15"/>
      </object_component>
      <object_component id="oc-2d9">
         <name>.text:MTR1_IS_TRIP_CMPSS_init</name>
         <load_address>0x82a85</load_address>
         <run_address>0x82a85</run_address>
         <size>0x2d</size>
         <input_file_ref idref="fl-16"/>
      </object_component>
      <object_component id="oc-3a5">
         <name>.text:SysCtl_selectOscSource</name>
         <load_address>0x82ab2</load_address>
         <run_address>0x82ab2</run_address>
         <size>0x2b</size>
         <input_file_ref idref="fl-2e"/>
      </object_component>
      <object_component id="oc-185">
         <name>.text:__TI_auto_init_nobinit_nopinit</name>
         <load_address>0x82add</load_address>
         <run_address>0x82add</run_address>
         <size>0x2b</size>
         <input_file_ref idref="fl-40"/>
      </object_component>
      <object_component id="oc-171">
         <name>.text</name>
         <load_address>0x82b08</load_address>
         <run_address>0x82b08</run_address>
         <size>0x29</size>
         <input_file_ref idref="fl-44"/>
      </object_component>
      <object_component id="oc-41a">
         <name>.text:CMPSS_configRampLow</name>
         <load_address>0x82b31</load_address>
         <run_address>0x82b31</run_address>
         <size>0x28</size>
         <input_file_ref idref="fl-25"/>
      </object_component>
      <object_component id="oc-414">
         <name>.text:CMPSS_configRampHigh</name>
         <load_address>0x82b59</load_address>
         <run_address>0x82b59</run_address>
         <size>0x24</size>
         <input_file_ref idref="fl-25"/>
      </object_component>
      <object_component id="oc-2cd">
         <name>.text:MTR1_DAC_init</name>
         <load_address>0x82b7d</load_address>
         <run_address>0x82b7d</run_address>
         <size>0x23</size>
         <input_file_ref idref="fl-16"/>
      </object_component>
      <object_component id="oc-451">
         <name>.text:GPIO_setControllerCore</name>
         <load_address>0x82ba0</load_address>
         <run_address>0x82ba0</run_address>
         <size>0x22</size>
         <input_file_ref idref="fl-2a"/>
      </object_component>
      <object_component id="oc-3d0">
         <name>.text:GPIO_setQualificationMode</name>
         <load_address>0x82bc2</load_address>
         <run_address>0x82bc2</run_address>
         <size>0x22</size>
         <input_file_ref idref="fl-2a"/>
      </object_component>
      <object_component id="oc-3d7">
         <name>.text:SysCtl_configureType</name>
         <load_address>0x82be4</load_address>
         <run_address>0x82be4</run_address>
         <size>0x21</size>
         <input_file_ref idref="fl-2e"/>
      </object_component>
      <object_component id="oc-48e">
         <name>.text:SysCtl_selectXTALSingleEnded</name>
         <load_address>0x82c05</load_address>
         <run_address>0x82c05</run_address>
         <size>0x21</size>
         <input_file_ref idref="fl-2e"/>
      </object_component>
      <object_component id="oc-1ef">
         <name>.text:Device_initGPIO</name>
         <load_address>0x82c26</load_address>
         <run_address>0x82c26</run_address>
         <size>0x20</size>
         <input_file_ref idref="fl-17"/>
      </object_component>
      <object_component id="oc-44b">
         <name>.text:GPIO_setDirectionMode</name>
         <load_address>0x82c46</load_address>
         <run_address>0x82c46</run_address>
         <size>0x20</size>
         <input_file_ref idref="fl-2a"/>
      </object_component>
      <object_component id="oc-358">
         <name>.text:HAL_setTriggerPrams</name>
         <load_address>0x82c66</load_address>
         <run_address>0x82c66</run_address>
         <size>0x20</size>
         <input_file_ref idref="fl-15"/>
      </object_component>
      <object_component id="oc-377">
         <name>.text:stopMotorControl</name>
         <load_address>0x82c86</load_address>
         <run_address>0x82c86</run_address>
         <size>0x20</size>
         <input_file_ref idref="fl-1b"/>
      </object_component>
      <object_component id="oc-45e">
         <name>.text:SPI_setConfig</name>
         <load_address>0x82ca6</load_address>
         <run_address>0x82ca6</run_address>
         <size>0x1f</size>
         <input_file_ref idref="fl-2d"/>
      </object_component>
      <object_component id="oc-e8">
         <name>.text</name>
         <load_address>0x82cc5</load_address>
         <run_address>0x82cc5</run_address>
         <size>0x1d</size>
         <input_file_ref idref="fl-3e"/>
      </object_component>
      <object_component id="oc-408">
         <name>.text:CMPSS_configFilterHigh</name>
         <load_address>0x82ce2</load_address>
         <run_address>0x82ce2</run_address>
         <size>0x1c</size>
         <input_file_ref idref="fl-25"/>
      </object_component>
      <object_component id="oc-40e">
         <name>.text:CMPSS_configFilterLow</name>
         <load_address>0x82cfe</load_address>
         <run_address>0x82cfe</run_address>
         <size>0x1c</size>
         <input_file_ref idref="fl-25"/>
      </object_component>
      <object_component id="oc-da">
         <name>.text:IPC_unregisterInterrupt</name>
         <load_address>0x82d1a</load_address>
         <run_address>0x82d1a</run_address>
         <size>0x1c</size>
         <input_file_ref idref="fl-2c"/>
      </object_component>
      <object_component id="oc-36d">
         <name>.text:HAL_setMtrCMPSSDACValue</name>
         <load_address>0x82d36</load_address>
         <run_address>0x82d36</run_address>
         <size>0x1b</size>
         <input_file_ref idref="fl-15"/>
      </object_component>
      <object_component id="oc-3e9">
         <name>.text:SysCtl_enablePeripheral</name>
         <load_address>0x82d51</load_address>
         <run_address>0x82d51</run_address>
         <size>0x19</size>
         <input_file_ref idref="fl-16"/>
      </object_component>
      <object_component id="oc-136">
         <name>.text</name>
         <load_address>0x82d6a</load_address>
         <run_address>0x82d6a</run_address>
         <size>0x19</size>
         <input_file_ref idref="fl-3b"/>
      </object_component>
      <object_component id="oc-334">
         <name>.text:setupClarke_I</name>
         <load_address>0x82d83</load_address>
         <run_address>0x82d83</run_address>
         <size>0x19</size>
         <input_file_ref idref="fl-1b"/>
      </object_component>
      <object_component id="oc-31c">
         <name>.text:ENC_setParams</name>
         <load_address>0x82d9c</load_address>
         <run_address>0x82d9c</run_address>
         <size>0x18</size>
         <input_file_ref idref="fl-9"/>
      </object_component>
      <object_component id="oc-2e5">
         <name>.text:GPIO_init</name>
         <load_address>0x82db4</load_address>
         <run_address>0x82db4</run_address>
         <size>0x18</size>
         <input_file_ref idref="fl-16"/>
      </object_component>
      <object_component id="oc-457">
         <name>.text:LAUNCHPAD_LED1_init</name>
         <load_address>0x82dcc</load_address>
         <run_address>0x82dcc</run_address>
         <size>0x18</size>
         <input_file_ref idref="fl-16"/>
      </object_component>
      <object_component id="oc-445">
         <name>.text:MTR1_GATE_EN_init</name>
         <load_address>0x82de4</load_address>
         <run_address>0x82de4</run_address>
         <size>0x18</size>
         <input_file_ref idref="fl-16"/>
      </object_component>
      <object_component id="oc-420">
         <name>.text:CMPSS_configLatchOnPWMSYNC</name>
         <load_address>0x82dfc</load_address>
         <run_address>0x82dfc</run_address>
         <size>0x15</size>
         <input_file_ref idref="fl-25"/>
      </object_component>
      <object_component id="oc-c9">
         <name>.text:Interrupt_initVectorTable</name>
         <load_address>0x82e11</load_address>
         <run_address>0x82e11</run_address>
         <size>0x15</size>
         <input_file_ref idref="fl-2b"/>
      </object_component>
      <object_component id="oc-3dd">
         <name>.text:SysCtl_selectCPUForPeripheralInstance</name>
         <load_address>0x82e26</load_address>
         <run_address>0x82e26</run_address>
         <size>0x15</size>
         <input_file_ref idref="fl-16"/>
      </object_component>
      <object_component id="oc-20d">
         <name>.text:initMotor1Handles</name>
         <load_address>0x82e3b</load_address>
         <run_address>0x82e3b</run_address>
         <size>0x15</size>
         <input_file_ref idref="fl-1a"/>
      </object_component>
      <object_component id="oc-366">
         <name>.text:HAL_enableDRV</name>
         <load_address>0x82e50</load_address>
         <run_address>0x82e50</run_address>
         <size>0x12</size>
         <input_file_ref idref="fl-15"/>
      </object_component>
      <object_component id="oc-3e3">
         <name>.text:SysCtl_setPeripheralAccessControl</name>
         <load_address>0x82e62</load_address>
         <run_address>0x82e62</run_address>
         <size>0x12</size>
         <input_file_ref idref="fl-16"/>
      </object_component>
      <object_component id="oc-3f9">
         <name>.text:ADC_setMode</name>
         <load_address>0x82e74</load_address>
         <run_address>0x82e74</run_address>
         <size>0x11</size>
         <input_file_ref idref="fl-24"/>
      </object_component>
      <object_component id="oc-28b">
         <name>.text:SYNC_init</name>
         <load_address>0x82e85</load_address>
         <run_address>0x82e85</run_address>
         <size>0x11</size>
         <input_file_ref idref="fl-16"/>
      </object_component>
      <object_component id="oc-219">
         <name>.text:HAL_MTR_setGateDriver</name>
         <load_address>0x82e96</load_address>
         <run_address>0x82e96</run_address>
         <size>0x10</size>
         <input_file_ref idref="fl-15"/>
      </object_component>
      <object_component id="oc-207">
         <name>.text:HAL_setParams</name>
         <load_address>0x82ea6</load_address>
         <run_address>0x82ea6</run_address>
         <size>0xe</size>
         <input_file_ref idref="fl-15"/>
      </object_component>
      <object_component id="oc-310">
         <name>.text:ANGLE_GEN_setParams</name>
         <load_address>0x82eb4</load_address>
         <run_address>0x82eb4</run_address>
         <size>0xd</size>
         <input_file_ref idref="fl-11"/>
      </object_component>
      <object_component id="oc-f0">
         <name>.text:decompress:ZI:__TI_zero_init_nomemset</name>
         <load_address>0x82ec1</load_address>
         <run_address>0x82ec1</run_address>
         <size>0xd</size>
         <input_file_ref idref="fl-41"/>
      </object_component>
      <object_component id="oc-bc">
         <name>.text:INTERRUPT_init</name>
         <load_address>0x82ece</load_address>
         <run_address>0x82ece</run_address>
         <size>0xc</size>
         <input_file_ref idref="fl-16"/>
      </object_component>
      <object_component id="oc-d9">
         <name>.text:Interrupt_defaultHandler</name>
         <load_address>0x82eda</load_address>
         <run_address>0x82eda</run_address>
         <size>0xc</size>
         <input_file_ref idref="fl-2b"/>
      </object_component>
      <object_component id="oc-16b">
         <name>.text</name>
         <load_address>0x82ee6</load_address>
         <run_address>0x82ee6</run_address>
         <size>0xc</size>
         <input_file_ref idref="fl-46"/>
      </object_component>
      <object_component id="oc-291">
         <name>.text:ASYSCTL_init</name>
         <load_address>0x82ef2</load_address>
         <run_address>0x82ef2</run_address>
         <size>0xb</size>
         <input_file_ref idref="fl-16"/>
      </object_component>
      <object_component id="oc-d3">
         <name>.text:Interrupt_illegalOperationHandler</name>
         <load_address>0x82efd</load_address>
         <run_address>0x82efd</run_address>
         <size>0xa</size>
         <input_file_ref idref="fl-2b"/>
      </object_component>
      <object_component id="oc-c7">
         <name>.text:Interrupt_nmiHandler</name>
         <load_address>0x82f07</load_address>
         <run_address>0x82f07</run_address>
         <size>0xa</size>
         <input_file_ref idref="fl-2b"/>
      </object_component>
      <object_component id="oc-285">
         <name>.text:MTR1_PM_nFAULT_IN_init</name>
         <load_address>0x82f11</load_address>
         <run_address>0x82f11</run_address>
         <size>0x9</size>
         <input_file_ref idref="fl-16"/>
      </object_component>
      <object_component id="oc-244">
         <name>.text</name>
         <load_address>0x82f1a</load_address>
         <run_address>0x82f1a</run_address>
         <size>0x9</size>
         <input_file_ref idref="fl-45"/>
      </object_component>
      <object_component id="oc-8e">
         <name>.text:decompress:none</name>
         <load_address>0x82f23</load_address>
         <run_address>0x82f23</run_address>
         <size>0x8</size>
         <input_file_ref idref="fl-42"/>
      </object_component>
      <object_component id="oc-fc">
         <name>.text</name>
         <load_address>0x82f2b</load_address>
         <run_address>0x82f2b</run_address>
         <size>0x8</size>
         <input_file_ref idref="fl-1c"/>
      </object_component>
      <object_component id="oc-1e3">
         <name>.text:HAL_clearDataRAM</name>
         <load_address>0x82f33</load_address>
         <run_address>0x82f33</run_address>
         <size>0x7</size>
         <input_file_ref idref="fl-15"/>
      </object_component>
      <object_component id="oc-4b6">
         <name>.text:ADC_setOffsetTrim</name>
         <load_address>0x82f3a</load_address>
         <run_address>0x82f3a</run_address>
         <size>0x6</size>
         <input_file_ref idref="fl-24"/>
      </object_component>
      <object_component id="oc-30a">
         <name>.text:ANGLE_GEN_init</name>
         <load_address>0x82f40</load_address>
         <run_address>0x82f40</run_address>
         <size>0x6</size>
         <input_file_ref idref="fl-11"/>
      </object_component>
      <object_component id="oc-42a">
         <name>.text:CPUTimer_setEmulationMode</name>
         <load_address>0x82f46</load_address>
         <run_address>0x82f46</run_address>
         <size>0x6</size>
         <input_file_ref idref="fl-26"/>
      </object_component>
      <object_component id="oc-316">
         <name>.text:ENC_init</name>
         <load_address>0x82f4c</load_address>
         <run_address>0x82f4c</run_address>
         <size>0x6</size>
         <input_file_ref idref="fl-9"/>
      </object_component>
      <object_component id="oc-322">
         <name>.text:SPDCALC_init</name>
         <load_address>0x82f52</load_address>
         <run_address>0x82f52</run_address>
         <size>0x6</size>
         <input_file_ref idref="fl-a"/>
      </object_component>
      <object_component id="oc-32e">
         <name>.text:CLARKE_init</name>
         <load_address>0x82f58</load_address>
         <run_address>0x82f58</run_address>
         <size>0x4</size>
         <input_file_ref idref="fl-c"/>
      </object_component>
      <object_component id="oc-33a">
         <name>.text:IPARK_init</name>
         <load_address>0x82f5c</load_address>
         <run_address>0x82f5c</run_address>
         <size>0x4</size>
         <input_file_ref idref="fl-d"/>
      </object_component>
      <object_component id="oc-340">
         <name>.text:PARK_init</name>
         <load_address>0x82f60</load_address>
         <run_address>0x82f60</run_address>
         <size>0x4</size>
         <input_file_ref idref="fl-e"/>
      </object_component>
      <object_component id="oc-346">
         <name>.text:PI_init</name>
         <load_address>0x82f64</load_address>
         <run_address>0x82f64</run_address>
         <size>0x4</size>
         <input_file_ref idref="fl-5"/>
      </object_component>
      <object_component id="oc-352">
         <name>.text:SVGEN_init</name>
         <load_address>0x82f68</load_address>
         <run_address>0x82f68</run_address>
         <size>0x4</size>
         <input_file_ref idref="fl-f"/>
      </object_component>
      <object_component id="oc-34c">
         <name>.text:TRAJ_init</name>
         <load_address>0x82f6c</load_address>
         <run_address>0x82f6c</run_address>
         <size>0x4</size>
         <input_file_ref idref="fl-14"/>
      </object_component>
      <object_component id="oc-164">
         <name>.text</name>
         <load_address>0x82f70</load_address>
         <run_address>0x82f70</run_address>
         <size>0x2</size>
         <input_file_ref idref="fl-3f"/>
      </object_component>
      <object_component id="oc-14a">
         <name>MSGRAM_CPU1_TO_CPU2</name>
         <uninitialized>true</uninitialized>
         <run_address>0x3a000</run_address>
         <size>0x88</size>
         <input_file_ref idref="fl-2c"/>
      </object_component>
      <object_component id="oc-14d">
         <name>MSGRAM_CPU2_TO_CPU1</name>
         <uninitialized>true</uninitialized>
         <run_address>0x3b000</run_address>
         <size>0x88</size>
         <input_file_ref idref="fl-2c"/>
      </object_component>
      <object_component id="oc-bb">
         <name>.TI.ramfunc:motor1CtrlISR</name>
         <load_address>0x82f78</load_address>
         <run_address>0x8000</run_address>
         <size>0x4f1</size>
         <input_file_ref idref="fl-1a"/>
      </object_component>
      <object_component id="oc-25d">
         <name>.TI.ramfunc:Flash_initModule</name>
         <load_address>0x83469</load_address>
         <run_address>0x84f1</run_address>
         <size>0x57</size>
         <input_file_ref idref="fl-29"/>
      </object_component>
      <object_component id="oc-365">
         <name>.TI.ramfunc</name>
         <load_address>0x834c0</load_address>
         <run_address>0x8548</run_address>
         <size>0x4</size>
         <input_file_ref idref="fl-2e"/>
      </object_component>
      <object_component id="oc-5a4">
         <name>.cinit..data.load</name>
         <load_address>0x90008</load_address>
         <run_address>0x90008</run_address>
         <size>0x9</size>
      </object_component>
      <object_component id="oc-5a2">
         <name>__TI_handler_table</name>
         <load_address>0x90012</load_address>
         <run_address>0x90012</run_address>
         <size>0x6</size>
      </object_component>
      <object_component id="oc-5a7">
         <name>.cinit.foc_data.load</name>
         <load_address>0x90018</load_address>
         <run_address>0x90018</run_address>
         <size>0x4</size>
      </object_component>
      <object_component id="oc-5a5">
         <name>.cinit.hal_data.load</name>
         <load_address>0x9001c</load_address>
         <run_address>0x9001c</run_address>
         <size>0x4</size>
      </object_component>
      <object_component id="oc-5a8">
         <name>.cinit.sys_data.load</name>
         <load_address>0x90020</load_address>
         <run_address>0x90020</run_address>
         <size>0x4</size>
      </object_component>
      <object_component id="oc-5a6">
         <name>.cinit.user_data.load</name>
         <load_address>0x90024</load_address>
         <run_address>0x90024</run_address>
         <size>0x4</size>
      </object_component>
      <object_component id="oc-5a3">
         <name>__TI_cinit_table</name>
         <load_address>0x90028</load_address>
         <run_address>0x90028</run_address>
         <size>0x14</size>
      </object_component>
      <object_component id="oc-e5">
         <name>.stack</name>
         <uninitialized>true</uninitialized>
         <run_address>0x1b2</run_address>
         <size>0x0</size>
         <input_file_ref idref="fl-3b"/>
      </object_component>
      <object_component id="oc-5a9">
         <name>.stack</name>
         <uninitialized>true</uninitialized>
         <run_address>0x1b2</run_address>
         <size>0x0</size>
      </object_component>
      <object_component id="oc-119">
         <name>.const:IPC_Instance</name>
         <load_address>0x834c8</load_address>
         <run_address>0x834c8</run_address>
         <size>0x44</size>
         <input_file_ref idref="fl-2c"/>
      </object_component>
      <object_component id="oc-43b">
         <name>.const</name>
         <load_address>0x8350c</load_address>
         <run_address>0x8350c</run_address>
         <size>0x3</size>
         <input_file_ref idref="fl-16"/>
      </object_component>
      <object_component id="oc-1bd">
         <name>.data</name>
         <load_address>0x6cc</load_address>
         <run_address>0x6cc</run_address>
         <size>0x6</size>
         <input_file_ref idref="fl-44"/>
      </object_component>
      <object_component id="oc-1c0">
         <name>.data:_lock</name>
         <load_address>0x6d2</load_address>
         <run_address>0x6d2</run_address>
         <size>0x2</size>
         <input_file_ref idref="fl-45"/>
      </object_component>
      <object_component id="oc-393">
         <name>.data:_unlock</name>
         <load_address>0x6d4</load_address>
         <run_address>0x6d4</run_address>
         <size>0x2</size>
         <input_file_ref idref="fl-45"/>
      </object_component>
      <object_component id="oc-1dd">
         <name>hal_data</name>
         <uninitialized>true</uninitialized>
         <run_address>0x65c</run_address>
         <size>0x1e</size>
         <input_file_ref idref="fl-15"/>
      </object_component>
      <object_component id="oc-2fa">
         <name>user_data</name>
         <uninitialized>true</uninitialized>
         <run_address>0x680</run_address>
         <size>0x3a</size>
         <input_file_ref idref="fl-19"/>
      </object_component>
      <object_component id="oc-102">
         <name>foc_data</name>
         <uninitialized>true</uninitialized>
         <run_address>0x400</run_address>
         <size>0x25c</size>
         <input_file_ref idref="fl-1a"/>
      </object_component>
      <object_component id="oc-1e0">
         <name>sys_data</name>
         <uninitialized>true</uninitialized>
         <run_address>0x6c0</run_address>
         <size>0xc</size>
         <input_file_ref idref="fl-2"/>
      </object_component>
      <object_component id="oc-23e">
         <name>.debug_types</name>
         <load_address>0x0</load_address>
         <run_address>0x0</run_address>
         <size>0x4f61</size>
         <input_file_ref idref="fl-2"/>
      </object_component>
      <object_component id="oc-47c">
         <name>.debug_types</name>
         <load_address>0x4f61</load_address>
         <run_address>0x4f61</run_address>
         <size>0x35</size>
         <input_file_ref idref="fl-5"/>
      </object_component>
      <object_component id="oc-46f">
         <name>.debug_types</name>
         <load_address>0x4f96</load_address>
         <run_address>0x4f96</run_address>
         <size>0x1c2</size>
         <input_file_ref idref="fl-9"/>
      </object_component>
      <object_component id="oc-472">
         <name>.debug_types</name>
         <load_address>0x5158</load_address>
         <run_address>0x5158</run_address>
         <size>0x68</size>
         <input_file_ref idref="fl-a"/>
      </object_component>
      <object_component id="oc-475">
         <name>.debug_types</name>
         <load_address>0x0</load_address>
         <run_address>0x0</run_address>
         <size>0x0</size>
         <input_file_ref idref="fl-c"/>
      </object_component>
      <object_component id="oc-478">
         <name>.debug_types</name>
         <load_address>0x0</load_address>
         <run_address>0x0</run_address>
         <size>0x0</size>
         <input_file_ref idref="fl-d"/>
      </object_component>
      <object_component id="oc-47a">
         <name>.debug_types</name>
         <load_address>0x0</load_address>
         <run_address>0x0</run_address>
         <size>0x0</size>
         <input_file_ref idref="fl-e"/>
      </object_component>
      <object_component id="oc-480">
         <name>.debug_types</name>
         <load_address>0x0</load_address>
         <run_address>0x0</run_address>
         <size>0x0</size>
         <input_file_ref idref="fl-f"/>
      </object_component>
      <object_component id="oc-46c">
         <name>.debug_types</name>
         <load_address>0x51c0</load_address>
         <run_address>0x51c0</run_address>
         <size>0x99</size>
         <input_file_ref idref="fl-11"/>
      </object_component>
      <object_component id="oc-47e">
         <name>.debug_types</name>
         <load_address>0x0</load_address>
         <run_address>0x0</run_address>
         <size>0x0</size>
         <input_file_ref idref="fl-14"/>
      </object_component>
      <object_component id="oc-259">
         <name>.debug_types</name>
         <load_address>0x5259</load_address>
         <run_address>0x5259</run_address>
         <size>0x112</size>
         <input_file_ref idref="fl-15"/>
      </object_component>
      <object_component id="oc-112">
         <name>.debug_types</name>
         <load_address>0x536b</load_address>
         <run_address>0x536b</run_address>
         <size>0x8f85</size>
         <input_file_ref idref="fl-16"/>
      </object_component>
      <object_component id="oc-276">
         <name>.debug_types</name>
         <load_address>0xe2f0</load_address>
         <run_address>0xe2f0</run_address>
         <size>0x1a60</size>
         <input_file_ref idref="fl-17"/>
      </object_component>
      <object_component id="oc-468">
         <name>.debug_types</name>
         <load_address>0xfd50</load_address>
         <run_address>0xfd50</run_address>
         <size>0x2f</size>
         <input_file_ref idref="fl-19"/>
      </object_component>
      <object_component id="oc-114">
         <name>.debug_types</name>
         <load_address>0xfd7f</load_address>
         <run_address>0xfd7f</run_address>
         <size>0x234</size>
         <input_file_ref idref="fl-1a"/>
      </object_component>
      <object_component id="oc-13f">
         <name>.debug_types</name>
         <load_address>0xffb3</load_address>
         <run_address>0xffb3</run_address>
         <size>0x2f</size>
         <input_file_ref idref="fl-1b"/>
      </object_component>
      <object_component id="oc-4af">
         <name>.debug_types</name>
         <load_address>0xffe2</load_address>
         <run_address>0xffe2</run_address>
         <size>0x916</size>
         <input_file_ref idref="fl-24"/>
      </object_component>
      <object_component id="oc-4bf">
         <name>.debug_types</name>
         <load_address>0x108f8</load_address>
         <run_address>0x108f8</run_address>
         <size>0x5e</size>
         <input_file_ref idref="fl-25"/>
      </object_component>
      <object_component id="oc-4c5">
         <name>.debug_types</name>
         <load_address>0x10956</load_address>
         <run_address>0x10956</run_address>
         <size>0x2f</size>
         <input_file_ref idref="fl-26"/>
      </object_component>
      <object_component id="oc-4cb">
         <name>.debug_types</name>
         <load_address>0x0</load_address>
         <run_address>0x0</run_address>
         <size>0x0</size>
         <input_file_ref idref="fl-28"/>
      </object_component>
      <object_component id="oc-3a4">
         <name>.debug_types</name>
         <load_address>0x0</load_address>
         <run_address>0x0</run_address>
         <size>0x0</size>
         <input_file_ref idref="fl-29"/>
      </object_component>
      <object_component id="oc-4a6">
         <name>.debug_types</name>
         <load_address>0x10985</load_address>
         <run_address>0x10985</run_address>
         <size>0x215</size>
         <input_file_ref idref="fl-2a"/>
      </object_component>
      <object_component id="oc-116">
         <name>.debug_types</name>
         <load_address>0x0</load_address>
         <run_address>0x0</run_address>
         <size>0x0</size>
         <input_file_ref idref="fl-2b"/>
      </object_component>
      <object_component id="oc-123">
         <name>.debug_types</name>
         <load_address>0x10b9a</load_address>
         <run_address>0x10b9a</run_address>
         <size>0x31b</size>
         <input_file_ref idref="fl-2c"/>
      </object_component>
      <object_component id="oc-4d1">
         <name>.debug_types</name>
         <load_address>0x10eb5</load_address>
         <run_address>0x10eb5</run_address>
         <size>0x18d</size>
         <input_file_ref idref="fl-2d"/>
      </object_component>
      <object_component id="oc-3b2">
         <name>.debug_types</name>
         <load_address>0x11042</load_address>
         <run_address>0x11042</run_address>
         <size>0xc33</size>
         <input_file_ref idref="fl-2e"/>
      </object_component>
      <object_component id="oc-4c7">
         <name>.debug_types</name>
         <load_address>0x11c75</load_address>
         <run_address>0x11c75</run_address>
         <size>0x69c9</size>
         <input_file_ref idref="fl-2f"/>
      </object_component>
      <object_component id="oc-129">
         <name>.debug_types</name>
         <load_address>0x1863e</load_address>
         <run_address>0x1863e</run_address>
         <size>0x85</size>
         <input_file_ref idref="fl-3e"/>
      </object_component>
      <object_component id="oc-184">
         <name>.debug_types</name>
         <load_address>0x0</load_address>
         <run_address>0x0</run_address>
         <size>0x0</size>
         <input_file_ref idref="fl-3f"/>
      </object_component>
      <object_component id="oc-1cf">
         <name>.debug_types</name>
         <load_address>0x186c3</load_address>
         <run_address>0x186c3</run_address>
         <size>0x470</size>
         <input_file_ref idref="fl-40"/>
      </object_component>
      <object_component id="oc-12e">
         <name>.debug_types</name>
         <load_address>0x18b33</load_address>
         <run_address>0x18b33</run_address>
         <size>0x165</size>
         <input_file_ref idref="fl-41"/>
      </object_component>
      <object_component id="oc-ef">
         <name>.debug_types</name>
         <load_address>0x0</load_address>
         <run_address>0x0</run_address>
         <size>0x0</size>
         <input_file_ref idref="fl-42"/>
      </object_component>
      <object_component id="oc-e7">
         <name>.debug_types</name>
         <load_address>0x18c98</load_address>
         <run_address>0x18c98</run_address>
         <size>0x191</size>
         <input_file_ref idref="fl-43"/>
      </object_component>
      <object_component id="oc-1c4">
         <name>.debug_types</name>
         <load_address>0x18e29</load_address>
         <run_address>0x18e29</run_address>
         <size>0xbf</size>
         <input_file_ref idref="fl-44"/>
      </object_component>
      <object_component id="oc-24c">
         <name>.debug_types</name>
         <load_address>0x0</load_address>
         <run_address>0x0</run_address>
         <size>0x0</size>
         <input_file_ref idref="fl-45"/>
      </object_component>
      <object_component id="oc-1bc">
         <name>.debug_types</name>
         <load_address>0x18ee8</load_address>
         <run_address>0x18ee8</run_address>
         <size>0xe1</size>
         <input_file_ref idref="fl-46"/>
      </object_component>
      <object_component id="oc-251">
         <name>.debug_types</name>
         <load_address>0x0</load_address>
         <run_address>0x0</run_address>
         <size>0x0</size>
         <input_file_ref idref="fl-49"/>
      </object_component>
      <object_component id="oc-1e1">
         <name>.debug_info</name>
         <load_address>0x0</load_address>
         <run_address>0x0</run_address>
         <size>0xf4</size>
         <input_file_ref idref="fl-2"/>
      </object_component>
      <object_component id="oc-1b6">
         <name>.debug_info</name>
         <load_address>0xf4</load_address>
         <run_address>0xf4</run_address>
         <size>0x347</size>
         <input_file_ref idref="fl-2"/>
      </object_component>
      <object_component id="oc-347">
         <name>.debug_info</name>
         <load_address>0x43b</load_address>
         <run_address>0x43b</run_address>
         <size>0x158</size>
         <input_file_ref idref="fl-5"/>
      </object_component>
      <object_component id="oc-31e">
         <name>.debug_info</name>
         <load_address>0x593</load_address>
         <run_address>0x593</run_address>
         <size>0x19f</size>
         <input_file_ref idref="fl-9"/>
      </object_component>
      <object_component id="oc-317">
         <name>.debug_info</name>
         <load_address>0x732</load_address>
         <run_address>0x732</run_address>
         <size>0x186</size>
         <input_file_ref idref="fl-9"/>
      </object_component>
      <object_component id="oc-329">
         <name>.debug_info</name>
         <load_address>0x8b8</load_address>
         <run_address>0x8b8</run_address>
         <size>0x1af</size>
         <input_file_ref idref="fl-a"/>
      </object_component>
      <object_component id="oc-323">
         <name>.debug_info</name>
         <load_address>0xa67</load_address>
         <run_address>0xa67</run_address>
         <size>0x196</size>
         <input_file_ref idref="fl-a"/>
      </object_component>
      <object_component id="oc-32f">
         <name>.debug_info</name>
         <load_address>0xbfd</load_address>
         <run_address>0xbfd</run_address>
         <size>0x176</size>
         <input_file_ref idref="fl-c"/>
      </object_component>
      <object_component id="oc-33c">
         <name>.debug_info</name>
         <load_address>0xd73</load_address>
         <run_address>0xd73</run_address>
         <size>0x170</size>
         <input_file_ref idref="fl-d"/>
      </object_component>
      <object_component id="oc-342">
         <name>.debug_info</name>
         <load_address>0xee3</load_address>
         <run_address>0xee3</run_address>
         <size>0x16a</size>
         <input_file_ref idref="fl-e"/>
      </object_component>
      <object_component id="oc-354">
         <name>.debug_info</name>
         <load_address>0x104d</load_address>
         <run_address>0x104d</run_address>
         <size>0x170</size>
         <input_file_ref idref="fl-f"/>
      </object_component>
      <object_component id="oc-311">
         <name>.debug_info</name>
         <load_address>0x11bd</load_address>
         <run_address>0x11bd</run_address>
         <size>0x1bb</size>
         <input_file_ref idref="fl-11"/>
      </object_component>
      <object_component id="oc-30b">
         <name>.debug_info</name>
         <load_address>0x1378</load_address>
         <run_address>0x1378</run_address>
         <size>0x19a</size>
         <input_file_ref idref="fl-11"/>
      </object_component>
      <object_component id="oc-34d">
         <name>.debug_info</name>
         <load_address>0x1512</load_address>
         <run_address>0x1512</run_address>
         <size>0x168</size>
         <input_file_ref idref="fl-14"/>
      </object_component>
      <object_component id="oc-1de">
         <name>.debug_info</name>
         <load_address>0x167a</load_address>
         <run_address>0x167a</run_address>
         <size>0x111</size>
         <input_file_ref idref="fl-15"/>
      </object_component>
      <object_component id="oc-359">
         <name>.debug_info</name>
         <load_address>0x178b</load_address>
         <run_address>0x178b</run_address>
         <size>0x225</size>
         <input_file_ref idref="fl-15"/>
      </object_component>
      <object_component id="oc-208">
         <name>.debug_info</name>
         <load_address>0x19b0</load_address>
         <run_address>0x19b0</run_address>
         <size>0x13f</size>
         <input_file_ref idref="fl-15"/>
      </object_component>
      <object_component id="oc-36e">
         <name>.debug_info</name>
         <load_address>0x1aef</load_address>
         <run_address>0x1aef</run_address>
         <size>0x1a7</size>
         <input_file_ref idref="fl-15"/>
      </object_component>
      <object_component id="oc-202">
         <name>.debug_info</name>
         <load_address>0x1c96</load_address>
         <run_address>0x1c96</run_address>
         <size>0x16d</size>
         <input_file_ref idref="fl-15"/>
      </object_component>
      <object_component id="oc-367">
         <name>.debug_info</name>
         <load_address>0x1e03</load_address>
         <run_address>0x1e03</run_address>
         <size>0x145</size>
         <input_file_ref idref="fl-15"/>
      </object_component>
      <object_component id="oc-1e4">
         <name>.debug_info</name>
         <load_address>0x1f48</load_address>
         <run_address>0x1f48</run_address>
         <size>0x16c</size>
         <input_file_ref idref="fl-15"/>
      </object_component>
      <object_component id="oc-305">
         <name>.debug_info</name>
         <load_address>0x20b4</load_address>
         <run_address>0x20b4</run_address>
         <size>0x1ab</size>
         <input_file_ref idref="fl-15"/>
      </object_component>
      <object_component id="oc-21a">
         <name>.debug_info</name>
         <load_address>0x225f</load_address>
         <run_address>0x225f</run_address>
         <size>0x196</size>
         <input_file_ref idref="fl-15"/>
      </object_component>
      <object_component id="oc-2f5">
         <name>.debug_info</name>
         <load_address>0x23f5</load_address>
         <run_address>0x23f5</run_address>
         <size>0x177</size>
         <input_file_ref idref="fl-15"/>
      </object_component>
      <object_component id="oc-43c">
         <name>.debug_info</name>
         <load_address>0x256c</load_address>
         <run_address>0x256c</run_address>
         <size>0xf0</size>
         <input_file_ref idref="fl-16"/>
      </object_component>
      <object_component id="oc-3de">
         <name>.debug_info</name>
         <load_address>0x265c</load_address>
         <run_address>0x265c</run_address>
         <size>0x1bd</size>
         <input_file_ref idref="fl-16"/>
      </object_component>
      <object_component id="oc-3e5">
         <name>.debug_info</name>
         <load_address>0x2819</load_address>
         <run_address>0x2819</run_address>
         <size>0x1e1</size>
         <input_file_ref idref="fl-16"/>
      </object_component>
      <object_component id="oc-3ea">
         <name>.debug_info</name>
         <load_address>0x29fa</load_address>
         <run_address>0x29fa</run_address>
         <size>0x1a1</size>
         <input_file_ref idref="fl-16"/>
      </object_component>
      <object_component id="oc-281">
         <name>.debug_info</name>
         <load_address>0x2b9b</load_address>
         <run_address>0x2b9b</run_address>
         <size>0x43c0</size>
         <input_file_ref idref="fl-16"/>
      </object_component>
      <object_component id="oc-28c">
         <name>.debug_info</name>
         <load_address>0x6f5b</load_address>
         <run_address>0x6f5b</run_address>
         <size>0x113</size>
         <input_file_ref idref="fl-16"/>
      </object_component>
      <object_component id="oc-2ec">
         <name>.debug_info</name>
         <load_address>0x706e</load_address>
         <run_address>0x706e</run_address>
         <size>0x12c</size>
         <input_file_ref idref="fl-16"/>
      </object_component>
      <object_component id="oc-27b">
         <name>.debug_info</name>
         <load_address>0x719a</load_address>
         <run_address>0x719a</run_address>
         <size>0x69d</size>
         <input_file_ref idref="fl-16"/>
      </object_component>
      <object_component id="oc-2e0">
         <name>.debug_info</name>
         <load_address>0x7837</load_address>
         <run_address>0x7837</run_address>
         <size>0x136</size>
         <input_file_ref idref="fl-16"/>
      </object_component>
      <object_component id="oc-286">
         <name>.debug_info</name>
         <load_address>0x796d</load_address>
         <run_address>0x796d</run_address>
         <size>0x12d</size>
         <input_file_ref idref="fl-16"/>
      </object_component>
      <object_component id="oc-2db">
         <name>.debug_info</name>
         <load_address>0x7a9a</load_address>
         <run_address>0x7a9a</run_address>
         <size>0x1d1</size>
         <input_file_ref idref="fl-16"/>
      </object_component>
      <object_component id="oc-447">
         <name>.debug_info</name>
         <load_address>0x7c6b</load_address>
         <run_address>0x7c6b</run_address>
         <size>0x190</size>
         <input_file_ref idref="fl-16"/>
      </object_component>
      <object_component id="oc-2ce">
         <name>.debug_info</name>
         <load_address>0x7dfb</load_address>
         <run_address>0x7dfb</run_address>
         <size>0x12d</size>
         <input_file_ref idref="fl-16"/>
      </object_component>
      <object_component id="oc-2bd">
         <name>.debug_info</name>
         <load_address>0x7f28</load_address>
         <run_address>0x7f28</run_address>
         <size>0x1bf</size>
         <input_file_ref idref="fl-16"/>
      </object_component>
      <object_component id="oc-2b7">
         <name>.debug_info</name>
         <load_address>0x80e7</load_address>
         <run_address>0x80e7</run_address>
         <size>0x1bf</size>
         <input_file_ref idref="fl-16"/>
      </object_component>
      <object_component id="oc-2b0">
         <name>.debug_info</name>
         <load_address>0x82a6</load_address>
         <run_address>0x82a6</run_address>
         <size>0x1c3</size>
         <input_file_ref idref="fl-16"/>
      </object_component>
      <object_component id="oc-2aa">
         <name>.debug_info</name>
         <load_address>0x8469</load_address>
         <run_address>0x8469</run_address>
         <size>0x1c3</size>
         <input_file_ref idref="fl-16"/>
      </object_component>
      <object_component id="oc-458">
         <name>.debug_info</name>
         <load_address>0x862c</load_address>
         <run_address>0x862c</run_address>
         <size>0x194</size>
         <input_file_ref idref="fl-16"/>
      </object_component>
      <object_component id="oc-bd">
         <name>.debug_info</name>
         <load_address>0x87c0</load_address>
         <run_address>0x87c0</run_address>
         <size>0x133</size>
         <input_file_ref idref="fl-16"/>
      </object_component>
      <object_component id="oc-2e6">
         <name>.debug_info</name>
         <load_address>0x88f3</load_address>
         <run_address>0x88f3</run_address>
         <size>0x1b0</size>
         <input_file_ref idref="fl-16"/>
      </object_component>
      <object_component id="oc-2d5">
         <name>.debug_info</name>
         <load_address>0x8aa3</load_address>
         <run_address>0x8aa3</run_address>
         <size>0x113</size>
         <input_file_ref idref="fl-16"/>
      </object_component>
      <object_component id="oc-2c3">
         <name>.debug_info</name>
         <load_address>0x8bb6</load_address>
         <run_address>0x8bb6</run_address>
         <size>0x188</size>
         <input_file_ref idref="fl-16"/>
      </object_component>
      <object_component id="oc-2c8">
         <name>.debug_info</name>
         <load_address>0x8d3e</load_address>
         <run_address>0x8d3e</run_address>
         <size>0x188</size>
         <input_file_ref idref="fl-16"/>
      </object_component>
      <object_component id="oc-292">
         <name>.debug_info</name>
         <load_address>0x8ec6</load_address>
         <run_address>0x8ec6</run_address>
         <size>0x119</size>
         <input_file_ref idref="fl-16"/>
      </object_component>
      <object_component id="oc-299">
         <name>.debug_info</name>
         <load_address>0x8fdf</load_address>
         <run_address>0x8fdf</run_address>
         <size>0x16e</size>
         <input_file_ref idref="fl-16"/>
      </object_component>
      <object_component id="oc-29f">
         <name>.debug_info</name>
         <load_address>0x914d</load_address>
         <run_address>0x914d</run_address>
         <size>0x16f</size>
         <input_file_ref idref="fl-16"/>
      </object_component>
      <object_component id="oc-2a5">
         <name>.debug_info</name>
         <load_address>0x92bc</load_address>
         <run_address>0x92bc</run_address>
         <size>0x16f</size>
         <input_file_ref idref="fl-16"/>
      </object_component>
      <object_component id="oc-1fc">
         <name>.debug_info</name>
         <load_address>0x942b</load_address>
         <run_address>0x942b</run_address>
         <size>0x2d3</size>
         <input_file_ref idref="fl-16"/>
      </object_component>
      <object_component id="oc-1f0">
         <name>.debug_info</name>
         <load_address>0x96fe</load_address>
         <run_address>0x96fe</run_address>
         <size>0x121</size>
         <input_file_ref idref="fl-17"/>
      </object_component>
      <object_component id="oc-1ed">
         <name>.debug_info</name>
         <load_address>0x981f</load_address>
         <run_address>0x981f</run_address>
         <size>0x188</size>
         <input_file_ref idref="fl-17"/>
      </object_component>
      <object_component id="oc-2fb">
         <name>.debug_info</name>
         <load_address>0x99a7</load_address>
         <run_address>0x99a7</run_address>
         <size>0x105</size>
         <input_file_ref idref="fl-19"/>
      </object_component>
      <object_component id="oc-2ff">
         <name>.debug_info</name>
         <load_address>0x9aac</load_address>
         <run_address>0x9aac</run_address>
         <size>0x15f</size>
         <input_file_ref idref="fl-19"/>
      </object_component>
      <object_component id="oc-103">
         <name>.debug_info</name>
         <load_address>0x9c0b</load_address>
         <run_address>0x9c0b</run_address>
         <size>0x360</size>
         <input_file_ref idref="fl-1a"/>
      </object_component>
      <object_component id="oc-220">
         <name>.debug_info</name>
         <load_address>0x9f6b</load_address>
         <run_address>0x9f6b</run_address>
         <size>0x479</size>
         <input_file_ref idref="fl-1a"/>
      </object_component>
      <object_component id="oc-238">
         <name>.debug_info</name>
         <load_address>0xa3e4</load_address>
         <run_address>0xa3e4</run_address>
         <size>0x4f4</size>
         <input_file_ref idref="fl-1a"/>
      </object_component>
      <object_component id="oc-c2">
         <name>.debug_info</name>
         <load_address>0xa8d8</load_address>
         <run_address>0xa8d8</run_address>
         <size>0x4c2</size>
         <input_file_ref idref="fl-1a"/>
      </object_component>
      <object_component id="oc-20e">
         <name>.debug_info</name>
         <load_address>0xad9a</load_address>
         <run_address>0xad9a</run_address>
         <size>0x176</size>
         <input_file_ref idref="fl-1a"/>
      </object_component>
      <object_component id="oc-214">
         <name>.debug_info</name>
         <load_address>0xaf10</load_address>
         <run_address>0xaf10</run_address>
         <size>0x34a</size>
         <input_file_ref idref="fl-1a"/>
      </object_component>
      <object_component id="oc-38b">
         <name>.debug_info</name>
         <load_address>0xb25a</load_address>
         <run_address>0xb25a</run_address>
         <size>0x16d</size>
         <input_file_ref idref="fl-1b"/>
      </object_component>
      <object_component id="oc-379">
         <name>.debug_info</name>
         <load_address>0xb3c7</load_address>
         <run_address>0xb3c7</run_address>
         <size>0x161</size>
         <input_file_ref idref="fl-1b"/>
      </object_component>
      <object_component id="oc-360">
         <name>.debug_info</name>
         <load_address>0xb528</load_address>
         <run_address>0xb528</run_address>
         <size>0x2b7</size>
         <input_file_ref idref="fl-1b"/>
      </object_component>
      <object_component id="oc-337">
         <name>.debug_info</name>
         <load_address>0xb7df</load_address>
         <run_address>0xb7df</run_address>
         <size>0x1c0</size>
         <input_file_ref idref="fl-1b"/>
      </object_component>
      <object_component id="oc-234">
         <name>.debug_info</name>
         <load_address>0xb99f</load_address>
         <run_address>0xb99f</run_address>
         <size>0x173</size>
         <input_file_ref idref="fl-1b"/>
      </object_component>
      <object_component id="oc-380">
         <name>.debug_info</name>
         <load_address>0xbb12</load_address>
         <run_address>0xbb12</run_address>
         <size>0x167</size>
         <input_file_ref idref="fl-1b"/>
      </object_component>
      <object_component id="oc-387">
         <name>.debug_info</name>
         <load_address>0xbc79</load_address>
         <run_address>0xbc79</run_address>
         <size>0x1a5</size>
         <input_file_ref idref="fl-1b"/>
      </object_component>
      <object_component id="oc-109">
         <name>.debug_info</name>
         <load_address>0xbe1e</load_address>
         <run_address>0xbe1e</run_address>
         <size>0x15f</size>
         <input_file_ref idref="fl-1b"/>
      </object_component>
      <object_component id="oc-22f">
         <name>.debug_info</name>
         <load_address>0xbf7d</load_address>
         <run_address>0xbf7d</run_address>
         <size>0x1a7</size>
         <input_file_ref idref="fl-1b"/>
      </object_component>
      <object_component id="oc-228">
         <name>.debug_info</name>
         <load_address>0xc124</load_address>
         <run_address>0xc124</run_address>
         <size>0x1a2</size>
         <input_file_ref idref="fl-1b"/>
      </object_component>
      <object_component id="oc-96">
         <name>.debug_info</name>
         <load_address>0xc2c6</load_address>
         <run_address>0xc2c6</run_address>
         <size>0x120</size>
         <input_file_ref idref="fl-1c"/>
      </object_component>
      <object_component id="oc-fd">
         <name>.debug_info</name>
         <load_address>0xc3e6</load_address>
         <run_address>0xc3e6</run_address>
         <size>0x121</size>
         <input_file_ref idref="fl-1c"/>
      </object_component>
      <object_component id="oc-3f4">
         <name>.debug_info</name>
         <load_address>0xc507</load_address>
         <run_address>0xc507</run_address>
         <size>0x228</size>
         <input_file_ref idref="fl-24"/>
      </object_component>
      <object_component id="oc-402">
         <name>.debug_info</name>
         <load_address>0xc72f</load_address>
         <run_address>0xc72f</run_address>
         <size>0x257</size>
         <input_file_ref idref="fl-24"/>
      </object_component>
      <object_component id="oc-4b8">
         <name>.debug_info</name>
         <load_address>0xc986</load_address>
         <run_address>0xc986</run_address>
         <size>0x1c7</size>
         <input_file_ref idref="fl-24"/>
      </object_component>
      <object_component id="oc-4b3">
         <name>.debug_info</name>
         <load_address>0xcb4d</load_address>
         <run_address>0xcb4d</run_address>
         <size>0x1f1</size>
         <input_file_ref idref="fl-24"/>
      </object_component>
      <object_component id="oc-3fb">
         <name>.debug_info</name>
         <load_address>0xcd3e</load_address>
         <run_address>0xcd3e</run_address>
         <size>0x23e</size>
         <input_file_ref idref="fl-24"/>
      </object_component>
      <object_component id="oc-41b">
         <name>.debug_info</name>
         <load_address>0xcf7c</load_address>
         <run_address>0xcf7c</run_address>
         <size>0x2cf</size>
         <input_file_ref idref="fl-25"/>
      </object_component>
      <object_component id="oc-415">
         <name>.debug_info</name>
         <load_address>0xd24b</load_address>
         <run_address>0xd24b</run_address>
         <size>0x2cf</size>
         <input_file_ref idref="fl-25"/>
      </object_component>
      <object_component id="oc-424">
         <name>.debug_info</name>
         <load_address>0xd51a</load_address>
         <run_address>0xd51a</run_address>
         <size>0x233</size>
         <input_file_ref idref="fl-25"/>
      </object_component>
      <object_component id="oc-40f">
         <name>.debug_info</name>
         <load_address>0xd74d</load_address>
         <run_address>0xd74d</run_address>
         <size>0x262</size>
         <input_file_ref idref="fl-25"/>
      </object_component>
      <object_component id="oc-40c">
         <name>.debug_info</name>
         <load_address>0xd9af</load_address>
         <run_address>0xd9af</run_address>
         <size>0x264</size>
         <input_file_ref idref="fl-25"/>
      </object_component>
      <object_component id="oc-42c">
         <name>.debug_info</name>
         <load_address>0xdc13</load_address>
         <run_address>0xdc13</run_address>
         <size>0x201</size>
         <input_file_ref idref="fl-26"/>
      </object_component>
      <object_component id="oc-43f">
         <name>.debug_info</name>
         <load_address>0xde14</load_address>
[...]
         <name>SPI_init</name>
         <value>0x824ea</value>
         <object_component_ref idref="oc-2eb"/>
      </symbol>
      <symbol id="sm-29c">
         <name>PinMux_init</name>
         <value>0x8185a</value>
         <object_component_ref idref="oc-279"/>
      </symbol>
      <symbol id="sm-29d">
         <name>Board_init</name>
         <value>0x82a2b</value>
         <object_component_ref idref="oc-1fb"/>
      </symbol>
      <symbol id="sm-29e">
         <name>MTR1_PM_nFAULT_IN_init</name>
         <value>0x82f11</value>
         <object_component_ref idref="oc-285"/>
      </symbol>
      <symbol id="sm-29f">
         <name>MTR1_CMPSS_W_init</name>
         <value>0x81cea</value>
         <object_component_ref idref="oc-2bb"/>
      </symbol>
      <symbol id="sm-2a0">
         <name>MTR1_CMPSS_V_init</name>
         <value>0x81c25</value>
         <object_component_ref idref="oc-2b5"/>
      </symbol>
      <symbol id="sm-2a1">
         <name>GPIO_init</name>
         <value>0x82db4</value>
         <object_component_ref idref="oc-2e5"/>
      </symbol>
      <symbol id="sm-2a2">
         <name>ADCA_CONFIG_init</name>
         <value>0x81b4c</value>
         <object_component_ref idref="oc-297"/>
      </symbol>
      <symbol id="sm-2a3">
         <name>CPUTIMER_CpuUsage_init</name>
         <value>0x82699</value>
         <object_component_ref idref="oc-2c7"/>
      </symbol>
      <symbol id="sm-2a4">
         <name>SYSCTL_init</name>
         <value>0x80008</value>
         <object_component_ref idref="oc-27f"/>
      </symbol>
      <symbol id="sm-2a5">
         <name>DAC_init</name>
         <value>0x82b7d</value>
         <object_component_ref idref="oc-2cd"/>
      </symbol>
      <symbol id="sm-2a6">
         <name>SYNC_init</name>
         <value>0x82e85</value>
         <object_component_ref idref="oc-28b"/>
      </symbol>
      <symbol id="sm-2a7">
         <name>ADCC_CONFIG_init</name>
         <value>0x81fd6</value>
         <object_component_ref idref="oc-2a3"/>
      </symbol>
      <symbol id="sm-2a8">
         <name>MTR1_QEP_init</name>
         <value>0x82132</value>
         <object_component_ref idref="oc-2df"/>
      </symbol>
      <symbol id="sm-2a9">
         <name>EQEP_init</name>
         <value>0x82132</value>
         <object_component_ref idref="oc-2df"/>
      </symbol>
      <symbol id="sm-2aa">
         <name>MTR1_DAC_init</name>
         <value>0x82b7d</value>
         <object_component_ref idref="oc-2cd"/>
      </symbol>
      <symbol id="sm-2ab">
         <name>EPWM_init</name>
         <value>0x8077c</value>
         <object_component_ref idref="oc-2d3"/>
      </symbol>
      <symbol id="sm-2ac">
         <name>DAC_SPI_init</name>
         <value>0x824ea</value>
         <object_component_ref idref="oc-2eb"/>
      </symbol>
      <symbol id="sm-2ad">
         <name>MTR1_GATE_EN_init</name>
         <value>0x82de4</value>
         <object_component_ref idref="oc-445"/>
      </symbol>
      <symbol id="sm-2ae">
         <name>MTR1_IS_TRIP_CMPSS_init</name>
         <value>0x82a85</value>
         <object_component_ref idref="oc-2d9"/>
      </symbol>
      <symbol id="sm-2af">
         <name>LAUNCHPAD_LED1_init</name>
         <value>0x82dcc</value>
         <object_component_ref idref="oc-457"/>
      </symbol>
      <symbol id="sm-2b0">
         <name>ASYSCTL_init</name>
         <value>0x82ef2</value>
         <object_component_ref idref="oc-291"/>
      </symbol>
      <symbol id="sm-2b1">
         <name>EPWMXBAR_init</name>
         <value>0x82a85</value>
         <object_component_ref idref="oc-2d9"/>
      </symbol>
      <symbol id="sm-2b2">
         <name>ADCB_CONFIG_init</name>
         <value>0x81f24</value>
         <object_component_ref idref="oc-29d"/>
      </symbol>
      <symbol id="sm-2c6">
         <name>Device_initGPIO</name>
         <value>0x82c26</value>
         <object_component_ref idref="oc-1ef"/>
      </symbol>
      <symbol id="sm-2c7">
         <name>Device_init</name>
         <value>0x821cc</value>
         <object_component_ref idref="oc-1e9"/>
      </symbol>
      <symbol id="sm-2da">
         <name>USER_setMotor1Params</name>
         <value>0x82088</value>
         <object_component_ref idref="oc-2fe"/>
      </symbol>
      <symbol id="sm-2db">
         <name>userParams_M1</name>
         <value>0x680</value>
         <object_component_ref idref="oc-2fa"/>
      </symbol>
      <symbol id="sm-34c">
         <name>enc_M1</name>
         <value>0x49a</value>
         <object_component_ref idref="oc-102"/>
      </symbol>
      <symbol id="sm-34d">
         <name>traj_spd_M1</name>
         <value>0x420</value>
         <object_component_ref idref="oc-102"/>
      </symbol>
      <symbol id="sm-34e">
         <name>initMotor1Handles</name>
         <value>0x82e3b</value>
         <object_component_ref idref="oc-20d"/>
      </symbol>
      <symbol id="sm-34f">
         <name>pi_Id_M1</name>
         <value>0x42a</value>
         <object_component_ref idref="oc-102"/>
      </symbol>
      <symbol id="sm-350">
         <name>speedcalc_M1</name>
         <value>0x460</value>
         <object_component_ref idref="oc-102"/>
      </symbol>
      <symbol id="sm-351">
         <name>motorVars_M1</name>
         <value>0x540</value>
         <object_component_ref idref="oc-102"/>
      </symbol>
      <symbol id="sm-352">
         <name>pi_spd_M1</name>
         <value>0x450</value>
         <object_component_ref idref="oc-102"/>
      </symbol>
      <symbol id="sm-353">
         <name>initMotor1CtrlParameters</name>
         <value>0x810ff</value>
         <object_component_ref idref="oc-213"/>
      </symbol>
      <symbol id="sm-354">
         <name>svgen_M1</name>
         <value>0x40e</value>
         <object_component_ref idref="oc-102"/>
      </symbol>
      <symbol id="sm-355">
         <name>motor1CtrlISR</name>
         <value>0x8000</value>
         <object_component_ref idref="oc-bb"/>
      </symbol>
      <symbol id="sm-356">
         <name>motorSetVars_M1</name>
         <value>0x4c0</value>
         <object_component_ref idref="oc-102"/>
      </symbol>
      <symbol id="sm-357">
         <name>park_V_M1</name>
         <value>0x40a</value>
         <object_component_ref idref="oc-102"/>
      </symbol>
      <symbol id="sm-358">
         <name>angleGen_M1</name>
         <value>0x418</value>
         <object_component_ref idref="oc-102"/>
      </symbol>
      <symbol id="sm-359">
         <name>motorHandle_M1</name>
         <value>0x400</value>
         <object_component_ref idref="oc-102"/>
      </symbol>
      <symbol id="sm-35a">
         <name>pi_Iq_M1</name>
         <value>0x440</value>
         <object_component_ref idref="oc-102"/>
      </symbol>
      <symbol id="sm-35b">
         <name>park_I_M1</name>
         <value>0x406</value>
         <object_component_ref idref="oc-102"/>
      </symbol>
      <symbol id="sm-35c">
         <name>ipark_V_M1</name>
         <value>0x402</value>
         <object_component_ref idref="oc-102"/>
      </symbol>
      <symbol id="sm-35d">
         <name>runMotor1OffsetsCalculation</name>
         <value>0x80bd2</value>
         <object_component_ref idref="oc-21f"/>
      </symbol>
      <symbol id="sm-35e">
         <name>clarke_I_M1</name>
         <value>0x412</value>
         <object_component_ref idref="oc-102"/>
      </symbol>
      <symbol id="sm-35f">
         <name>halMtr_M1</name>
         <value>0x480</value>
         <object_component_ref idref="oc-102"/>
      </symbol>
      <symbol id="sm-360">
         <name>runMotor1Control</name>
         <value>0x80e9d</value>
         <object_component_ref idref="oc-237"/>
      </symbol>
      <symbol id="sm-3e2">
         <name>stopMotorControl</name>
         <value>0x82c86</value>
         <object_component_ref idref="oc-377"/>
      </symbol>
      <symbol id="sm-3e3">
         <name>setupClarke_I</name>
         <value>0x82d83</value>
         <object_component_ref idref="oc-334"/>
      </symbol>
      <symbol id="sm-3e4">
         <name>calcMotorOverCurrentThreshold</name>
         <value>0x829a2</value>
         <object_component_ref idref="oc-225"/>
      </symbol>
      <symbol id="sm-3e5">
         <name>restartMotorControl</name>
         <value>0x82912</value>
         <object_component_ref idref="oc-37d"/>
      </symbol>
      <symbol id="sm-3e6">
         <name>calculateRMSData</name>
         <value>0x822e1</value>
         <object_component_ref idref="oc-22b"/>
      </symbol>
      <symbol id="sm-3e7">
         <name>setupControllers</name>
         <value>0x8173c</value>
         <object_component_ref idref="oc-35e"/>
      </symbol>
      <symbol id="sm-3e8">
         <name>resetMotorControl</name>
         <value>0x8235a</value>
         <object_component_ref idref="oc-383"/>
      </symbol>
      <symbol id="sm-3e9">
         <name>updateGlobalVariables</name>
         <value>0x825c9</value>
         <object_component_ref idref="oc-389"/>
      </symbol>
      <symbol id="sm-3ea">
         <name>collectRMSData</name>
         <value>0x8257f</value>
         <object_component_ref idref="oc-105"/>
      </symbol>
      <symbol id="sm-3eb">
         <name>runMotorMonitor</name>
         <value>0x8133f</value>
         <object_component_ref idref="oc-231"/>
      </symbol>
      <symbol id="sm-3fa">
         <name>code_start</name>
         <value>0x80000</value>
         <object_component_ref idref="oc-95"/>
      </symbol>
      <symbol id="sm-432">
         <name>ADC_setOffsetTrim</name>
         <value>0x82f3a</value>
         <object_component_ref idref="oc-4b6"/>
      </symbol>
      <symbol id="sm-433">
         <name>ADC_setMode</name>
         <value>0x82e74</value>
         <object_component_ref idref="oc-3f9"/>
      </symbol>
      <symbol id="sm-434">
         <name>ADC_setVREF</name>
         <value>0x829fe</value>
         <object_component_ref idref="oc-3f3"/>
      </symbol>
      <symbol id="sm-435">
         <name>ADC_setINLTrim</name>
         <value>0x82658</value>
         <object_component_ref idref="oc-4b0"/>
      </symbol>
      <symbol id="sm-436">
         <name>ADC_setPPBTripLimits</name>
         <value>0x828e1</value>
         <object_component_ref idref="oc-3ff"/>
      </symbol>
      <symbol id="sm-467">
         <name>CMPSS_configRampLow</name>
         <value>0x82b31</value>
         <object_component_ref idref="oc-41a"/>
      </symbol>
      <symbol id="sm-468">
         <name>CMPSS_configFilterHigh</name>
         <value>0x82ce2</value>
         <object_component_ref idref="oc-408"/>
      </symbol>
      <symbol id="sm-469">
         <name>CMPSS_configRampHigh</name>
         <value>0x82b59</value>
         <object_component_ref idref="oc-414"/>
      </symbol>
      <symbol id="sm-46a">
         <name>CMPSS_configFilterLow</name>
         <value>0x82cfe</value>
         <object_component_ref idref="oc-40e"/>
      </symbol>
      <symbol id="sm-46b">
         <name>CMPSS_configLatchOnPWMSYNC</name>
         <value>0x82dfc</value>
         <object_component_ref idref="oc-420"/>
      </symbol>
      <symbol id="sm-478">
         <name>CPUTimer_setEmulationMode</name>
         <value>0x82f46</value>
         <object_component_ref idref="oc-42a"/>
      </symbol>
      <symbol id="sm-48e">
         <name>EQEP_setInputPolarity</name>
         <value>0x82848</value>
         <object_component_ref idref="oc-43e"/>
      </symbol>
      <symbol id="sm-49c">
         <name>Flash_initModule</name>
         <value>0x84f1</value>
         <object_component_ref idref="oc-25d"/>
      </symbol>
      <symbol id="sm-4d8">
         <name>GPIO_setQualificationMode</name>
         <value>0x82bc2</value>
         <object_component_ref idref="oc-3d0"/>
      </symbol>
      <symbol id="sm-4d9">
         <name>GPIO_setPadConfig</name>
         <value>0x8271b</value>
         <object_component_ref idref="oc-3ca"/>
      </symbol>
      <symbol id="sm-4da">
         <name>GPIO_setAnalogMode</name>
         <value>0x82443</value>
         <object_component_ref idref="oc-3c4"/>
      </symbol>
      <symbol id="sm-4db">
         <name>GPIO_setDirectionMode</name>
         <value>0x82c46</value>
         <object_component_ref idref="oc-44b"/>
      </symbol>
      <symbol id="sm-4dc">
         <name>GPIO_setPinConfig</name>
         <value>0x82943</value>
         <object_component_ref idref="oc-3be"/>
      </symbol>
      <symbol id="sm-4dd">
         <name>GPIO_setControllerCore</name>
         <value>0x82ba0</value>
         <object_component_ref idref="oc-451"/>
      </symbol>
      <symbol id="sm-539">
         <name>Interrupt_defaultHandler</name>
         <value>0x82eda</value>
         <object_component_ref idref="oc-d9"/>
      </symbol>
      <symbol id="sm-53a">
         <name>Interrupt_disable</name>
         <value>0x82535</value>
         <object_component_ref idref="oc-11c"/>
      </symbol>
      <symbol id="sm-53b">
         <name>Interrupt_initModule</name>
         <value>0x826da</value>
         <object_component_ref idref="oc-1f5"/>
      </symbol>
      <symbol id="sm-53c">
         <name>Interrupt_nmiHandler</name>
         <value>0x82f07</value>
         <object_component_ref idref="oc-c7"/>
      </symbol>
      <symbol id="sm-53d">
         <name>Interrupt_enable</name>
         <value>0x82812</value>
         <object_component_ref idref="oc-10b"/>
      </symbol>
      <symbol id="sm-53e">
         <name>Interrupt_initVectorTable</name>
         <value>0x82e11</value>
         <object_component_ref idref="oc-c9"/>
      </symbol>
      <symbol id="sm-53f">
         <name>Interrupt_illegalOperationHandler</name>
         <value>0x82efd</value>
         <object_component_ref idref="oc-d3"/>
      </symbol>
      <symbol id="sm-55b">
         <name>IPC_unregisterInterrupt</name>
         <value>0x82d1a</value>
         <object_component_ref idref="oc-da"/>
      </symbol>
      <symbol id="sm-55c">
         <name>IPC_CPU1_To_CPU2_GetBuffer</name>
         <value>0x3b000</value>
         <object_component_ref idref="oc-14d"/>
      </symbol>
      <symbol id="sm-55d">
         <name>IPC_CPU1_To_CPU2_PutBuffer</name>
         <value>0x3a000</value>
         <object_component_ref idref="oc-14a"/>
      </symbol>
      <symbol id="sm-55e">
         <name>IPC_Instance</name>
         <value>0x834c8</value>
         <object_component_ref idref="oc-119"/>
      </symbol>
      <symbol id="sm-56b">
         <name>SPI_setConfig</name>
         <value>0x82ca6</value>
         <object_component_ref idref="oc-45e"/>
      </symbol>
      <symbol id="sm-5f6">
         <name>SysCtl_isPLLValid</name>
         <value>0x81964</value>
         <object_component_ref idref="oc-3ab"/>
      </symbol>
      <symbol id="sm-5f7">
         <name>SysCtl_delay</name>
         <value>0x8548</value>
         <object_component_ref idref="oc-365"/>
      </symbol>
      <symbol id="sm-5f8">
         <name>SysCtl_selectXTALSingleEnded</name>
         <value>0x82c05</value>
         <object_component_ref idref="oc-48e"/>
      </symbol>
      <symbol id="sm-5f9">
         <name>SysCtl_selectXTAL</name>
         <value>0x82612</value>
         <object_component_ref idref="oc-494"/>
      </symbol>
      <symbol id="sm-5fa">
         <name>SysCtl_selectOscSource</name>
         <value>0x82ab2</value>
         <object_component_ref idref="oc-3a5"/>
      </symbol>
      <symbol id="sm-5fb">
         <name>SysCtl_setClock</name>
         <value>0x8161e</value>
         <object_component_ref idref="oc-263"/>
      </symbol>
      <symbol id="sm-5fc">
         <name>SysCtl_selectOscSourceAuxPLL</name>
         <value>0x8249d</value>
         <object_component_ref idref="oc-26f"/>
      </symbol>
      <symbol id="sm-5fd">
         <name>SysCtl_setAuxClock</name>
         <value>0x81a63</value>
         <object_component_ref idref="oc-269"/>
      </symbol>
      <symbol id="sm-5fe">
         <name>SysCtl_configureType</name>
         <value>0x82be4</value>
         <object_component_ref idref="oc-3d7"/>
      </symbol>
      <symbol id="sm-610">
         <name>XBAR_setEPWMMuxConfig</name>
         <value>0x8275a</value>
         <object_component_ref idref="oc-434"/>
      </symbol>
      <symbol id="sm-61a">
         <name>_c_int00</name>
         <value>0x82d6a</value>
         <object_component_ref idref="oc-136"/>
      </symbol>
      <symbol id="sm-61b">
         <name>__stack</name>
         <value>0x1b2</value>
         <object_component_ref idref="oc-e5"/>
      </symbol>
      <symbol id="sm-628">
         <name>__c28xabi_divf</name>
         <value>0x82259</value>
         <object_component_ref idref="oc-49b"/>
      </symbol>
      <symbol id="sm-63b">
         <name>memcpy</name>
         <value>0x82cc5</value>
         <object_component_ref idref="oc-e8"/>
      </symbol>
      <symbol id="sm-648">
         <name>_system_pre_init</name>
         <value>0x82f70</value>
         <object_component_ref idref="oc-164"/>
      </symbol>
      <symbol id="sm-657">
         <name>__TI_auto_init_nobinit_nopinit</name>
         <value>0x82add</value>
         <object_component_ref idref="oc-185"/>
      </symbol>
      <symbol id="sm-666">
         <name>__TI_zero_init_nomemset</name>
         <value>0x82ec1</value>
         <object_component_ref idref="oc-f0"/>
      </symbol>
      <symbol id="sm-673">
         <name>__TI_decompress_none</name>
         <value>0x82f23</value>
         <object_component_ref idref="oc-8e"/>
      </symbol>
      <symbol id="sm-687">
         <name>__TI_decompress_lzss</name>
         <value>0x829d0</value>
         <object_component_ref idref="oc-88"/>
      </symbol>
      <symbol id="sm-69d">
         <name>C$$EXIT</name>
         <value>0x82b08</value>
         <object_component_ref idref="oc-171"/>
      </symbol>
      <symbol id="sm-69e">
         <name>abort</name>
         <value>0x82b08</value>
         <object_component_ref idref="oc-171"/>
      </symbol>
      <symbol id="sm-69f">
         <name>exit</name>
         <value>0x82b0a</value>
         <object_component_ref idref="oc-171"/>
      </symbol>
      <symbol id="sm-6a0">
         <name>__TI_dtors_ptr</name>
         <value>0x6d0</value>
         <object_component_ref idref="oc-1bd"/>
      </symbol>
      <symbol id="sm-6a1">
         <name>__TI_cleanup_ptr</name>
         <value>0x6ce</value>
         <object_component_ref idref="oc-1bd"/>
      </symbol>
      <symbol id="sm-6a2">
         <name>__TI_enable_exit_profile_output</name>
         <value>0x6cc</value>
         <object_component_ref idref="oc-1bd"/>
      </symbol>
      <symbol id="sm-6b9">
         <name>_nop</name>
         <value>0x82f22</value>
         <object_component_ref idref="oc-244"/>
      </symbol>
      <symbol id="sm-6ba">
         <name>_lock</name>
         <value>0x6d2</value>
         <object_component_ref idref="oc-1c0"/>
      </symbol>
      <symbol id="sm-6bb">
         <name>_unlock</name>
         <value>0x6d4</value>
         <object_component_ref idref="oc-393"/>
      </symbol>
      <symbol id="sm-6bc">
         <name>_register_lock</name>
         <value>0x82f1e</value>
         <object_component_ref idref="oc-244"/>
      </symbol>
      <symbol id="sm-6bd">
         <name>_register_unlock</name>
         <value>0x82f1a</value>
         <object_component_ref idref="oc-244"/>
      </symbol>
      <symbol id="sm-6cc">
         <name>_args_main</name>
         <value>0x82ee6</value>
         <object_component_ref idref="oc-16b"/>
      </symbol>
      <symbol id="sm-6db">
         <name>_system_post_cinit</name>
         <value>0x80bd1</value>
         <object_component_ref idref="oc-1c8"/>
      </symbol>
      <symbol id="sm-6dd">
         <name>__c_args__</name>
         <value>0x0</value>
      </symbol>
   </symbol_table>
   <title>Link successful</title>
</link_info>
