******************************************************************************
             TMS320C2000 Linker PC v22.6.2                     
******************************************************************************
>> Linked Thu Mar 12 10:55:38 2026

OUTPUT FILE NAME:   <universal_servo_drive_f28p65x.out>
ENTRY POINT SYMBOL: "code_start"  address: 00080000


MEMORY CONFIGURATION

         name            origin    length      used     unused   attr    fill
----------------------  --------  ---------  --------  --------  ----  --------
  BOOT_RSVD             00000002   000001af  00000000  000001af  RWIX
  RAMM0                 000001b1   0000024f  00000100  0000014f  RWIX
  RAMM1                 00000400   00000400  00000000  00000400  RWIX
  ADCARESULT            00000b00   00000018  00000000  00000018  RWIX
  ADCCRESULT            00000b40   00000018  00000000  00000018  RWIX
  CPUTIMER0             00000c00   00000008  00000000  00000008  RWIX
  CPUTIMER1             00000c08   00000008  00000000  00000008  RWIX
  CPUTIMER2             00000c10   00000008  00000000  00000008  RWIX
  PIECTRL               00000ce0   0000001a  00000000  0000001a  RWIX
  PIEVECTTABLE          00000d00   00000200  00000000  00000200  RWIX
  DMA                   00001000   00000200  00000000  00000200  RWIX
  CLATOCPURAM           00001480   00000080  00000000  00000080  RWIX
  CPUTOCLARAM           00001500   00000080  00000000  00000080  RWIX
  CLATODMARAM           00001680   00000080  00000000  00000080  RWIX
  DMATOCLARAM           00001700   00000080  00000000  00000080  RWIX
  CLB1LOGICCFG          00003000   00000052  00000000  00000052  RWIX
  CLB1LOGICCTRL         00003100   00000040  00000000  00000040  RWIX
  CLB1DATAEXCH          00003180   00000080  00000000  00000080  RWIX
  CLB2LOGICCFG          00003400   00000052  00000000  00000052  RWIX
  CLB2LOGICCTRL         00003500   00000040  00000000  00000040  RWIX
  CLB2DATAEXCH          00003580   00000080  00000000  00000080  RWIX
  EPWM1                 00004000   00000100  00000000  00000100  RWIX
  EPWM2                 00004100   00000100  00000000  00000100  RWIX
  EPWM3                 00004200   00000100  00000000  00000100  RWIX
  EPWM4                 00004300   00000100  00000000  00000100  RWIX
  EPWM5                 00004400   00000100  00000000  00000100  RWIX
  EPWM6                 00004500   00000100  00000000  00000100  RWIX
  EPWM7                 00004600   00000100  00000000  00000100  RWIX
  EQEP1                 00005100   00000040  00000000  00000040  RWIX
  EQEP2                 00005140   00000040  00000000  00000040  RWIX
  ECAP1                 00005200   00000020  00000000  00000020  RWIX
  ECAP2                 00005240   00000020  00000000  00000020  RWIX
  ECAP3                 00005280   00000020  00000000  00000020  RWIX
  HRCAP3                000052a0   00000020  00000000  00000020  RWIX
  CMPSS1                00005c80   00000020  00000000  00000020  RWIX
  CMPSS2                00005ca0   00000020  00000000  00000020  RWIX
  CMPSS3                00005cc0   00000020  00000000  00000020  RWIX
  CMPSS4                00005ce0   00000020  00000000  00000020  RWIX
  SPIA                  00006100   00000010  00000000  00000010  RWIX
  SPIB                  00006110   00000010  00000000  00000010  RWIX
  BGCRCCPU              00006340   00000040  00000000  00000040  RWIX
  PMBUSA                00006400   00000020  00000000  00000020  RWIX
  HIC                   00006500   00000080  00000000  00000080  RWIX
  FSITXA                00006600   00000050  00000000  00000050  RWIX
  FSIRXA                00006680   00000050  00000000  00000050  RWIX
  LINA                  00006a00   000000ec  00000000  000000ec  RWIX
  LINB                  00006b00   000000ec  00000000  000000ec  RWIX
  WD                    00007000   0000002c  00000000  0000002c  RWIX
  NMIINTRUPT            00007060   00000010  00000000  00000010  RWIX
  XINT                  00007070   0000000c  00000000  0000000c  RWIX
  SCIA                  00007200   00000010  00000000  00000010  RWIX
  I2CA                  00007300   00000022  00000000  00000022  RWIX
  I2CB                  00007340   00000022  00000000  00000022  RWIX
  ADCA                  00007400   00000080  00000000  00000080  RWIX
  ADCC                  00007500   00000080  00000000  00000080  RWIX
  INPUTXBAR             00007900   00000020  00000000  00000020  RWIX
  XBAR                  00007920   00000020  00000000  00000020  RWIX
  SYNCSOC               00007940   00000006  00000000  00000006  RWIX
  CLBINPUTXBAR          00007960   00000020  00000000  00000020  RWIX
  DMACLASRCSEL          00007980   0000001a  00000000  0000001a  RWIX
  EPWMXBAR              00007a00   00000040  00000000  00000040  RWIX
  CLBXBAR               00007a40   00000040  00000000  00000040  RWIX
  OUTPUTXBAR            00007a80   00000040  00000000  00000040  RWIX
  CLBOUTPUTXBAR         00007bc0   00000040  00000000  00000040  RWIX
  GPIOCTRL              00007c00   00000200  00000000  00000200  RWIX
  GPIODATA              00007f00   00000040  00000000  00000040  RWIX
  GPIODATAREAD          00007f80   00000010  00000000  00000010  RWIX
  RAMLS0123             00008000   00002000  00000551  00001aaf  RWIX
  RAMLS4                0000a000   00000800  00000000  00000800  RWIX
  RAMLS5                0000a800   00000800  00000000  00000800  RWIX
  RAMLS6                0000b000   00000800  00000000  00000800  RWIX
  RAMLS7                0000b800   00000800  00000000  00000800  RWIX
  RAMD0                 0000c000   00002000  00000392  00001c6e  RWIX
  RAMD1                 0000e000   00002000  00000064  00001f9c  RWIX
  RAMGS0                00010000   00002000  00000000  00002000  RWIX
  RAMGS1                00012000   00002000  00000000  00002000  RWIX
  RAMGS2                00014000   00002000  00000000  00002000  RWIX
  RAMGS3                00016000   00002000  00000000  00002000  RWIX
  RAMGS4                00018000   00002000  00000000  00002000  RWIX
  RAMD2                 0001a000   00002000  00000000  00002000  RWIX
  RAMD3                 0001c000   00002000  00000000  00002000  RWIX
  RAMD4                 0001e000   00002000  00000000  00002000  RWIX
  RAMD5                 00020000   00002000  00000000  00002000  RWIX
  RAMLS8                00022000   00002000  00000000  00002000  RWIX
  RAMLS9                00024000   00002000  00000000  00002000  RWIX
  CPU1TOCPU2RAM         0003a000   00000400  00000088  00000378  RWIX
  CPU2TOCPU1RAM         0003b000   00000400  00000088  00000378  RWIX
  CANA                  00048000   00000200  00000000  00000200  RWIX
  CANA_MSG_RAM          00049000   00000800  00000000  00000800  RWIX
  CANB_MSG_RAM          0004b000   00000800  00000000  00000800  RWIX
  DEVCFG                0005d000   000001ac  00000000  000001ac  RWIX
  CLKCFG                0005d200   00000100  00000000  00000100  RWIX
  CPUSYS                0005d300   000000a0  00000000  000000a0  RWIX
  SYSPERIPHAC           0005d500   00000200  00000000  00000200  RWIX
  ANALOGSUBSYS          0005d700   00000100  00000000  00000100  RWIX
  DCC0                  0005e700   00000038  00000000  00000038  RWIX
  DCC1                  0005e740   00000038  00000000  00000038  RWIX
  ERADGLOBAL            0005e800   00000014  00000000  00000014  RWIX
  ERADHWBP1             0005e900   00000008  00000000  00000008  RWIX
  ERADHWBP2             0005e908   00000008  00000000  00000008  RWIX
  ERADHWBP3             0005e910   00000008  00000000  00000008  RWIX
  ERADHWBP4             0005e918   00000008  00000000  00000008  RWIX
  ERADHWBP5             0005e920   00000008  00000000  00000008  RWIX
  ERADHWBP6             0005e928   00000008  00000000  00000008  RWIX
  ERADHWBP7             0005e930   00000008  00000000  00000008  RWIX
  ERADHWBP8             0005e938   00000008  00000000  00000008  RWIX
  ERADCOUNTER1          0005e980   00000010  00000000  00000010  RWIX
  ERADCOUNTER2          0005e990   00000010  00000000  00000010  RWIX
  ERADCOUNTER3          0005e9a0   00000010  00000000  00000010  RWIX
  ERADCOUNTER4          0005e9b0   00000010  00000000  00000010  RWIX
  ERADCRCGLOBAL         0005ea00   00000010  00000000  00000010  RWIX
  ERADCRC1              0005ea10   00000010  00000000  00000010  RWIX
  ERADCRC2              0005ea20   00000010  00000000  00000010  RWIX
  ERADCRC3              0005ea30   00000010  00000000  00000010  RWIX
  ERADCRC4              0005ea40   00000010  00000000  00000010  RWIX
  ERADCRC5              0005ea50   00000010  00000000  00000010  RWIX
  ERADCRC6              0005ea60   00000010  00000000  00000010  RWIX
  ERADCRC7              0005ea70   00000010  00000000  00000010  RWIX
  ERADCRC8              0005ea80   00000010  00000000  00000010  RWIX
  DCSMBANK0Z1           0005f000   00000024  00000000  00000024  RWIX
  DCSMBANK0Z2           0005f040   00000024  00000000  00000024  RWIX
  DCSMCOMMON            0005f070   00000010  00000000  00000010  RWIX
  MEMCFG                0005f400   000000c0  00000000  000000c0  RWIX
  ACCESSPROTECTION      0005f500   0000003e  00000000  0000003e  RWIX
  MEMORYERROR           0005f540   00000040  00000000  00000040  RWIX
  FLASH0CTRL            0005f800   00000182  00000000  00000182  RWIX
  FLASH0ECC             0005fb00   00000028  00000000  00000028  RWIX
  BEGIN                 00080000   00000002  00000002  00000000  RWIX
  FLASH_BANK0_CODE      00080002   00010000  00003b19  0000c4e7  RWIX
  FLASH_BANK0_DATA      00090002   0000fffe  0000003c  0000ffc2  RWIX
  FLASH_BANK1           000a0000   00020000  00000000  00020000  RWIX
  FLASH_BANK2           000c0000   00020000  00000000  00020000  RWIX
  RESET                 003fffc0   00000002  00000000  00000002  RWIX


SECTION ALLOCATION MAP

 output                                  attributes/
section   page    origin      length       input sections
--------  ----  ----------  ----------   ----------------
.reset     0    003fffc0    00000000     DSECT

.stack     0    000001b2    00000100     UNINITIALIZED
                  000001b2    00000100     --HOLE--

ctrlfuncs 
*          0    00008000    00000000     UNINITIALIZED

foc_data   0    0000c000    0000025e     UNINITIALIZED
                  0000c000    0000025e     motor1_drive.obj (foc_data)

.data      0    0000c364    00000010     UNINITIALIZED
                  0000c364    00000006     rts2800_fpu64_eabi.lib : exit.c.obj (.data)
                  0000c36a    00000006     throttle_input.obj (.data)
                  0000c370    00000002     rts2800_fpu64_eabi.lib : _lock.c.obj (.data:_lock)
                  0000c372    00000002                            : _lock.c.obj (.data:_unlock)

MSGRAM_CPU1_TO_CPU2 
*          0    0003a000    00000088     UNINITIALIZED
                  0003a000    00000088     driverlib.lib : ipc.obj (MSGRAM_CPU1_TO_CPU2)

MSGRAM_CPU2_TO_CPU1 
*          0    0003b000    00000088     UNINITIALIZED
                  0003b000    00000088     driverlib.lib : ipc.obj (MSGRAM_CPU2_TO_CPU1)

codestart 
*          0    00080000    00000002     
                  00080000    00000002     f28p65x_codestartbranch.obj (codestart)

.text      0    00080008    00003581     
                  00080008    00000774     board.obj (.text:SYSCTL_init)
                  0008077c    00000455     board.obj (.text:EPWM_init)
                  00080bd1    00000001     rts2800_fpu64_eabi.lib : startup.c.obj (.text)
                  00080bd2    000002cb     motor1_drive.obj (.text:runMotor1OffsetsCalculation)
                  00080e9d    00000262     motor1_drive.obj (.text:runMotor1Control)
                  000810ff    00000244     motor1_drive.obj (.text:initMotor1CtrlParameters)
                  00081343    000001af     motor_common.obj (.text:runMotorMonitor)
                  000814f2    000001ab     sys_main.obj (.text:main)
                  0008169d    0000014c     board.obj (.text:PinMux_init)
                  000817e9    00000133     board.obj (.text:MEMCFG_init)
                  0008191c    0000011e     driverlib.lib : sysctl.obj (.text:SysCtl_setClock)
                  00081a3a    0000011e     motor_common.obj (.text:setupControllers)
                  00081b58    000000ff     driverlib.lib : sysctl.obj (.text:SysCtl_isPLLValid)
                  00081c57    000000f9     board.obj (.text:ADCA_CONFIG_init)
                  00081d50    000000f9     telemetry_uart.obj (.text:TelemetryUart_service)
                  00081e49    000000e9     driverlib.lib : sysctl.obj (.text:SysCtl_setAuxClock)
                  00081f32    000000c5     board.obj (.text:MTR1_CMPSS_V_init)
                  00081ff7    000000c3     board.obj (.text:ADCC_CONFIG_init)
                  000820ba    000000c1     board.obj (.text:MTR1_CMPSS_W_init)
                  0008217b    000000c0     board.obj (.text:MTR1_CMPSS_U_L_init)
                  0008223b    000000b9     board.obj (.text:MTR1_CMPSS_U_H_init)
                  000822f4    000000b2     board.obj (.text:ADCB_CONFIG_init)
                  000823a6    000000ab     user_mtr1.obj (.text:USER_setMotor1Params)
                  00082451    0000009a     board.obj (.text:MTR1_QEP_init)
                  000824eb    0000008d     device.obj (.text:Device_init)
                  00082578    00000088     rts2800_fpu64_eabi.lib : fs_div28.asm.obj (.text)
                  00082600    00000079     motor_common.obj (.text:calculateRMSData)
                  00082679    00000079     throttle_input.obj (.text:throttle_get_newest_speedFreq)
                  000826f2    00000078     telemetry_uart.obj (.text:TelemetryUart_init)
                  0008276a    00000075     board.obj (.text:mySCI_init)
                  000827df    00000075     motor_common.obj (.text:resetMotorControl)
                  00082854    00000074     driverlib.lib : interrupt.obj (.text:Interrupt_clearIFR)
                  000828c8    0000005a                   : gpio.obj (.text:GPIO_setAnalogMode)
                  00082922    00000056     dac128s085.obj (.text:DAC128S_writeData)
                  00082978    00000050     driverlib.lib : memcfg.obj (.text:MemCfg_setProtection)
                  000829c8    0000004d                   : sysctl.obj (.text:SysCtl_selectOscSourceAuxPLL)
                  00082a15    0000004b     board.obj (.text:DAC_SPI_init)
                  00082a60    0000004a     driverlib.lib : interrupt.obj (.text:Interrupt_disable)
                  00082aaa    0000004a     motor_common.obj (.text:collectRMSData)
                  00082af4    00000049     motor_common.obj (.text:updateGlobalVariables)
                  00082b3d    00000045     driverlib.lib : sysctl.obj (.text:SysCtl_selectXTAL)
                  00082b82    00000041                   : adc.obj (.text:ADC_setINLTrim)
                  00082bc3    00000041     board.obj (.text:CPUTIMER_CpuUsage_init)
                  00082c04    00000041     driverlib.lib : interrupt.obj (.text:Interrupt_initModule)
                  00082c45    0000003f                   : gpio.obj (.text:GPIO_setPadConfig)
                  00082c84    0000003f                   : xbar.obj (.text:XBAR_setEPWMMuxConfig)
                  00082cc3    0000003e                   : sysctl.obj (.text:SysCtl_pollX1Counter)
                  00082d01    0000003b     hal.obj (.text:HAL_MTR_setParams)
                  00082d3c    00000036     driverlib.lib : interrupt.obj (.text:Interrupt_enable)
                  00082d72    00000035                   : eqep.obj (.text:EQEP_setInputPolarity)
                  00082da7    00000032     board.obj (.text:CPUTIMER_TimeBase_init)
                  00082dd9    00000032     speedcalc.obj (.text:SPDCALC_setParams)
                  00082e0b    00000031     driverlib.lib : adc.obj (.text:ADC_setPPBTripLimits)
                  00082e3c    00000031     board.obj (.text:Board_init)
                  00082e6d    00000031     dac128s085.obj (.text:DAC128S_writeCommand)
                  00082e9e    00000031     motor_common.obj (.text:restartMotorControl)
                  00082ecf    00000030     driverlib.lib : gpio.obj (.text:GPIO_setPinConfig)
                  00082eff    0000002f     hal.obj (.text:HAL_MTR1_init)
                  00082f2e    0000002e     motor_common.obj (.text:calcMotorOverCurrentThreshold)
                  00082f5c    0000002e     rts2800_fpu64_eabi.lib : copy_decompress_lzss.c.obj (.text:decompress:lzss)
                  00082f8a    0000002d     driverlib.lib : adc.obj (.text:ADC_setVREF)
                  00082fb7    0000002d     hal.obj (.text:HAL_init)
                  00082fe4    0000002d     board.obj (.text:MTR1_IS_TRIP_CMPSS_init)
                  00083011    0000002b     driverlib.lib : sysctl.obj (.text:SysCtl_selectOscSource)
                  0008303c    0000002b     rts2800_fpu64_eabi.lib : autoinit.c.obj (.text:__TI_auto_init_nobinit_nopinit)
                  00083067    00000029                            : exit.c.obj (.text)
                  00083090    00000028     driverlib.lib : cmpss.obj (.text:CMPSS_configRampLow)
                  000830b8    00000025                   : memcfg.obj (.text:MemCfg_setLSRAMControllerSel)
                  000830dd    00000024                   : cmpss.obj (.text:CMPSS_configRampHigh)
                  00083101    00000023     board.obj (.text:MTR1_DAC_init)
                  00083124    00000023     driverlib.lib : sci.obj (.text:SCI_setConfig)
                  00083147    00000022                   : gpio.obj (.text:GPIO_setControllerCore)
                  00083169    00000022                   : gpio.obj (.text:GPIO_setQualificationMode)
                  0008318b    00000021                   : sysctl.obj (.text:SysCtl_configureType)
                  000831ac    00000021                   : sysctl.obj (.text:SysCtl_selectXTALSingleEnded)
                  000831cd    00000020     device.obj (.text:Device_initGPIO)
                  000831ed    00000020     driverlib.lib : gpio.obj (.text:GPIO_setDirectionMode)
                  0008320d    00000020     hal.obj (.text:HAL_setTriggerPrams)
                  0008322d    00000020     motor_common.obj (.text:stopMotorControl)
                  0008324d    0000001f     driverlib.lib : spi.obj (.text:SPI_setConfig)
                  0008326c    0000001e                   : spi.obj (.text:SPI_clearInterruptStatus)
                  0008328a    0000001d     rts2800_fpu64_eabi.lib : memcpy.c.obj (.text)
                  000832a7    0000001c     driverlib.lib : cmpss.obj (.text:CMPSS_configFilterHigh)
                  000832c3    0000001c                   : cmpss.obj (.text:CMPSS_configFilterLow)
                  000832df    0000001c                   : ipc.obj (.text:IPC_unregisterInterrupt)
                  000832fb    0000001c                   : sci.obj (.text:SCI_clearInterruptStatus)
                  00083317    0000001b     hal.obj (.text:HAL_setMtrCMPSSDACValue)
                  00083332    0000001a     driverlib.lib : memcfg.obj (.text:MemCfg_setGSRAMControllerSel)
                  0008334c    00000019     board.obj (.text:SysCtl_enablePeripheral)
                  00083365    00000019     rts2800_fpu64_eabi.lib : boot28.asm.obj (.text)
                  0008337e    00000019     motor_common.obj (.text:setupClarke_I)
                  00083397    00000018     encoder.obj (.text:ENC_setParams)
                  000833af    00000018     board.obj (.text:GPIO_init)
                  000833c7    00000018     board.obj (.text:LAUNCHPAD_LED1_init)
                  000833df    00000018     board.obj (.text:MTR1_GATE_EN_init)
                  000833f7    00000015     driverlib.lib : cmpss.obj (.text:CMPSS_configLatchOnPWMSYNC)
                  0008340c    00000015                   : interrupt.obj (.text:Interrupt_initVectorTable)
                  00083421    00000015     board.obj (.text:SysCtl_selectCPUForPeripheralInstance)
                  00083436    00000015     motor1_drive.obj (.text:initMotor1Handles)
                  0008344b    00000012     hal.obj (.text:HAL_enableDRV)
                  0008345d    00000012     board.obj (.text:SysCtl_setPeripheralAccessControl)
                  0008346f    00000012     telemetry_uart.obj (.text:TelemetryUart_addChannel)
                  00083481    00000011     driverlib.lib : adc.obj (.text:ADC_setMode)
                  00083492    00000011     board.obj (.text:SYNC_init)
                  000834a3    00000010     hal.obj (.text:HAL_MTR_setGateDriver)
                  000834b3    0000000e     hal.obj (.text:HAL_setParams)
                  000834c1    0000000d     angle_gen.obj (.text:ANGLE_GEN_setParams)
                  000834ce    0000000d     rts2800_fpu64_eabi.lib : copy_zero_init.c.obj (.text:decompress:ZI:__TI_zero_init_nomemset)
                  000834db    0000000c     board.obj (.text:INTERRUPT_init)
                  000834e7    0000000c     driverlib.lib : interrupt.obj (.text:Interrupt_defaultHandler)
                  000834f3    0000000c     rts2800_fpu64_eabi.lib : args_main.c.obj (.text)
                  000834ff    0000000b     board.obj (.text:ASYSCTL_init)
                  0008350a    0000000a     dac128s085.obj (.text:DAC128S_init)
                  00083514    0000000a     driverlib.lib : interrupt.obj (.text:Interrupt_illegalOperationHandler)
                  0008351e    0000000a                   : interrupt.obj (.text:Interrupt_nmiHandler)
                  00083528    00000009     board.obj (.text:MTR1_PM_nFAULT_IN_init)
                  00083531    00000009     rts2800_fpu64_eabi.lib : _lock.c.obj (.text)
                  0008353a    00000008                            : copy_decompress_none.c.obj (.text:decompress:none)
                  00083542    00000008     f28p65x_codestartbranch.obj (.text)
                  0008354a    00000007     hal.obj (.text:HAL_clearDataRAM)
                  00083551    00000006     driverlib.lib : adc.obj (.text:ADC_setOffsetTrim)
                  00083557    00000006     angle_gen.obj (.text:ANGLE_GEN_init)
                  0008355d    00000006     driverlib.lib : cputimer.obj (.text:CPUTimer_setEmulationMode)
                  00083563    00000006     encoder.obj (.text:ENC_init)
                  00083569    00000006     speedcalc.obj (.text:SPDCALC_init)
                  0008356f    00000004     clarke.obj (.text:CLARKE_init)
                  00083573    00000004     ipark.obj (.text:IPARK_init)
                  00083577    00000004     park.obj (.text:PARK_init)
                  0008357b    00000004     pi.obj (.text:PI_init)
                  0008357f    00000004     svgen.obj (.text:SVGEN_init)
                  00083583    00000004     traj.obj (.text:TRAJ_init)
                  00083587    00000002     rts2800_fpu64_eabi.lib : pre_init.c.obj (.text)

.TI.ramfunc 
*          0    00083590    00000551     RUN ADDR = 00008000
                  00083590    000004f6     motor1_drive.obj (.TI.ramfunc:motor1CtrlISR)
                  00083a86    00000057     driverlib.lib : flash.obj (.TI.ramfunc:Flash_initModule)
                  00083add    00000004                   : sysctl.obj (.TI.ramfunc)

ramfuncs   0    00083ae1    00000000     UNINITIALIZEDRUN ADDR = 00008551

dclfuncs   0    00083ae1    00000000     UNINITIALIZEDRUN ADDR = 00008551

dcl32funcs 
*          0    00083ae1    00000000     UNINITIALIZEDRUN ADDR = 00008551

.cinit     0    00090008    0000003c     
                  00090008    00000009     (.cinit..data.load) [load image, compression = lzss]
                  00090011    00000001     --HOLE-- [fill = 0]
                  00090012    00000006     (__TI_handler_table)
                  00090018    00000004     (.cinit..bss.load) [load image, compression = zero_init]
                  0009001c    00000004     (.cinit.foc_data.load) [load image, compression = zero_init]
                  00090020    00000004     (.cinit.hal_data.load) [load image, compression = zero_init]
                  00090024    00000004     (.cinit.sys_data.load) [load image, compression = zero_init]
                  00090028    00000004     (.cinit.user_data.load) [load image, compression = zero_init]
                  0009002c    00000018     (__TI_cinit_table)

.init_array 
*          0    00080008    00000000     UNINITIALIZED

.bss       0    0000c25e    00000106     UNINITIALIZED
                  0000c25e    000000c8     throttle_input.obj (.bss:averagingArr)
                  0000c326    0000001a     --HOLE--
                  0000c340    00000024     sys_main.obj (.bss)

.const     0    00083ae8    00000047     
                  00083ae8    00000044     driverlib.lib : ipc.obj (.const:IPC_Instance)
                  00083b2c    00000003     board.obj (.const)

hal_data   0    0000c380    0000001e     UNINITIALIZED
                  0000c380    0000001e     hal.obj (hal_data)

user_data 
*          0    0000e000    0000003a     UNINITIALIZED
                  0000e000    0000003a     user_mtr1.obj (user_data)

sys_data   0    0000e040    0000002a     UNINITIALIZED
                  0000e040    0000002a     sys_main.obj (sys_data)

dmaBuf_data 
*          0    00010000    00000000     UNINITIALIZED

datalog_data 
*          0    00010000    00000000     UNINITIALIZED

SFRA_F32_Data 
*          0    00010000    00000000     UNINITIALIZED

MODULE SUMMARY

       Module                        code    ro data   rw data
       ------                        ----    -------   -------
    .\
       sys_main.obj                  427     0         78     
    +--+-----------------------------+-------+---------+---------+
       Total:                        427     0         78     
                                                              
    .\libraries\control\pi\
       pi.obj                        4       0         0      
    +--+-----------------------------+-------+---------+---------+
       Total:                        4       0         0      
                                                              
    .\libraries\dacs\dac128s085\
       dac128s085.obj                145     0         0      
    +--+-----------------------------+-------+---------+---------+
       Total:                        145     0         0      
                                                              
    .\libraries\observers\encoder\
       encoder.obj                   30      0         0      
    +--+-----------------------------+-------+---------+---------+
       Total:                        30      0         0      
                                                              
    .\libraries\observers\speedcalc\
       speedcalc.obj                 56      0         0      
    +--+-----------------------------+-------+---------+---------+
       Total:                        56      0         0      
                                                              
    .\libraries\transforms\clarke\
       clarke.obj                    4       0         0      
    +--+-----------------------------+-------+---------+---------+
       Total:                        4       0         0      
                                                              
    .\libraries\transforms\ipark\
       ipark.obj                     4       0         0      
    +--+-----------------------------+-------+---------+---------+
       Total:                        4       0         0      
                                                              
    .\libraries\transforms\park\
       park.obj                      4       0         0      
    +--+-----------------------------+-------+---------+---------+
       Total:                        4       0         0      
                                                              
    .\libraries\transforms\svgen\
       svgen.obj                     4       0         0      
    +--+-----------------------------+-------+---------+---------+
       Total:                        4       0         0      
                                                              
    .\libraries\utilities\angle_gen\
       angle_gen.obj                 19      0         0      
    +--+-----------------------------+-------+---------+---------+
       Total:                        19      0         0      
                                                              
    .\libraries\utilities\traj\
       traj.obj                      4       0         0      
    +--+-----------------------------+-------+---------+---------+
       Total:                        4       0         0      
                                                              
    .\src_board\
       hal.obj                       265     0         30     
       user_mtr1.obj                 171     0         58     
    +--+-----------------------------+-------+---------+---------+
       Total:                        436     0         88     
                                                              
    .\src_control\
       motor1_drive.obj              4466    0         606    
       motor_common.obj              1254    0         0      
    +--+-----------------------------+-------+---------+---------+
       Total:                        5720    0         606    
                                                              
    .\src_device\
       f28p65x_codestartbranch.obj   10      0         0      
    +--+-----------------------------+-------+---------+---------+
       Total:                        10      0         0      
                                                              
    .\src_throttleInput\
       telemetry_uart.obj            387     0         0      
       throttle_input.obj            121     0         206    
    +--+-----------------------------+-------+---------+---------+
       Total:                        508     0         206    
                                                              
    .\syscfg\
       board.obj                     5820    3         0      
       device.obj                    173     0         0      
    +--+-----------------------------+-------+---------+---------+
       Total:                        5993    3         0      
                                                              
    ../src_device/driverlib.lib
       sysctl.obj                    1099    0         0      
       ipc.obj                       28      68        272    
       interrupt.obj                 362     0         0      
       gpio.obj                      301     0         0      
       adc.obj                       182     0         0      
       flash.obj                     174     0         0      
       cmpss.obj                     153     0         0      
       memcfg.obj                    143     0         0      
       sci.obj                       63      0         0      
       xbar.obj                      63      0         0      
       spi.obj                       61      0         0      
       eqep.obj                      53      0         0      
       cputimer.obj                  6       0         0      
    +--+-----------------------------+-------+---------+---------+
       Total:                        2688    68        272    
                                                              
    C:\ti\ccs2030\ccs\tools\compiler\ti-cgt-c2000_22.6.2.LTS\lib\rts2800_fpu64_eabi.lib
       fs_div28.asm.obj              136     0         0      
       exit.c.obj                    41      0         6      
       copy_decompress_lzss.c.obj    46      0         0      
       autoinit.c.obj                43      0         0      
       memcpy.c.obj                  29      0         0      
       boot28.asm.obj                25      0         0      
       _lock.c.obj                   9       0         4      
       copy_zero_init.c.obj          13      0         0      
       args_main.c.obj               12      0         0      
       copy_decompress_none.c.obj    8       0         0      
       pre_init.c.obj                2       0         0      
       startup.c.obj                 1       0         0      
    +--+-----------------------------+-------+---------+---------+
       Total:                        365     0         10     
                                                              
       Stack:                        0       0         256    
       Linker Generated:             0       59        0      
    +--+-----------------------------+-------+---------+---------+
       Grand Total:                  16421   130       1516   


LINKER GENERATED COPY TABLES

__TI_cinit_table @ 0009002c records: 6, size/record: 4, table size: 24
	.data: load addr=00090008, load size=00000009 bytes, run addr=0000c364, run size=00000010 bytes, compression=lzss
	.bss: load addr=00090018, load size=00000004 bytes, run addr=0000c25e, run size=00000106 bytes, compression=zero_init
	foc_data: load addr=0009001c, load size=00000004 bytes, run addr=0000c000, run size=0000025e bytes, compression=zero_init
	hal_data: load addr=00090020, load size=00000004 bytes, run addr=0000c380, run size=0000001e bytes, compression=zero_init
	sys_data: load addr=00090024, load size=00000004 bytes, run addr=0000e040, run size=0000002a bytes, compression=zero_init
	user_data: load addr=00090028, load size=00000004 bytes, run addr=0000e000, run size=0000003a bytes, compression=zero_init


LINKER GENERATED HANDLER TABLE

__TI_handler_table @ 00090012 records: 3, size/record: 2, table size: 6
	index: 0, handler: __TI_zero_init
	index: 1, handler: __TI_decompress_lzss
	index: 2, handler: __TI_decompress_none


GLOBAL DATA SYMBOLS: SORTED BY DATA PAGE

address     data page           name
--------    ----------------    ----
000001b2       6 (00000180)     __stack

0000c000     300 (0000c000)     motorHandle_M1
0000c002     300 (0000c000)     ipark_V_M1
0000c006     300 (0000c000)     park_I_M1
0000c00a     300 (0000c000)     park_V_M1
0000c00e     300 (0000c000)     svgen_M1
0000c012     300 (0000c000)     clarke_I_M1
0000c018     300 (0000c000)     angleGen_M1
0000c020     300 (0000c000)     traj_spd_M1
0000c02a     300 (0000c000)     pi_Id_M1

0000c040     301 (0000c040)     pi_Iq_M1
0000c050     301 (0000c040)     pi_spd_M1
0000c060     301 (0000c040)     speedcalc_M1

0000c080     302 (0000c080)     halMtr_M1
0000c09a     302 (0000c080)     enc_M1

0000c0c0     303 (0000c0c0)     motorSetVars_M1

0000c140     305 (0000c140)     motorVars_M1

0000c25e     309 (0000c240)     averagingArr

0000c340     30d (0000c340)     UARTcomms
0000c364     30d (0000c340)     __TI_enable_exit_profile_output
0000c366     30d (0000c340)     __TI_cleanup_ptr
0000c368     30d (0000c340)     __TI_dtors_ptr
0000c36a     30d (0000c340)     currentIndex
0000c36c     30d (0000c340)     lastReadVoltage
0000c36e     30d (0000c340)     currentTotal
0000c370     30d (0000c340)     _lock
0000c372     30d (0000c340)     _unlock

0000c380     30e (0000c380)     halHandle
0000c382     30e (0000c380)     hal

0000e000     380 (0000e000)     userParams_M1

0000e040     381 (0000e040)     dac128sHandle
0000e042     381 (0000e040)     systemVars
0000e04e     381 (0000e040)     dac128s

0003a000     e80 (0003a000)     IPC_CPU1_To_CPU2_PutBuffer

0003b000     ec0 (0003b000)     IPC_CPU1_To_CPU2_GetBuffer

00083ae8    20eb (00083ac0)     IPC_Instance


GLOBAL SYMBOLS: SORTED ALPHABETICALLY BY Name 

page  address   name                             
----  -------   ----                             
0     00081c57  ADCA_CONFIG_init                 
0     000822f4  ADCB_CONFIG_init                 
0     00081ff7  ADCC_CONFIG_init                 
0     00082b82  ADC_setINLTrim                   
0     00083481  ADC_setMode                      
0     00083551  ADC_setOffsetTrim                
0     00082e0b  ADC_setPPBTripLimits             
0     00082f8a  ADC_setVREF                      
0     00083557  ANGLE_GEN_init                   
0     000834c1  ANGLE_GEN_setParams              
0     000834ff  ASYSCTL_init                     
0     00082e3c  Board_init                       
0     00083067  C$$EXIT                          
0     0008356f  CLARKE_init                      
0     000832a7  CMPSS_configFilterHigh           
0     000832c3  CMPSS_configFilterLow            
0     000833f7  CMPSS_configLatchOnPWMSYNC       
0     000830dd  CMPSS_configRampHigh             
0     00083090  CMPSS_configRampLow              
0     00082bc3  CPUTIMER_CpuUsage_init           
0     00082da7  CPUTIMER_TimeBase_init           
0     0008355d  CPUTimer_setEmulationMode        
0     0008350a  DAC128S_init                     
0     00082e6d  DAC128S_writeCommand             
0     00082922  DAC128S_writeData                
0     00082a15  DAC_SPI_init                     
0     00083101  DAC_init                         
0     000824eb  Device_init                      
0     000831cd  Device_initGPIO                  
0     00083563  ENC_init                         
0     00083397  ENC_setParams                    
0     00082fe4  EPWMXBAR_init                    
0     0008077c  EPWM_init                        
0     00082451  EQEP_init                        
0     00082d72  EQEP_setInputPolarity            
0     000084f6  Flash_initModule                 
0     000833af  GPIO_init                        
0     000828c8  GPIO_setAnalogMode               
0     00083147  GPIO_setControllerCore           
0     000831ed  GPIO_setDirectionMode            
0     00082c45  GPIO_setPadConfig                
0     00082ecf  GPIO_setPinConfig                
0     00083169  GPIO_setQualificationMode        
0     00082eff  HAL_MTR1_init                    
0     000834a3  HAL_MTR_setGateDriver            
0     00082d01  HAL_MTR_setParams                
0     0008354a  HAL_clearDataRAM                 
0     0008344b  HAL_enableDRV                    
0     00082fb7  HAL_init                         
0     00083317  HAL_setMtrCMPSSDACValue          
0     000834b3  HAL_setParams                    
0     0008320d  HAL_setTriggerPrams              
0     00083528  INPUTXBAR_init                   
0     000834db  INTERRUPT_init                   
0     00083573  IPARK_init                       
0     0003b000  IPC_CPU1_To_CPU2_GetBuffer       
0     0003a000  IPC_CPU1_To_CPU2_PutBuffer       
0     00083ae8  IPC_Instance                     
0     000832df  IPC_unregisterInterrupt          
0     000834e7  Interrupt_defaultHandler         
0     00082a60  Interrupt_disable                
0     00082d3c  Interrupt_enable                 
0     00083514  Interrupt_illegalOperationHandler
0     00082c04  Interrupt_initModule             
0     0008340c  Interrupt_initVectorTable        
0     0008351e  Interrupt_nmiHandler             
0     000833c7  LAUNCHPAD_LED1_init              
0     000817e9  MEMCFG_init                      
0     0008223b  MTR1_CMPSS_U_H_init              
0     0008217b  MTR1_CMPSS_U_L_init              
0     00081f32  MTR1_CMPSS_V_init                
0     000820ba  MTR1_CMPSS_W_init                
0     00083101  MTR1_DAC_init                    
0     000833df  MTR1_GATE_EN_init                
0     00082fe4  MTR1_IS_TRIP_CMPSS_init          
0     00083528  MTR1_PM_nFAULT_IN_init           
0     00082451  MTR1_QEP_init                    
0     00083332  MemCfg_setGSRAMControllerSel     
0     000830b8  MemCfg_setLSRAMControllerSel     
0     00082978  MemCfg_setProtection             
0     00083577  PARK_init                        
0     0008357b  PI_init                          
0     0008169d  PinMux_init                      
abs   00083ae1  RamfuncsLoadEnd                  
abs   00000551  RamfuncsLoadSize                 
abs   00083590  RamfuncsLoadStart                
abs   00008551  RamfuncsRunEnd                   
abs   00000551  RamfuncsRunSize                  
abs   00008000  RamfuncsRunStart                 
0     000832fb  SCI_clearInterruptStatus         
0     0008276a  SCI_init                         
0     00083124  SCI_setConfig                    
0     00083569  SPDCALC_init                     
0     00082dd9  SPDCALC_setParams                
0     0008326c  SPI_clearInterruptStatus         
0     00082a15  SPI_init                         
0     0008324d  SPI_setConfig                    
0     0008357f  SVGEN_init                       
0     00083492  SYNC_init                        
0     00080008  SYSCTL_init                      
0     0008318b  SysCtl_configureType             
0     0000854d  SysCtl_delay                     
0     00081b58  SysCtl_isPLLValid                
0     00083011  SysCtl_selectOscSource           
0     000829c8  SysCtl_selectOscSourceAuxPLL     
0     00082b3d  SysCtl_selectXTAL                
0     000831ac  SysCtl_selectXTALSingleEnded     
0     00081e49  SysCtl_setAuxClock               
0     0008191c  SysCtl_setClock                  
0     00083583  TRAJ_init                        
0     0008346f  TelemetryUart_addChannel         
0     000826f2  TelemetryUart_init               
0     00081d50  TelemetryUart_service            
0     0000c340  UARTcomms                        
0     000823a6  USER_setMotor1Params             
0     00082c84  XBAR_setEPWMMuxConfig            
0     0009002c  __TI_CINIT_Base                  
0     00090044  __TI_CINIT_Limit                 
0     00090044  __TI_CINIT_Warm                  
0     00090012  __TI_Handler_Table_Base          
0     00090018  __TI_Handler_Table_Limit         
0     000002b2  __TI_STACK_END                   
abs   00000100  __TI_STACK_SIZE                  
0     0008303c  __TI_auto_init_nobinit_nopinit   
0     0000c366  __TI_cleanup_ptr                 
0     00082f5c  __TI_decompress_lzss             
0     0008353a  __TI_decompress_none             
0     0000c368  __TI_dtors_ptr                   
0     0000c364  __TI_enable_exit_profile_output  
abs   ffffffff  __TI_pprof_out_hndl              
abs   ffffffff  __TI_prof_data_size              
abs   ffffffff  __TI_prof_data_start             
0     000834ce  __TI_zero_init_nomemset          
0     00082578  __c28xabi_divf                   
n/a   UNDEFED   __c_args__                       
0     000001b2  __stack                          
0     000834f3  _args_main                       
0     00083365  _c_int00                         
0     0000c370  _lock                            
0     00083539  _nop                             
0     00083535  _register_lock                   
0     00083531  _register_unlock                 
0     00080bd1  _system_post_cinit               
0     00083587  _system_pre_init                 
0     0000c372  _unlock                          
0     00083067  abort                            
0     0000c018  angleGen_M1                      
0     0000c25e  averagingArr                     
0     00082f2e  calcMotorOverCurrentThreshold    
0     00082600  calculateRMSData                 
0     0000c012  clarke_I_M1                      
0     00080000  code_start                       
0     00082aaa  collectRMSData                   
0     0000c36a  currentIndex                     
0     0000c36e  currentTotal                     
0     0000e04e  dac128s                          
0     0000e040  dac128sHandle                    
0     0000c09a  enc_M1                           
0     00083069  exit                             
0     0000c382  hal                              
0     0000c380  halHandle                        
0     0000c080  halMtr_M1                        
0     000810ff  initMotor1CtrlParameters         
0     00083436  initMotor1Handles                
0     0000c002  ipark_V_M1                       
0     0000c36c  lastReadVoltage                  
0     00010000  loadEnd_SFRA_F32_Data            
0     00008000  loadEnd_ctrlfuncs                
0     00010000  loadEnd_datalog_data             
0     00010000  loadEnd_dmaBuf_data              
0     0000c25e  loadEnd_foc_data                 
0     0000c39e  loadEnd_hal_data                 
0     0000e06a  loadEnd_sys_data                 
0     0000e03a  loadEnd_user_data                
abs   00000000  loadSize_SFRA_F32_Data           
abs   00000000  loadSize_ctrlfuncs               
abs   00000000  loadSize_datalog_data            
abs   00000000  loadSize_dmaBuf_data             
abs   0000025e  loadSize_foc_data                
abs   0000001e  loadSize_hal_data                
abs   0000002a  loadSize_sys_data                
abs   0000003a  loadSize_user_data               
0     00010000  loadStart_SFRA_F32_Data          
0     00008000  loadStart_ctrlfuncs              
0     00010000  loadStart_datalog_data           
0     00010000  loadStart_dmaBuf_data            
0     0000c000  loadStart_foc_data               
0     0000c380  loadStart_hal_data               
0     0000e040  loadStart_sys_data               
0     0000e000  loadStart_user_data              
0     000814f2  main                             
0     0008328a  memcpy                           
0     00008000  motor1CtrlISR                    
0     0000c000  motorHandle_M1                   
0     0000c0c0  motorSetVars_M1                  
0     0000c140  motorVars_M1                     
0     0008276a  mySCI_init                       
0     0000c006  park_I_M1                        
0     0000c00a  park_V_M1                        
0     0000c02a  pi_Id_M1                         
0     0000c040  pi_Iq_M1                         
0     0000c050  pi_spd_M1                        
0     000827df  resetMotorControl                
0     00082e9e  restartMotorControl              
0     00008000  runEnd_ctrlfuncs                 
0     00080e9d  runMotor1Control                 
0     00080bd2  runMotor1OffsetsCalculation      
0     00081343  runMotorMonitor                  
abs   00000000  runSize_ctrlfuncs                
0     00008000  runStart_ctrlfuncs               
0     0008337e  setupClarke_I                    
0     00081a3a  setupControllers                 
0     0000c060  speedcalc_M1                     
0     0008322d  stopMotorControl                 
0     0000c00e  svgen_M1                         
0     0000e042  systemVars                       
0     00082679  throttle_get_newest_speedFreq    
0     0000c020  traj_spd_M1                      
0     00082af4  updateGlobalVariables            
0     0000e000  userParams_M1                    


GLOBAL SYMBOLS: SORTED BY Symbol Address 

page  address   name                             
----  -------   ----                             
0     000001b2  __stack                          
0     000002b2  __TI_STACK_END                   
0     00008000  loadEnd_ctrlfuncs                
0     00008000  loadStart_ctrlfuncs              
0     00008000  motor1CtrlISR                    
0     00008000  runEnd_ctrlfuncs                 
0     00008000  runStart_ctrlfuncs               
0     000084f6  Flash_initModule                 
0     0000854d  SysCtl_delay                     
0     0000c000  loadStart_foc_data               
0     0000c000  motorHandle_M1                   
0     0000c002  ipark_V_M1                       
0     0000c006  park_I_M1                        
0     0000c00a  park_V_M1                        
0     0000c00e  svgen_M1                         
0     0000c012  clarke_I_M1                      
0     0000c018  angleGen_M1                      
0     0000c020  traj_spd_M1                      
0     0000c02a  pi_Id_M1                         
0     0000c040  pi_Iq_M1                         
0     0000c050  pi_spd_M1                        
0     0000c060  speedcalc_M1                     
0     0000c080  halMtr_M1                        
0     0000c09a  enc_M1                           
0     0000c0c0  motorSetVars_M1                  
0     0000c140  motorVars_M1                     
0     0000c25e  averagingArr                     
0     0000c25e  loadEnd_foc_data                 
0     0000c340  UARTcomms                        
0     0000c364  __TI_enable_exit_profile_output  
0     0000c366  __TI_cleanup_ptr                 
0     0000c368  __TI_dtors_ptr                   
0     0000c36a  currentIndex                     
0     0000c36c  lastReadVoltage                  
0     0000c36e  currentTotal                     
0     0000c370  _lock                            
0     0000c372  _unlock                          
0     0000c380  halHandle                        
0     0000c380  loadStart_hal_data               
0     0000c382  hal                              
0     0000c39e  loadEnd_hal_data                 
0     0000e000  loadStart_user_data              
0     0000e000  userParams_M1                    
0     0000e03a  loadEnd_user_data                
0     0000e040  dac128sHandle                    
0     0000e040  loadStart_sys_data               
0     0000e042  systemVars                       
0     0000e04e  dac128s                          
0     0000e06a  loadEnd_sys_data                 
0     00010000  loadEnd_SFRA_F32_Data            
0     00010000  loadEnd_datalog_data             
0     00010000  loadEnd_dmaBuf_data              
0     00010000  loadStart_SFRA_F32_Data          
0     00010000  loadStart_datalog_data           
0     00010000  loadStart_dmaBuf_data            
0     0003a000  IPC_CPU1_To_CPU2_PutBuffer       
0     0003b000  IPC_CPU1_To_CPU2_GetBuffer       
0     00080000  code_start                       
0     00080008  SYSCTL_init                      
0     0008077c  EPWM_init                        
0     00080bd1  _system_post_cinit               
0     00080bd2  runMotor1OffsetsCalculation      
0     00080e9d  runMotor1Control                 
0     000810ff  initMotor1CtrlParameters         
0     00081343  runMotorMonitor                  
0     000814f2  main                             
0     0008169d  PinMux_init                      
0     000817e9  MEMCFG_init                      
0     0008191c  SysCtl_setClock                  
0     00081a3a  setupControllers                 
0     00081b58  SysCtl_isPLLValid                
0     00081c57  ADCA_CONFIG_init                 
0     00081d50  TelemetryUart_service            
0     00081e49  SysCtl_setAuxClock               
0     00081f32  MTR1_CMPSS_V_init                
0     00081ff7  ADCC_CONFIG_init                 
0     000820ba  MTR1_CMPSS_W_init                
0     0008217b  MTR1_CMPSS_U_L_init              
0     0008223b  MTR1_CMPSS_U_H_init              
0     000822f4  ADCB_CONFIG_init                 
0     000823a6  USER_setMotor1Params             
0     00082451  EQEP_init                        
0     00082451  MTR1_QEP_init                    
0     000824eb  Device_init                      
0     00082578  __c28xabi_divf                   
0     00082600  calculateRMSData                 
0     00082679  throttle_get_newest_speedFreq    
0     000826f2  TelemetryUart_init               
0     0008276a  SCI_init                         
0     0008276a  mySCI_init                       
0     000827df  resetMotorControl                
0     000828c8  GPIO_setAnalogMode               
0     00082922  DAC128S_writeData                
0     00082978  MemCfg_setProtection             
0     000829c8  SysCtl_selectOscSourceAuxPLL     
0     00082a15  DAC_SPI_init                     
0     00082a15  SPI_init                         
0     00082a60  Interrupt_disable                
0     00082aaa  collectRMSData                   
0     00082af4  updateGlobalVariables            
0     00082b3d  SysCtl_selectXTAL                
0     00082b82  ADC_setINLTrim                   
0     00082bc3  CPUTIMER_CpuUsage_init           
0     00082c04  Interrupt_initModule             
0     00082c45  GPIO_setPadConfig                
0     00082c84  XBAR_setEPWMMuxConfig            
0     00082d01  HAL_MTR_setParams                
0     00082d3c  Interrupt_enable                 
0     00082d72  EQEP_setInputPolarity            
0     00082da7  CPUTIMER_TimeBase_init           
0     00082dd9  SPDCALC_setParams                
0     00082e0b  ADC_setPPBTripLimits             
0     00082e3c  Board_init                       
0     00082e6d  DAC128S_writeCommand             
0     00082e9e  restartMotorControl              
0     00082ecf  GPIO_setPinConfig                
0     00082eff  HAL_MTR1_init                    
0     00082f2e  calcMotorOverCurrentThreshold    
0     00082f5c  __TI_decompress_lzss             
0     00082f8a  ADC_setVREF                      
0     00082fb7  HAL_init                         
0     00082fe4  EPWMXBAR_init                    
0     00082fe4  MTR1_IS_TRIP_CMPSS_init          
0     00083011  SysCtl_selectOscSource           
0     0008303c  __TI_auto_init_nobinit_nopinit   
0     00083067  C$$EXIT                          
0     00083067  abort                            
0     00083069  exit                             
0     00083090  CMPSS_configRampLow              
0     000830b8  MemCfg_setLSRAMControllerSel     
0     000830dd  CMPSS_configRampHigh             
0     00083101  DAC_init                         
0     00083101  MTR1_DAC_init                    
0     00083124  SCI_setConfig                    
0     00083147  GPIO_setControllerCore           
0     00083169  GPIO_setQualificationMode        
0     0008318b  SysCtl_configureType             
0     000831ac  SysCtl_selectXTALSingleEnded     
0     000831cd  Device_initGPIO                  
0     000831ed  GPIO_setDirectionMode            
0     0008320d  HAL_setTriggerPrams              
0     0008322d  stopMotorControl                 
0     0008324d  SPI_setConfig                    
0     0008326c  SPI_clearInterruptStatus         
0     0008328a  memcpy                           
0     000832a7  CMPSS_configFilterHigh           
0     000832c3  CMPSS_configFilterLow            
0     000832df  IPC_unregisterInterrupt          
0     000832fb  SCI_clearInterruptStatus         
0     00083317  HAL_setMtrCMPSSDACValue          
0     00083332  MemCfg_setGSRAMControllerSel     
0     00083365  _c_int00                         
0     0008337e  setupClarke_I                    
0     00083397  ENC_setParams                    
0     000833af  GPIO_init                        
0     000833c7  LAUNCHPAD_LED1_init              
0     000833df  MTR1_GATE_EN_init                
0     000833f7  CMPSS_configLatchOnPWMSYNC       
0     0008340c  Interrupt_initVectorTable        
0     00083436  initMotor1Handles                
0     0008344b  HAL_enableDRV                    
0     0008346f  TelemetryUart_addChannel         
0     00083481  ADC_setMode                      
0     00083492  SYNC_init                        
0     000834a3  HAL_MTR_setGateDriver            
0     000834b3  HAL_setParams                    
0     000834c1  ANGLE_GEN_setParams              
0     000834ce  __TI_zero_init_nomemset          
0     000834db  INTERRUPT_init                   
0     000834e7  Interrupt_defaultHandler         
0     000834f3  _args_main                       
0     000834ff  ASYSCTL_init                     
0     0008350a  DAC128S_init                     
0     00083514  Interrupt_illegalOperationHandler
0     0008351e  Interrupt_nmiHandler             
0     00083528  INPUTXBAR_init                   
0     00083528  MTR1_PM_nFAULT_IN_init           
0     00083531  _register_unlock                 
0     00083535  _register_lock                   
0     00083539  _nop                             
0     0008353a  __TI_decompress_none             
0     0008354a  HAL_clearDataRAM                 
0     00083551  ADC_setOffsetTrim                
0     00083557  ANGLE_GEN_init                   
0     0008355d  CPUTimer_setEmulationMode        
0     00083563  ENC_init                         
0     00083569  SPDCALC_init                     
0     0008356f  CLARKE_init                      
0     00083573  IPARK_init                       
0     00083577  PARK_init                        
0     0008357b  PI_init                          
0     0008357f  SVGEN_init                       
0     00083583  TRAJ_init                        
0     00083587  _system_pre_init                 
0     00083ae8  IPC_Instance                     
0     00090012  __TI_Handler_Table_Base          
0     00090018  __TI_Handler_Table_Limit         
0     0009002c  __TI_CINIT_Base                  
0     00090044  __TI_CINIT_Limit                 
0     00090044  __TI_CINIT_Warm                  
abs   00000000  loadSize_SFRA_F32_Data           
abs   00000000  loadSize_ctrlfuncs               
abs   00000000  loadSize_datalog_data            
abs   00000000  loadSize_dmaBuf_data             
abs   00000000  runSize_ctrlfuncs                
abs   0000001e  loadSize_hal_data                
abs   0000002a  loadSize_sys_data                
abs   0000003a  loadSize_user_data               
abs   00000100  __TI_STACK_SIZE                  
abs   0000025e  loadSize_foc_data                
abs   00000551  RamfuncsLoadSize                 
abs   00000551  RamfuncsRunSize                  
abs   00008000  RamfuncsRunStart                 
abs   00008551  RamfuncsRunEnd                   
abs   00083590  RamfuncsLoadStart                
abs   00083ae1  RamfuncsLoadEnd                  
abs   ffffffff  __TI_pprof_out_hndl              
abs   ffffffff  __TI_prof_data_size              
abs   ffffffff  __TI_prof_data_start             
n/a   UNDEFED   __c_args__                       

[220 symbols]
