<?xml version="1.0" encoding="ISO-8859-1" ?>
<link_info>
   <banner>TMS320C2000 Linker PC v22.6.2.LTS</banner>
   <copyright>Copyright (c) 1996-2018 Texas Instruments Incorporated</copyright>
   <link_time>0x692f3b7b</link_time>
   <link_errors>0x0</link_errors>
   <output_file>universal_servo_drive_f28p65x.out</output_file>
   <entry_point>
      <name>code_start</name>
      <address>0x80000</address>
   </entry_point>
   <input_file_list>
      <input_file id="fl-2">
         <path>.\</path>
         <kind>object</kind>
         <file>sys_main.obj</file>
         <name>sys_main.obj</name>
      </input_file>
      <input_file id="fl-3">
         <path>.\libraries\control\fwc\</path>
         <kind>object</kind>
         <file>fwc.obj</file>
         <name>fwc.obj</name>
      </input_file>
      <input_file id="fl-4">
         <path>.\libraries\control\mtpa\</path>
         <kind>object</kind>
         <file>mtpa.obj</file>
         <name>mtpa.obj</name>
      </input_file>
      <input_file id="fl-5">
         <path>.\libraries\control\pi\</path>
         <kind>object</kind>
         <file>pi.obj</file>
         <name>pi.obj</name>
      </input_file>
      <input_file id="fl-6">
         <path>.\libraries\control\vs_freq\</path>
         <kind>object</kind>
         <file>vs_freq.obj</file>
         <name>vs_freq.obj</name>
      </input_file>
      <input_file id="fl-7">
         <path>.\libraries\dacs\dac128s085\</path>
         <kind>object</kind>
         <file>dac128s085.obj</file>
         <name>dac128s085.obj</name>
      </input_file>
      <input_file id="fl-8">
         <path>.\libraries\filter\filter_fo\</path>
         <kind>object</kind>
         <file>filter_fo.obj</file>
         <name>filter_fo.obj</name>
      </input_file>
      <input_file id="fl-9">
         <path>.\libraries\observers\encoder\</path>
         <kind>object</kind>
         <file>encoder.obj</file>
         <name>encoder.obj</name>
      </input_file>
      <input_file id="fl-a">
         <path>.\libraries\observers\speedcalc\</path>
         <kind>object</kind>
         <file>speedcalc.obj</file>
         <name>speedcalc.obj</name>
      </input_file>
      <input_file id="fl-b">
         <path>.\libraries\observers\ssipd\</path>
         <kind>object</kind>
         <file>ssipd.obj</file>
         <name>ssipd.obj</name>
      </input_file>
      <input_file id="fl-c">
         <path>.\libraries\transforms\clarke\</path>
         <kind>object</kind>
         <file>clarke.obj</file>
         <name>clarke.obj</name>
      </input_file>
      <input_file id="fl-d">
         <path>.\libraries\transforms\ipark\</path>
         <kind>object</kind>
         <file>ipark.obj</file>
         <name>ipark.obj</name>
      </input_file>
      <input_file id="fl-e">
         <path>.\libraries\transforms\park\</path>
         <kind>object</kind>
         <file>park.obj</file>
         <name>park.obj</name>
      </input_file>
      <input_file id="fl-f">
         <path>.\libraries\transforms\svgen\</path>
         <kind>object</kind>
         <file>svgen.obj</file>
         <name>svgen.obj</name>
      </input_file>
      <input_file id="fl-10">
         <path>.\libraries\transforms\svgen\</path>
         <kind>object</kind>
         <file>svgen_current.obj</file>
         <name>svgen_current.obj</name>
      </input_file>
      <input_file id="fl-11">
         <path>.\libraries\utilities\angle_gen\</path>
         <kind>object</kind>
         <file>angle_gen.obj</file>
         <name>angle_gen.obj</name>
      </input_file>
      <input_file id="fl-12">
         <path>.\libraries\utilities\datalog\</path>
         <kind>object</kind>
         <file>datalogIF.obj</file>
         <name>datalogIF.obj</name>
      </input_file>
      <input_file id="fl-13">
         <path>.\libraries\utilities\step_response\</path>
         <kind>object</kind>
         <file>step_response.obj</file>
         <name>step_response.obj</name>
      </input_file>
      <input_file id="fl-14">
         <path>.\libraries\utilities\traj\</path>
         <kind>object</kind>
         <file>traj.obj</file>
         <name>traj.obj</name>
      </input_file>
      <input_file id="fl-15">
         <path>.\src_board\</path>
         <kind>object</kind>
         <file>hal.obj</file>
         <name>hal.obj</name>
      </input_file>
      <input_file id="fl-16">
         <path>.\syscfg\</path>
         <kind>object</kind>
         <file>board.obj</file>
         <name>board.obj</name>
      </input_file>
      <input_file id="fl-17">
         <path>.\syscfg\</path>
         <kind>object</kind>
         <file>device.obj</file>
         <name>device.obj</name>
      </input_file>
      <input_file id="fl-18">
         <path>.\syscfg\</path>
         <kind>object</kind>
         <file>c2000ware_libraries.obj</file>
         <name>c2000ware_libraries.obj</name>
      </input_file>
      <input_file id="fl-19">
         <path>.\src_board\</path>
         <kind>object</kind>
         <file>user_mtr1.obj</file>
         <name>user_mtr1.obj</name>
      </input_file>
      <input_file id="fl-1a">
         <path>.\src_control\</path>
         <kind>object</kind>
         <file>motor1_drive.obj</file>
         <name>motor1_drive.obj</name>
      </input_file>
      <input_file id="fl-1b">
         <path>.\src_control\</path>
         <kind>object</kind>
         <file>motor_common.obj</file>
         <name>motor_common.obj</name>
      </input_file>
      <input_file id="fl-1c">
         <path>.\src_device\</path>
         <kind>object</kind>
         <file>f28p65x_codestartbranch.obj</file>
         <name>f28p65x_codestartbranch.obj</name>
      </input_file>
      <input_file id="fl-1d">
         <path>.\src_device\</path>
         <kind>object</kind>
         <file>f28p65x_globalvariabledefs.obj</file>
         <name>f28p65x_globalvariabledefs.obj</name>
      </input_file>
      <input_file id="fl-23">
         <kind>object</kind>
         <file>&lt;internal&gt;</file>
         <name>&lt;internal&gt;</name>
      </input_file>
      <input_file id="fl-24">
         <path>..\src_device\</path>
         <kind>archive</kind>
         <file>driverlib.lib</file>
         <name>adc.obj</name>
      </input_file>
      <input_file id="fl-25">
         <path>..\src_device\</path>
         <kind>archive</kind>
         <file>driverlib.lib</file>
         <name>cmpss.obj</name>
      </input_file>
      <input_file id="fl-26">
         <path>..\src_device\</path>
         <kind>archive</kind>
         <file>driverlib.lib</file>
         <name>cputimer.obj</name>
      </input_file>
      <input_file id="fl-27">
         <path>..\src_device\</path>
         <kind>archive</kind>
         <file>driverlib.lib</file>
         <name>dcc.obj</name>
      </input_file>
      <input_file id="fl-28">
         <path>..\src_device\</path>
         <kind>archive</kind>
         <file>driverlib.lib</file>
         <name>eqep.obj</name>
      </input_file>
      <input_file id="fl-29">
         <path>..\src_device\</path>
         <kind>archive</kind>
         <file>driverlib.lib</file>
         <name>flash.obj</name>
      </input_file>
      <input_file id="fl-2a">
         <path>..\src_device\</path>
         <kind>archive</kind>
         <file>driverlib.lib</file>
         <name>gpio.obj</name>
      </input_file>
      <input_file id="fl-2b">
         <path>..\src_device\</path>
         <kind>archive</kind>
         <file>driverlib.lib</file>
         <name>i2c.obj</name>
      </input_file>
      <input_file id="fl-2c">
         <path>..\src_device\</path>
         <kind>archive</kind>
         <file>driverlib.lib</file>
         <name>interrupt.obj</name>
      </input_file>
      <input_file id="fl-2d">
         <path>..\src_device\</path>
         <kind>archive</kind>
         <file>driverlib.lib</file>
         <name>ipc.obj</name>
      </input_file>
      <input_file id="fl-2e">
         <path>..\src_device\</path>
         <kind>archive</kind>
         <file>driverlib.lib</file>
         <name>spi.obj</name>
      </input_file>
      <input_file id="fl-2f">
         <path>..\src_device\</path>
         <kind>archive</kind>
         <file>driverlib.lib</file>
         <name>sysctl.obj</name>
      </input_file>
      <input_file id="fl-30">
         <path>..\src_device\</path>
         <kind>archive</kind>
         <file>driverlib.lib</file>
         <name>xbar.obj</name>
      </input_file>
      <input_file id="fl-3c">
         <path>C:\ti\ccs2030\ccs\tools\compiler\ti-cgt-c2000_22.6.2.LTS\lib\</path>
         <kind>archive</kind>
         <file>rts2800_fpu64_eabi.lib</file>
         <name>boot28.asm.obj</name>
      </input_file>
      <input_file id="fl-3d">
         <path>C:\ti\ccs2030\ccs\tools\compiler\ti-cgt-c2000_22.6.2.LTS\lib\</path>
         <kind>archive</kind>
         <file>rts2800_fpu64_eabi.lib</file>
         <name>fs_div28.asm.obj</name>
      </input_file>
      <input_file id="fl-3e">
         <path>C:\ti\ccs2030\ccs\tools\compiler\ti-cgt-c2000_22.6.2.LTS\lib\</path>
         <kind>archive</kind>
         <file>rts2800_fpu64_eabi.lib</file>
         <name>ll_cmp28.asm.obj</name>
      </input_file>
      <input_file id="fl-3f">
         <path>C:\ti\ccs2030\ccs\tools\compiler\ti-cgt-c2000_22.6.2.LTS\lib\</path>
         <kind>archive</kind>
         <file>rts2800_fpu64_eabi.lib</file>
         <name>memcpy.c.obj</name>
      </input_file>
      <input_file id="fl-40">
         <path>C:\ti\ccs2030\ccs\tools\compiler\ti-cgt-c2000_22.6.2.LTS\lib\</path>
         <kind>archive</kind>
         <file>rts2800_fpu64_eabi.lib</file>
         <name>pre_init.c.obj</name>
      </input_file>
      <input_file id="fl-41">
         <path>C:\ti\ccs2030\ccs\tools\compiler\ti-cgt-c2000_22.6.2.LTS\lib\</path>
         <kind>archive</kind>
         <file>rts2800_fpu64_eabi.lib</file>
         <name>autoinit.c.obj</name>
      </input_file>
      <input_file id="fl-42">
         <path>C:\ti\ccs2030\ccs\tools\compiler\ti-cgt-c2000_22.6.2.LTS\lib\</path>
         <kind>archive</kind>
         <file>rts2800_fpu64_eabi.lib</file>
         <name>copy_zero_init.c.obj</name>
      </input_file>
      <input_file id="fl-43">
         <path>C:\ti\ccs2030\ccs\tools\compiler\ti-cgt-c2000_22.6.2.LTS\lib\</path>
         <kind>archive</kind>
         <file>rts2800_fpu64_eabi.lib</file>
         <name>copy_decompress_none.c.obj</name>
      </input_file>
      <input_file id="fl-44">
         <path>C:\ti\ccs2030\ccs\tools\compiler\ti-cgt-c2000_22.6.2.LTS\lib\</path>
         <kind>archive</kind>
         <file>rts2800_fpu64_eabi.lib</file>
         <name>copy_decompress_lzss.c.obj</name>
      </input_file>
      <input_file id="fl-45">
         <path>C:\ti\ccs2030\ccs\tools\compiler\ti-cgt-c2000_22.6.2.LTS\lib\</path>
         <kind>archive</kind>
         <file>rts2800_fpu64_eabi.lib</file>
         <name>exit.c.obj</name>
      </input_file>
      <input_file id="fl-46">
         <path>C:\ti\ccs2030\ccs\tools\compiler\ti-cgt-c2000_22.6.2.LTS\lib\</path>
         <kind>archive</kind>
         <file>rts2800_fpu64_eabi.lib</file>
         <name>_lock.c.obj</name>
      </input_file>
      <input_file id="fl-47">
         <path>C:\ti\ccs2030\ccs\tools\compiler\ti-cgt-c2000_22.6.2.LTS\lib\</path>
         <kind>archive</kind>
         <file>rts2800_fpu64_eabi.lib</file>
         <name>args_main.c.obj</name>
      </input_file>
      <input_file id="fl-48">
         <path>C:\ti\ccs2030\ccs\tools\compiler\ti-cgt-c2000_22.6.2.LTS\lib\</path>
         <kind>archive</kind>
         <file>rts2800_fpu64_eabi.lib</file>
         <name>memset.c.obj</name>
      </input_file>
      <input_file id="fl-49">
         <path>C:\ti\ccs2030\ccs\tools\compiler\ti-cgt-c2000_22.6.2.LTS\lib\</path>
         <kind>archive</kind>
         <file>rts2800_fpu64_eabi.lib</file>
         <name>cpy_tbl.c.obj</name>
      </input_file>
      <input_file id="fl-4a">
         <path>C:\ti\ccs2030\ccs\tools\compiler\ti-cgt-c2000_22.6.2.LTS\lib\</path>
         <kind>archive</kind>
         <file>rts2800_fpu64_eabi.lib</file>
         <name>startup.c.obj</name>
      </input_file>
   </input_file_list>
   <object_component_list>
      <object_component id="oc-95">
         <name>codestart</name>
         <load_address>0x80000</load_address>
         <run_address>0x80000</run_address>
         <size>0x2</size>
         <input_file_ref idref="fl-1c"/>
      </object_component>
      <object_component id="oc-2a4">
         <name>.text:SYSCTL_init</name>
         <load_address>0x80008</load_address>
         <run_address>0x80008</run_address>
         <size>0x774</size>
         <input_file_ref idref="fl-16"/>
      </object_component>
      <object_component id="oc-2f8">
         <name>.text:EPWM_init</name>
         <load_address>0x8077c</load_address>
         <run_address>0x8077c</run_address>
         <size>0x455</size>
         <input_file_ref idref="fl-16"/>
      </object_component>
      <object_component id="oc-1e7">
         <name>.text</name>
         <load_address>0x80bd1</load_address>
         <run_address>0x80bd1</run_address>
         <size>0x1</size>
         <input_file_ref idref="fl-4a"/>
      </object_component>
      <object_component id="oc-247">
         <name>.text:runMotor1OffsetsCalculation</name>
         <load_address>0x80bd2</load_address>
         <run_address>0x80bd2</run_address>
         <size>0x2cb</size>
         <input_file_ref idref="fl-1a"/>
      </object_component>
      <object_component id="oc-25f">
         <name>.text:runMotor1Control</name>
         <load_address>0x80e9d</load_address>
         <run_address>0x80e9d</run_address>
         <size>0x259</size>
         <input_file_ref idref="fl-1a"/>
      </object_component>
      <object_component id="oc-22f">
         <name>.text:initMotor1CtrlParameters</name>
         <load_address>0x810f6</load_address>
         <run_address>0x810f6</run_address>
         <size>0x237</size>
         <input_file_ref idref="fl-1a"/>
      </object_component>
      <object_component id="oc-259">
         <name>.text:runMotorMonitor</name>
         <load_address>0x8132d</load_address>
         <run_address>0x8132d</run_address>
         <size>0x1af</size>
         <input_file_ref idref="fl-1b"/>
      </object_component>
      <object_component id="oc-1d1">
         <name>.text:main</name>
         <load_address>0x814dc</load_address>
         <run_address>0x814dc</run_address>
         <size>0x180</size>
         <input_file_ref idref="fl-2"/>
      </object_component>
      <object_component id="oc-29e">
         <name>.text:PinMux_init</name>
         <load_address>0x8165c</load_address>
         <run_address>0x8165c</run_address>
         <size>0x130</size>
         <input_file_ref idref="fl-16"/>
      </object_component>
      <object_component id="oc-288">
         <name>.text:SysCtl_setClock</name>
         <load_address>0x8178c</load_address>
         <run_address>0x8178c</run_address>
         <size>0x11e</size>
         <input_file_ref idref="fl-2f"/>
      </object_component>
      <object_component id="oc-389">
         <name>.text:setupControllers</name>
         <load_address>0x818aa</load_address>
         <run_address>0x818aa</run_address>
         <size>0x11e</size>
         <input_file_ref idref="fl-1b"/>
      </object_component>
      <object_component id="oc-3d5">
         <name>.text:SysCtl_isPLLValid</name>
         <load_address>0x819c8</load_address>
         <run_address>0x819c8</run_address>
         <size>0xff</size>
         <input_file_ref idref="fl-2f"/>
      </object_component>
      <object_component id="oc-28e">
         <name>.text:SysCtl_setAuxClock</name>
         <load_address>0x81ac7</load_address>
         <run_address>0x81ac7</run_address>
         <size>0xe9</size>
         <input_file_ref idref="fl-2f"/>
      </object_component>
      <object_component id="oc-2bc">
         <name>.text:ADCA_CONFIG_init</name>
         <load_address>0x81bb0</load_address>
         <run_address>0x81bb0</run_address>
         <size>0xd9</size>
         <input_file_ref idref="fl-16"/>
      </object_component>
      <object_component id="oc-2da">
         <name>.text:MTR1_CMPSS_V_init</name>
         <load_address>0x81c89</load_address>
         <run_address>0x81c89</run_address>
         <size>0xc5</size>
         <input_file_ref idref="fl-16"/>
      </object_component>
      <object_component id="oc-2e0">
         <name>.text:MTR1_CMPSS_W_init</name>
         <load_address>0x81d4e</load_address>
         <run_address>0x81d4e</run_address>
         <size>0xc1</size>
         <input_file_ref idref="fl-16"/>
      </object_component>
      <object_component id="oc-2d4">
         <name>.text:MTR1_CMPSS_U_L_init</name>
         <load_address>0x81e0f</load_address>
         <run_address>0x81e0f</run_address>
         <size>0xc0</size>
         <input_file_ref idref="fl-16"/>
      </object_component>
      <object_component id="oc-2ce">
         <name>.text:MTR1_CMPSS_U_H_init</name>
         <load_address>0x81ecf</load_address>
         <run_address>0x81ecf</run_address>
         <size>0xb9</size>
         <input_file_ref idref="fl-16"/>
      </object_component>
      <object_component id="oc-2c2">
         <name>.text:ADCB_CONFIG_init</name>
         <load_address>0x81f88</load_address>
         <run_address>0x81f88</run_address>
         <size>0xb2</size>
         <input_file_ref idref="fl-16"/>
      </object_component>
      <object_component id="oc-2c8">
         <name>.text:ADCC_CONFIG_init</name>
         <load_address>0x8203a</load_address>
         <run_address>0x8203a</run_address>
         <size>0xb2</size>
         <input_file_ref idref="fl-16"/>
      </object_component>
      <object_component id="oc-329">
         <name>.text:USER_setMotor1Params</name>
         <load_address>0x820ec</load_address>
         <run_address>0x820ec</run_address>
         <size>0xaa</size>
         <input_file_ref idref="fl-19"/>
      </object_component>
      <object_component id="oc-304">
         <name>.text:MTR1_QEP_init</name>
         <load_address>0x82196</load_address>
         <run_address>0x82196</run_address>
         <size>0x9a</size>
         <input_file_ref idref="fl-16"/>
      </object_component>
      <object_component id="oc-205">
         <name>.text:Device_init</name>
         <load_address>0x82230</load_address>
         <run_address>0x82230</run_address>
         <size>0x8d</size>
         <input_file_ref idref="fl-17"/>
      </object_component>
      <object_component id="oc-4cc">
         <name>.text</name>
         <load_address>0x822bd</load_address>
         <run_address>0x822bd</run_address>
         <size>0x88</size>
         <input_file_ref idref="fl-3d"/>
      </object_component>
      <object_component id="oc-253">
         <name>.text:calculateRMSData</name>
         <load_address>0x82345</load_address>
         <run_address>0x82345</run_address>
         <size>0x79</size>
         <input_file_ref idref="fl-1b"/>
      </object_component>
      <object_component id="oc-3b0">
         <name>.text:resetMotorControl</name>
         <load_address>0x823be</load_address>
         <run_address>0x823be</run_address>
         <size>0x75</size>
         <input_file_ref idref="fl-1b"/>
      </object_component>
      <object_component id="oc-166">
         <name>.text:Interrupt_clearIFR</name>
         <load_address>0x82433</load_address>
         <run_address>0x82433</run_address>
         <size>0x74</size>
         <input_file_ref idref="fl-2c"/>
      </object_component>
      <object_component id="oc-3ee">
         <name>.text:GPIO_setAnalogMode</name>
         <load_address>0x824a7</load_address>
         <run_address>0x824a7</run_address>
         <size>0x5a</size>
         <input_file_ref idref="fl-2a"/>
      </object_component>
      <object_component id="oc-10e">
         <name>.text:DAC128S_writeData</name>
         <load_address>0x82501</load_address>
         <run_address>0x82501</run_address>
         <size>0x56</size>
         <input_file_ref idref="fl-7"/>
      </object_component>
      <object_component id="oc-310">
         <name>.text:steerByWireOutput_init</name>
         <load_address>0x82557</load_address>
         <run_address>0x82557</run_address>
         <size>0x51</size>
         <input_file_ref idref="fl-16"/>
      </object_component>
      <object_component id="oc-294">
         <name>.text:SysCtl_selectOscSourceAuxPLL</name>
         <load_address>0x825a8</load_address>
         <run_address>0x825a8</run_address>
         <size>0x4d</size>
         <input_file_ref idref="fl-2f"/>
      </object_component>
      <object_component id="oc-316">
         <name>.text:DAC_SPI_init</name>
         <load_address>0x825f5</load_address>
         <run_address>0x825f5</run_address>
         <size>0x4b</size>
         <input_file_ref idref="fl-16"/>
      </object_component>
      <object_component id="oc-126">
         <name>.text:Interrupt_disable</name>
         <load_address>0x82640</load_address>
         <run_address>0x82640</run_address>
         <size>0x4a</size>
         <input_file_ref idref="fl-2c"/>
      </object_component>
      <object_component id="oc-108">
         <name>.text:collectRMSData</name>
         <load_address>0x8268a</load_address>
         <run_address>0x8268a</run_address>
         <size>0x4a</size>
         <input_file_ref idref="fl-1b"/>
      </object_component>
      <object_component id="oc-3b6">
         <name>.text:updateGlobalVariables</name>
         <load_address>0x826d4</load_address>
         <run_address>0x826d4</run_address>
         <size>0x49</size>
         <input_file_ref idref="fl-1b"/>
      </object_component>
      <object_component id="oc-4c5">
         <name>.text:SysCtl_selectXTAL</name>
         <load_address>0x8271d</load_address>
         <run_address>0x8271d</run_address>
         <size>0x45</size>
         <input_file_ref idref="fl-2f"/>
      </object_component>
      <object_component id="oc-4e1">
         <name>.text:ADC_setINLTrim</name>
         <load_address>0x82762</load_address>
         <run_address>0x82762</run_address>
         <size>0x41</size>
         <input_file_ref idref="fl-24"/>
      </object_component>
      <object_component id="oc-2ec">
         <name>.text:CPUTIMER_CpuUsage_init</name>
         <load_address>0x827a3</load_address>
         <run_address>0x827a3</run_address>
         <size>0x41</size>
         <input_file_ref idref="fl-16"/>
      </object_component>
      <object_component id="oc-211">
         <name>.text:Interrupt_initModule</name>
         <load_address>0x827e4</load_address>
         <run_address>0x827e4</run_address>
         <size>0x41</size>
         <input_file_ref idref="fl-2c"/>
      </object_component>
      <object_component id="oc-3f4">
         <name>.text:GPIO_setPadConfig</name>
         <load_address>0x82825</load_address>
         <run_address>0x82825</run_address>
         <size>0x3f</size>
         <input_file_ref idref="fl-2a"/>
      </object_component>
      <object_component id="oc-45e">
         <name>.text:XBAR_setEPWMMuxConfig</name>
         <load_address>0x82864</load_address>
         <run_address>0x82864</run_address>
         <size>0x3f</size>
         <input_file_ref idref="fl-30"/>
      </object_component>
      <object_component id="oc-3de">
         <name>.text:SysCtl_pollX1Counter</name>
         <load_address>0x828a3</load_address>
         <run_address>0x828a3</run_address>
         <size>0x3e</size>
         <input_file_ref idref="fl-2f"/>
      </object_component>
      <object_component id="oc-32f">
         <name>.text:HAL_MTR_setParams</name>
         <load_address>0x828e1</load_address>
         <run_address>0x828e1</run_address>
         <size>0x3b</size>
         <input_file_ref idref="fl-15"/>
      </object_component>
      <object_component id="oc-114">
         <name>.text:Interrupt_enable</name>
         <load_address>0x8291c</load_address>
         <run_address>0x8291c</run_address>
         <size>0x36</size>
         <input_file_ref idref="fl-2c"/>
      </object_component>
      <object_component id="oc-468">
         <name>.text:EQEP_setInputPolarity</name>
         <load_address>0x82952</load_address>
         <run_address>0x82952</run_address>
         <size>0x35</size>
         <input_file_ref idref="fl-28"/>
      </object_component>
      <object_component id="oc-2e6">
         <name>.text:CPUTIMER_TimeBase_init</name>
         <load_address>0x82987</load_address>
         <run_address>0x82987</run_address>
         <size>0x32</size>
         <input_file_ref idref="fl-16"/>
      </object_component>
      <object_component id="oc-353">
         <name>.text:SPDCALC_setParams</name>
         <load_address>0x829b9</load_address>
         <run_address>0x829b9</run_address>
         <size>0x32</size>
         <input_file_ref idref="fl-a"/>
      </object_component>
      <object_component id="oc-429">
         <name>.text:ADC_setPPBTripLimits</name>
         <load_address>0x829eb</load_address>
         <run_address>0x829eb</run_address>
         <size>0x31</size>
         <input_file_ref idref="fl-24"/>
      </object_component>
      <object_component id="oc-241">
         <name>.text:DAC128S_writeCommand</name>
         <load_address>0x82a1c</load_address>
         <run_address>0x82a1c</run_address>
         <size>0x31</size>
         <input_file_ref idref="fl-7"/>
      </object_component>
      <object_component id="oc-3aa">
         <name>.text:restartMotorControl</name>
         <load_address>0x82a4d</load_address>
         <run_address>0x82a4d</run_address>
         <size>0x31</size>
         <input_file_ref idref="fl-1b"/>
      </object_component>
      <object_component id="oc-3e8">
         <name>.text:GPIO_setPinConfig</name>
         <load_address>0x82a7e</load_address>
         <run_address>0x82a7e</run_address>
         <size>0x30</size>
         <input_file_ref idref="fl-2a"/>
      </object_component>
      <object_component id="oc-217">
         <name>.text:Board_init</name>
         <load_address>0x82aae</load_address>
         <run_address>0x82aae</run_address>
         <size>0x2f</size>
         <input_file_ref idref="fl-16"/>
      </object_component>
      <object_component id="oc-31f">
         <name>.text:HAL_MTR1_init</name>
         <load_address>0x82add</load_address>
         <run_address>0x82add</run_address>
         <size>0x2f</size>
         <input_file_ref idref="fl-15"/>
      </object_component>
      <object_component id="oc-24d">
         <name>.text:calcMotorOverCurrentThreshold</name>
         <load_address>0x82b0c</load_address>
         <run_address>0x82b0c</run_address>
         <size>0x2e</size>
         <input_file_ref idref="fl-1b"/>
      </object_component>
      <object_component id="oc-88">
         <name>.text:decompress:lzss</name>
         <load_address>0x82b3a</load_address>
         <run_address>0x82b3a</run_address>
         <size>0x2e</size>
         <input_file_ref idref="fl-44"/>
      </object_component>
      <object_component id="oc-41d">
         <name>.text:ADC_setVREF</name>
         <load_address>0x82b68</load_address>
         <run_address>0x82b68</run_address>
         <size>0x2d</size>
         <input_file_ref idref="fl-24"/>
      </object_component>
      <object_component id="oc-21d">
         <name>.text:HAL_init</name>
         <load_address>0x82b95</load_address>
         <run_address>0x82b95</run_address>
         <size>0x2d</size>
         <input_file_ref idref="fl-15"/>
      </object_component>
      <object_component id="oc-2fe">
         <name>.text:MTR1_IS_TRIP_CMPSS_init</name>
         <load_address>0x82bc2</load_address>
         <run_address>0x82bc2</run_address>
         <size>0x2d</size>
         <input_file_ref idref="fl-16"/>
      </object_component>
      <object_component id="oc-3cf">
         <name>.text:SysCtl_selectOscSource</name>
         <load_address>0x82bef</load_address>
         <run_address>0x82bef</run_address>
         <size>0x2b</size>
         <input_file_ref idref="fl-2f"/>
      </object_component>
      <object_component id="oc-1a1">
         <name>.text:__TI_auto_init_nobinit_nopinit</name>
         <load_address>0x82c1a</load_address>
         <run_address>0x82c1a</run_address>
         <size>0x2b</size>
         <input_file_ref idref="fl-41"/>
      </object_component>
      <object_component id="oc-185">
         <name>.text</name>
         <load_address>0x82c45</load_address>
         <run_address>0x82c45</run_address>
         <size>0x29</size>
         <input_file_ref idref="fl-45"/>
      </object_component>
      <object_component id="oc-444">
         <name>.text:CMPSS_configRampLow</name>
         <load_address>0x82c6e</load_address>
         <run_address>0x82c6e</run_address>
         <size>0x28</size>
         <input_file_ref idref="fl-25"/>
      </object_component>
      <object_component id="oc-43e">
         <name>.text:CMPSS_configRampHigh</name>
         <load_address>0x82c96</load_address>
         <run_address>0x82c96</run_address>
         <size>0x24</size>
         <input_file_ref idref="fl-25"/>
      </object_component>
      <object_component id="oc-2f2">
         <name>.text:MTR1_DAC_init</name>
         <load_address>0x82cba</load_address>
         <run_address>0x82cba</run_address>
         <size>0x23</size>
         <input_file_ref idref="fl-16"/>
      </object_component>
      <object_component id="oc-47b">
         <name>.text:GPIO_setControllerCore</name>
         <load_address>0x82cdd</load_address>
         <run_address>0x82cdd</run_address>
         <size>0x22</size>
         <input_file_ref idref="fl-2a"/>
      </object_component>
      <object_component id="oc-3fa">
         <name>.text:GPIO_setQualificationMode</name>
         <load_address>0x82cff</load_address>
         <run_address>0x82cff</run_address>
         <size>0x22</size>
         <input_file_ref idref="fl-2a"/>
      </object_component>
      <object_component id="oc-401">
         <name>.text:SysCtl_configureType</name>
         <load_address>0x82d21</load_address>
         <run_address>0x82d21</run_address>
         <size>0x21</size>
         <input_file_ref idref="fl-2f"/>
      </object_component>
      <object_component id="oc-4bf">
         <name>.text:SysCtl_selectXTALSingleEnded</name>
         <load_address>0x82d42</load_address>
         <run_address>0x82d42</run_address>
         <size>0x21</size>
         <input_file_ref idref="fl-2f"/>
      </object_component>
      <object_component id="oc-20b">
         <name>.text:Device_initGPIO</name>
         <load_address>0x82d63</load_address>
         <run_address>0x82d63</run_address>
         <size>0x20</size>
         <input_file_ref idref="fl-17"/>
      </object_component>
      <object_component id="oc-475">
         <name>.text:GPIO_setDirectionMode</name>
         <load_address>0x82d83</load_address>
         <run_address>0x82d83</run_address>
         <size>0x20</size>
         <input_file_ref idref="fl-2a"/>
      </object_component>
      <object_component id="oc-383">
         <name>.text:HAL_setTriggerPrams</name>
         <load_address>0x82da3</load_address>
         <run_address>0x82da3</run_address>
         <size>0x20</size>
         <input_file_ref idref="fl-15"/>
      </object_component>
      <object_component id="oc-3a4">
         <name>.text:stopMotorControl</name>
         <load_address>0x82dc3</load_address>
         <run_address>0x82dc3</run_address>
         <size>0x20</size>
         <input_file_ref idref="fl-1b"/>
      </object_component>
      <object_component id="oc-48f">
         <name>.text:SPI_setConfig</name>
         <load_address>0x82de3</load_address>
         <run_address>0x82de3</run_address>
         <size>0x1f</size>
         <input_file_ref idref="fl-2e"/>
      </object_component>
      <object_component id="oc-14c">
         <name>.text:SPI_clearInterruptStatus</name>
         <load_address>0x82e02</load_address>
         <run_address>0x82e02</run_address>
         <size>0x1e</size>
         <input_file_ref idref="fl-2e"/>
      </object_component>
      <object_component id="oc-e8">
         <name>.text</name>
         <load_address>0x82e20</load_address>
         <run_address>0x82e20</run_address>
         <size>0x1d</size>
         <input_file_ref idref="fl-3f"/>
      </object_component>
      <object_component id="oc-432">
         <name>.text:CMPSS_configFilterHigh</name>
         <load_address>0x82e3d</load_address>
         <run_address>0x82e3d</run_address>
         <size>0x1c</size>
         <input_file_ref idref="fl-25"/>
      </object_component>
      <object_component id="oc-438">
         <name>.text:CMPSS_configFilterLow</name>
         <load_address>0x82e59</load_address>
         <run_address>0x82e59</run_address>
         <size>0x1c</size>
         <input_file_ref idref="fl-25"/>
      </object_component>
      <object_component id="oc-df">
         <name>.text:IPC_unregisterInterrupt</name>
         <load_address>0x82e75</load_address>
         <run_address>0x82e75</run_address>
         <size>0x1c</size>
         <input_file_ref idref="fl-2d"/>
      </object_component>
      <object_component id="oc-39a">
         <name>.text:HAL_setMtrCMPSSDACValue</name>
         <load_address>0x82e91</load_address>
         <run_address>0x82e91</run_address>
         <size>0x1b</size>
         <input_file_ref idref="fl-15"/>
      </object_component>
      <object_component id="oc-413">
         <name>.text:SysCtl_enablePeripheral</name>
         <load_address>0x82eac</load_address>
         <run_address>0x82eac</run_address>
         <size>0x19</size>
         <input_file_ref idref="fl-16"/>
      </object_component>
      <object_component id="oc-13f">
         <name>.text</name>
         <load_address>0x82ec5</load_address>
         <run_address>0x82ec5</run_address>
         <size>0x19</size>
         <input_file_ref idref="fl-3c"/>
      </object_component>
      <object_component id="oc-35f">
         <name>.text:setupClarke_I</name>
         <load_address>0x82ede</load_address>
         <run_address>0x82ede</run_address>
         <size>0x19</size>
         <input_file_ref idref="fl-1b"/>
      </object_component>
      <object_component id="oc-347">
         <name>.text:ENC_setParams</name>
         <load_address>0x82ef7</load_address>
         <run_address>0x82ef7</run_address>
         <size>0x18</size>
         <input_file_ref idref="fl-9"/>
      </object_component>
      <object_component id="oc-30a">
         <name>.text:GPIO_init</name>
         <load_address>0x82f0f</load_address>
         <run_address>0x82f0f</run_address>
         <size>0x18</size>
         <input_file_ref idref="fl-16"/>
      </object_component>
      <object_component id="oc-481">
         <name>.text:LAUNCHPAD_LED1_init</name>
         <load_address>0x82f27</load_address>
         <run_address>0x82f27</run_address>
         <size>0x18</size>
         <input_file_ref idref="fl-16"/>
      </object_component>
      <object_component id="oc-46f">
         <name>.text:MTR1_GATE_EN_init</name>
         <load_address>0x82f3f</load_address>
         <run_address>0x82f3f</run_address>
         <size>0x18</size>
         <input_file_ref idref="fl-16"/>
      </object_component>
      <object_component id="oc-44a">
         <name>.text:CMPSS_configLatchOnPWMSYNC</name>
         <load_address>0x82f57</load_address>
         <run_address>0x82f57</run_address>
         <size>0x15</size>
         <input_file_ref idref="fl-25"/>
      </object_component>
      <object_component id="oc-c9">
         <name>.text:Interrupt_initVectorTable</name>
         <load_address>0x82f6c</load_address>
         <run_address>0x82f6c</run_address>
         <size>0x15</size>
         <input_file_ref idref="fl-2c"/>
      </object_component>
      <object_component id="oc-407">
         <name>.text:SysCtl_selectCPUForPeripheralInstance</name>
         <load_address>0x82f81</load_address>
         <run_address>0x82f81</run_address>
         <size>0x15</size>
         <input_file_ref idref="fl-16"/>
      </object_component>
      <object_component id="oc-229">
         <name>.text:initMotor1Handles</name>
         <load_address>0x82f96</load_address>
         <run_address>0x82f96</run_address>
         <size>0x15</size>
         <input_file_ref idref="fl-1a"/>
      </object_component>
      <object_component id="oc-391">
         <name>.text:HAL_enableDRV</name>
         <load_address>0x82fab</load_address>
         <run_address>0x82fab</run_address>
         <size>0x12</size>
         <input_file_ref idref="fl-15"/>
      </object_component>
      <object_component id="oc-40d">
         <name>.text:SysCtl_setPeripheralAccessControl</name>
         <load_address>0x82fbd</load_address>
         <run_address>0x82fbd</run_address>
         <size>0x12</size>
         <input_file_ref idref="fl-16"/>
      </object_component>
      <object_component id="oc-423">
         <name>.text:ADC_setMode</name>
         <load_address>0x82fcf</load_address>
         <run_address>0x82fcf</run_address>
         <size>0x11</size>
         <input_file_ref idref="fl-24"/>
      </object_component>
      <object_component id="oc-2b0">
         <name>.text:SYNC_init</name>
         <load_address>0x82fe0</load_address>
         <run_address>0x82fe0</run_address>
         <size>0x11</size>
         <input_file_ref idref="fl-16"/>
      </object_component>
      <object_component id="oc-235">
         <name>.text:HAL_MTR_setGateDriver</name>
         <load_address>0x82ff1</load_address>
         <run_address>0x82ff1</run_address>
         <size>0x10</size>
         <input_file_ref idref="fl-15"/>
      </object_component>
      <object_component id="oc-488">
         <name>.text:I2C_configureModuleFrequency</name>
         <load_address>0x83001</load_address>
         <run_address>0x83001</run_address>
         <size>0x10</size>
         <input_file_ref idref="fl-2b"/>
      </object_component>
      <object_component id="oc-223">
         <name>.text:HAL_setParams</name>
         <load_address>0x83011</load_address>
         <run_address>0x83011</run_address>
         <size>0xe</size>
         <input_file_ref idref="fl-15"/>
      </object_component>
      <object_component id="oc-33b">
         <name>.text:ANGLE_GEN_setParams</name>
         <load_address>0x8301f</load_address>
         <run_address>0x8301f</run_address>
         <size>0xd</size>
         <input_file_ref idref="fl-11"/>
      </object_component>
      <object_component id="oc-f0">
         <name>.text:decompress:ZI:__TI_zero_init_nomemset</name>
         <load_address>0x8302c</load_address>
         <run_address>0x8302c</run_address>
         <size>0xd</size>
         <input_file_ref idref="fl-42"/>
      </object_component>
      <object_component id="oc-bc">
         <name>.text:INTERRUPT_init</name>
         <load_address>0x83039</load_address>
         <run_address>0x83039</run_address>
         <size>0xc</size>
         <input_file_ref idref="fl-16"/>
      </object_component>
      <object_component id="oc-d9">
         <name>.text:Interrupt_defaultHandler</name>
         <load_address>0x83045</load_address>
         <run_address>0x83045</run_address>
         <size>0xc</size>
         <input_file_ref idref="fl-2c"/>
      </object_component>
      <object_component id="oc-17f">
         <name>.text</name>
         <load_address>0x83051</load_address>
         <run_address>0x83051</run_address>
         <size>0xc</size>
         <input_file_ref idref="fl-47"/>
      </object_component>
      <object_component id="oc-2b6">
         <name>.text:ASYSCTL_init</name>
         <load_address>0x8305d</load_address>
         <run_address>0x8305d</run_address>
         <size>0xb</size>
         <input_file_ref idref="fl-16"/>
      </object_component>
      <object_component id="oc-23b">
         <name>.text:DAC128S_init</name>
         <load_address>0x83068</load_address>
         <run_address>0x83068</run_address>
         <size>0xa</size>
         <input_file_ref idref="fl-7"/>
      </object_component>
      <object_component id="oc-d3">
         <name>.text:Interrupt_illegalOperationHandler</name>
         <load_address>0x83072</load_address>
         <run_address>0x83072</run_address>
         <size>0xa</size>
         <input_file_ref idref="fl-2c"/>
      </object_component>
      <object_component id="oc-c7">
         <name>.text:Interrupt_nmiHandler</name>
         <load_address>0x8307c</load_address>
         <run_address>0x8307c</run_address>
         <size>0xa</size>
         <input_file_ref idref="fl-2c"/>
      </object_component>
      <object_component id="oc-2aa">
         <name>.text:MTR1_PM_nFAULT_IN_init</name>
         <load_address>0x83086</load_address>
         <run_address>0x83086</run_address>
         <size>0x9</size>
         <input_file_ref idref="fl-16"/>
      </object_component>
      <object_component id="oc-26b">
         <name>.text</name>
         <load_address>0x8308f</load_address>
         <run_address>0x8308f</run_address>
         <size>0x9</size>
         <input_file_ref idref="fl-46"/>
      </object_component>
      <object_component id="oc-8e">
         <name>.text:decompress:none</name>
         <load_address>0x83098</load_address>
         <run_address>0x83098</run_address>
         <size>0x8</size>
         <input_file_ref idref="fl-43"/>
      </object_component>
      <object_component id="oc-fc">
         <name>.text</name>
         <load_address>0x830a0</load_address>
         <run_address>0x830a0</run_address>
         <size>0x8</size>
         <input_file_ref idref="fl-1c"/>
      </object_component>
      <object_component id="oc-1ff">
         <name>.text:HAL_clearDataRAM</name>
         <load_address>0x830a8</load_address>
         <run_address>0x830a8</run_address>
         <size>0x7</size>
         <input_file_ref idref="fl-15"/>
      </object_component>
      <object_component id="oc-4e7">
         <name>.text:ADC_setOffsetTrim</name>
         <load_address>0x830af</load_address>
         <run_address>0x830af</run_address>
         <size>0x6</size>
         <input_file_ref idref="fl-24"/>
      </object_component>
      <object_component id="oc-335">
         <name>.text:ANGLE_GEN_init</name>
         <load_address>0x830b5</load_address>
         <run_address>0x830b5</run_address>
         <size>0x6</size>
         <input_file_ref idref="fl-11"/>
      </object_component>
      <object_component id="oc-454">
         <name>.text:CPUTimer_setEmulationMode</name>
         <load_address>0x830bb</load_address>
         <run_address>0x830bb</run_address>
         <size>0x6</size>
         <input_file_ref idref="fl-26"/>
      </object_component>
      <object_component id="oc-341">
         <name>.text:ENC_init</name>
         <load_address>0x830c1</load_address>
         <run_address>0x830c1</run_address>
         <size>0x6</size>
         <input_file_ref idref="fl-9"/>
      </object_component>
      <object_component id="oc-34d">
         <name>.text:SPDCALC_init</name>
         <load_address>0x830c7</load_address>
         <run_address>0x830c7</run_address>
         <size>0x6</size>
         <input_file_ref idref="fl-a"/>
      </object_component>
      <object_component id="oc-359">
         <name>.text:CLARKE_init</name>
         <load_address>0x830cd</load_address>
         <run_address>0x830cd</run_address>
         <size>0x4</size>
         <input_file_ref idref="fl-c"/>
      </object_component>
      <object_component id="oc-365">
         <name>.text:IPARK_init</name>
         <load_address>0x830d1</load_address>
         <run_address>0x830d1</run_address>
         <size>0x4</size>
         <input_file_ref idref="fl-d"/>
      </object_component>
      <object_component id="oc-36b">
         <name>.text:PARK_init</name>
         <load_address>0x830d5</load_address>
         <run_address>0x830d5</run_address>
         <size>0x4</size>
         <input_file_ref idref="fl-e"/>
      </object_component>
      <object_component id="oc-371">
         <name>.text:PI_init</name>
         <load_address>0x830d9</load_address>
         <run_address>0x830d9</run_address>
         <size>0x4</size>
         <input_file_ref idref="fl-5"/>
      </object_component>
      <object_component id="oc-37d">
         <name>.text:SVGEN_init</name>
         <load_address>0x830dd</load_address>
         <run_address>0x830dd</run_address>
         <size>0x4</size>
         <input_file_ref idref="fl-f"/>
      </object_component>
      <object_component id="oc-377">
         <name>.text:TRAJ_init</name>
         <load_address>0x830e1</load_address>
         <run_address>0x830e1</run_address>
         <size>0x4</size>
         <input_file_ref idref="fl-14"/>
      </object_component>
      <object_component id="oc-178">
         <name>.text</name>
         <load_address>0x830e5</load_address>
         <run_address>0x830e5</run_address>
         <size>0x2</size>
         <input_file_ref idref="fl-40"/>
      </object_component>
      <object_component id="oc-15e">
         <name>MSGRAM_CPU1_TO_CPU2</name>
         <uninitialized>true</uninitialized>
         <run_address>0x3a000</run_address>
         <size>0x88</size>
         <input_file_ref idref="fl-2d"/>
      </object_component>
      <object_component id="oc-161">
         <name>MSGRAM_CPU2_TO_CPU1</name>
         <uninitialized>true</uninitialized>
         <run_address>0x3b000</run_address>
         <size>0x88</size>
         <input_file_ref idref="fl-2d"/>
      </object_component>
      <object_component id="oc-bb">
         <name>.TI.ramfunc:motor1CtrlISR</name>
         <load_address>0x830e8</load_address>
         <run_address>0x8000</run_address>
         <size>0x567</size>
         <input_file_ref idref="fl-1a"/>
      </object_component>
      <object_component id="oc-282">
         <name>.TI.ramfunc:Flash_initModule</name>
         <load_address>0x8364f</load_address>
         <run_address>0x8567</run_address>
         <size>0x57</size>
         <input_file_ref idref="fl-29"/>
      </object_component>
      <object_component id="oc-390">
         <name>.TI.ramfunc</name>
         <load_address>0x836a6</load_address>
         <run_address>0x85be</run_address>
         <size>0x4</size>
         <input_file_ref idref="fl-2f"/>
      </object_component>
      <object_component id="oc-5d6">
         <name>.cinit..data.load</name>
         <load_address>0x90008</load_address>
         <run_address>0x90008</run_address>
         <size>0x9</size>
      </object_component>
      <object_component id="oc-5d4">
         <name>__TI_handler_table</name>
         <load_address>0x90012</load_address>
         <run_address>0x90012</run_address>
         <size>0x6</size>
      </object_component>
      <object_component id="oc-5d9">
         <name>.cinit.foc_data.load</name>
         <load_address>0x90018</load_address>
         <run_address>0x90018</run_address>
         <size>0x4</size>
      </object_component>
      <object_component id="oc-5d7">
         <name>.cinit.hal_data.load</name>
         <load_address>0x9001c</load_address>
         <run_address>0x9001c</run_address>
         <size>0x4</size>
      </object_component>
      <object_component id="oc-5da">
         <name>.cinit.sys_data.load</name>
         <load_address>0x90020</load_address>
         <run_address>0x90020</run_address>
         <size>0x4</size>
      </object_component>
      <object_component id="oc-5d8">
         <name>.cinit.user_data.load</name>
         <load_address>0x90024</load_address>
         <run_address>0x90024</run_address>
         <size>0x4</size>
      </object_component>
      <object_component id="oc-5d5">
         <name>__TI_cinit_table</name>
         <load_address>0x90028</load_address>
         <run_address>0x90028</run_address>
         <size>0x14</size>
      </object_component>
      <object_component id="oc-e5">
         <name>.stack</name>
         <uninitialized>true</uninitialized>
         <run_address>0x1b2</run_address>
         <size>0x0</size>
         <input_file_ref idref="fl-3c"/>
      </object_component>
      <object_component id="oc-5db">
         <name>.stack</name>
         <uninitialized>true</uninitialized>
         <run_address>0x1b2</run_address>
         <size>0x0</size>
      </object_component>
      <object_component id="oc-123">
         <name>.const:IPC_Instance</name>
         <load_address>0x836b0</load_address>
         <run_address>0x836b0</run_address>
         <size>0x44</size>
         <input_file_ref idref="fl-2d"/>
      </object_component>
      <object_component id="oc-465">
         <name>.const</name>
         <load_address>0x836f4</load_address>
         <run_address>0x836f4</run_address>
         <size>0x3</size>
         <input_file_ref idref="fl-16"/>
      </object_component>
      <object_component id="oc-1d9">
         <name>.data</name>
         <load_address>0x676</load_address>
         <run_address>0x676</run_address>
         <size>0x6</size>
         <input_file_ref idref="fl-45"/>
      </object_component>
      <object_component id="oc-1dc">
         <name>.data:_lock</name>
         <load_address>0x67c</load_address>
         <run_address>0x67c</run_address>
         <size>0x2</size>
         <input_file_ref idref="fl-46"/>
      </object_component>
      <object_component id="oc-3bd">
         <name>.data:_unlock</name>
         <load_address>0x67e</load_address>
         <run_address>0x67e</run_address>
         <size>0x2</size>
         <input_file_ref idref="fl-46"/>
      </object_component>
      <object_component id="oc-1fc">
         <name>hal_data</name>
         <uninitialized>true</uninitialized>
         <run_address>0x658</run_address>
         <size>0x1e</size>
         <input_file_ref idref="fl-15"/>
      </object_component>
      <object_component id="oc-325">
         <name>user_data</name>
         <uninitialized>true</uninitialized>
         <run_address>0x680</run_address>
         <size>0x3a</size>
         <input_file_ref idref="fl-19"/>
      </object_component>
      <object_component id="oc-102">
         <name>foc_data</name>
         <uninitialized>true</uninitialized>
         <run_address>0x400</run_address>
         <size>0x258</size>
         <input_file_ref idref="fl-1a"/>
      </object_component>
      <object_component id="oc-105">
         <name>sys_data</name>
         <uninitialized>true</uninitialized>
         <run_address>0x6c0</run_address>
         <size>0x2a</size>
         <input_file_ref idref="fl-2"/>
      </object_component>
      <object_component id="oc-149">
         <name>.debug_types</name>
         <load_address>0x0</load_address>
         <run_address>0x0</run_address>
         <size>0x51d2</size>
         <input_file_ref idref="fl-2"/>
      </object_component>
      <object_component id="oc-4ad">
         <name>.debug_types</name>
         <load_address>0x0</load_address>
         <run_address>0x0</run_address>
         <size>0x0</size>
         <input_file_ref idref="fl-5"/>
      </object_component>
      <object_component id="oc-153">
         <name>.debug_types</name>
         <load_address>0x51d2</load_address>
         <run_address>0x51d2</run_address>
         <size>0x7c3</size>
         <input_file_ref idref="fl-7"/>
      </object_component>
      <object_component id="oc-4a0">
         <name>.debug_types</name>
         <load_address>0x5995</load_address>
         <run_address>0x5995</run_address>
         <size>0x1c2</size>
         <input_file_ref idref="fl-9"/>
      </object_component>
      <object_component id="oc-4a3">
         <name>.debug_types</name>
         <load_address>0x5b57</load_address>
         <run_address>0x5b57</run_address>
         <size>0x68</size>
         <input_file_ref idref="fl-a"/>
      </object_component>
      <object_component id="oc-4a6">
         <name>.debug_types</name>
         <load_address>0x0</load_address>
         <run_address>0x0</run_address>
         <size>0x0</size>
         <input_file_ref idref="fl-c"/>
      </object_component>
      <object_component id="oc-4a9">
         <name>.debug_types</name>
         <load_address>0x0</load_address>
         <run_address>0x0</run_address>
         <size>0x0</size>
         <input_file_ref idref="fl-d"/>
      </object_component>
      <object_component id="oc-4ab">
         <name>.debug_types</name>
         <load_address>0x0</load_address>
         <run_address>0x0</run_address>
         <size>0x0</size>
         <input_file_ref idref="fl-e"/>
      </object_component>
      <object_component id="oc-4b1">
         <name>.debug_types</name>
         <load_address>0x0</load_address>
         <run_address>0x0</run_address>
         <size>0x0</size>
         <input_file_ref idref="fl-f"/>
      </object_component>
      <object_component id="oc-49d">
         <name>.debug_types</name>
         <load_address>0x5bbf</load_address>
         <run_address>0x5bbf</run_address>
         <size>0x99</size>
         <input_file_ref idref="fl-11"/>
      </object_component>
      <object_component id="oc-4af">
         <name>.debug_types</name>
         <load_address>0x0</load_address>
         <run_address>0x0</run_address>
         <size>0x0</size>
         <input_file_ref idref="fl-14"/>
      </object_component>
      <object_component id="oc-280">
         <name>.debug_types</name>
         <load_address>0x5c58</load_address>
         <run_address>0x5c58</run_address>
         <size>0xe3</size>
         <input_file_ref idref="fl-15"/>
      </object_component>
      <object_component id="oc-11b">
         <name>.debug_types</name>
         <load_address>0x5d3b</load_address>
         <run_address>0x5d3b</run_address>
         <size>0x8f1d</size>
         <input_file_ref idref="fl-16"/>
      </object_component>
      <object_component id="oc-29b">
         <name>.debug_types</name>
         <load_address>0xec58</load_address>
         <run_address>0xec58</run_address>
         <size>0x1a60</size>
         <input_file_ref idref="fl-17"/>
      </object_component>
      <object_component id="oc-499">
         <name>.debug_types</name>
         <load_address>0x106b8</load_address>
         <run_address>0x106b8</run_address>
         <size>0x2f</size>
         <input_file_ref idref="fl-19"/>
      </object_component>
      <object_component id="oc-11d">
         <name>.debug_types</name>
         <load_address>0x106e7</load_address>
         <run_address>0x106e7</run_address>
         <size>0x234</size>
         <input_file_ref idref="fl-1a"/>
      </object_component>
      <object_component id="oc-14b">
         <name>.debug_types</name>
         <load_address>0x1091b</load_address>
         <run_address>0x1091b</run_address>
         <size>0x2f</size>
         <input_file_ref idref="fl-1b"/>
      </object_component>
      <object_component id="oc-4e0">
         <name>.debug_types</name>
         <load_address>0x1094a</load_address>
         <run_address>0x1094a</run_address>
         <size>0x8e7</size>
         <input_file_ref idref="fl-24"/>
      </object_component>
      <object_component id="oc-4f0">
         <name>.debug_types</name>
         <load_address>0x11231</load_address>
         <run_address>0x11231</run_address>
         <size>0x5e</size>
         <input_file_ref idref="fl-25"/>
      </object_component>
      <object_component id="oc-4f6">
         <name>.debug_types</name>
         <load_address>0x1128f</load_address>
         <run_address>0x1128f</run_address>
         <size>0x2f</size>
         <input_file_ref idref="fl-26"/>
      </object_component>
      <object_component id="oc-4fc">
         <name>.debug_types</name>
         <load_address>0x0</load_address>
         <run_address>0x0</run_address>
         <size>0x0</size>
         <input_file_ref idref="fl-28"/>
      </object_component>
      <object_component id="oc-3ce">
         <name>.debug_types</name>
         <load_address>0x0</load_address>
         <run_address>0x0</run_address>
         <size>0x0</size>
         <input_file_ref idref="fl-29"/>
      </object_component>
      <object_component id="oc-4d7">
         <name>.debug_types</name>
         <load_address>0x112be</load_address>
         <run_address>0x112be</run_address>
         <size>0x215</size>
         <input_file_ref idref="fl-2a"/>
      </object_component>
      <object_component id="oc-502">
         <name>.debug_types</name>
         <load_address>0x114d3</load_address>
         <run_address>0x114d3</run_address>
         <size>0xc2</size>
         <input_file_ref idref="fl-2b"/>
      </object_component>
      <object_component id="oc-11f">
         <name>.debug_types</name>
         <load_address>0x0</load_address>
         <run_address>0x0</run_address>
         <size>0x0</size>
         <input_file_ref idref="fl-2c"/>
      </object_component>
      <object_component id="oc-12d">
         <name>.debug_types</name>
         <load_address>0x11595</load_address>
         <run_address>0x11595</run_address>
         <size>0x31b</size>
         <input_file_ref idref="fl-2d"/>
      </object_component>
      <object_component id="oc-193">
         <name>.debug_types</name>
         <load_address>0x118b0</load_address>
         <run_address>0x118b0</run_address>
         <size>0x18d</size>
         <input_file_ref idref="fl-2e"/>
      </object_component>
      <object_component id="oc-3dc">
         <name>.debug_types</name>
         <load_address>0x11a3d</load_address>
         <run_address>0x11a3d</run_address>
         <size>0xc33</size>
         <input_file_ref idref="fl-2f"/>
      </object_component>
      <object_component id="oc-4f8">
         <name>.debug_types</name>
         <load_address>0x12670</load_address>
         <run_address>0x12670</run_address>
         <size>0x69c9</size>
         <input_file_ref idref="fl-30"/>
      </object_component>
      <object_component id="oc-132">
         <name>.debug_types</name>
         <load_address>0x19039</load_address>
         <run_address>0x19039</run_address>
         <size>0x85</size>
         <input_file_ref idref="fl-3f"/>
      </object_component>
      <object_component id="oc-1a0">
         <name>.debug_types</name>
         <load_address>0x0</load_address>
         <run_address>0x0</run_address>
         <size>0x0</size>
         <input_file_ref idref="fl-40"/>
      </object_component>
      <object_component id="oc-1ee">
         <name>.debug_types</name>
         <load_address>0x190be</load_address>
         <run_address>0x190be</run_address>
         <size>0x470</size>
         <input_file_ref idref="fl-41"/>
      </object_component>
      <object_component id="oc-137">
         <name>.debug_types</name>
         <load_address>0x1952e</load_address>
         <run_address>0x1952e</run_address>
         <size>0x165</size>
         <input_file_ref idref="fl-42"/>
      </object_component>
      <object_component id="oc-ef">
         <name>.debug_types</name>
         <load_address>0x0</load_address>
         <run_address>0x0</run_address>
         <size>0x0</size>
         <input_file_ref idref="fl-43"/>
      </object_component>
      <object_component id="oc-e7">
         <name>.debug_types</name>
         <load_address>0x19693</load_address>
         <run_address>0x19693</run_address>
         <size>0x191</size>
         <input_file_ref idref="fl-44"/>
      </object_component>
      <object_component id="oc-1e0">
         <name>.debug_types</name>
         <load_address>0x19824</load_address>
         <run_address>0x19824</run_address>
         <size>0xbf</size>
         <input_file_ref idref="fl-45"/>
      </object_component>
      <object_component id="oc-273">
         <name>.debug_types</name>
         <load_address>0x0</load_address>
         <run_address>0x0</run_address>
         <size>0x0</size>
         <input_file_ref idref="fl-46"/>
      </object_component>
      <object_component id="oc-1d8">
         <name>.debug_types</name>
         <load_address>0x198e3</load_address>
         <run_address>0x198e3</run_address>
         <size>0xe1</size>
         <input_file_ref idref="fl-47"/>
      </object_component>
      <object_component id="oc-278">
         <name>.debug_types</name>
         <load_address>0x0</load_address>
         <run_address>0x0</run_address>
         <size>0x0</size>
         <input_file_ref idref="fl-4a"/>
      </object_component>
      <object_component id="oc-106">
         <name>.debug_info</name>
         <load_address>0x0</load_address>
         <run_address>0x0</run_address>
         <size>0x144</size>
         <input_file_ref idref="fl-2"/>
      </object_component>
      <object_component id="oc-1d2">
         <name>.debug_info</name>
         <load_address>0x144</load_address>
         <run_address>0x144</run_address>
         <size>0x391</size>
         <input_file_ref idref="fl-2"/>
      </object_component>
      <object_component id="oc-372">
         <name>.debug_info</name>
         <load_address>0x4d5</load_address>
         <run_address>0x4d5</run_address>
         <size>0x158</size>
         <input_file_ref idref="fl-5"/>
      </object_component>
      <object_component id="oc-110">
         <name>.debug_info</name>
         <load_address>0x62d</load_address>
         <run_address>0x62d</run_address>
         <size>0x1ed</size>
         <input_file_ref idref="fl-7"/>
      </object_component>
      <object_component id="oc-243">
         <name>.debug_info</name>
         <load_address>0x81a</load_address>
         <run_address>0x81a</run_address>
         <size>0x1e1</size>
         <input_file_ref idref="fl-7"/>
      </object_component>
      <object_component id="oc-23c">
         <name>.debug_info</name>
         <load_address>0x9fb</load_address>
         <run_address>0x9fb</run_address>
         <size>0x17b</size>
         <input_file_ref idref="fl-7"/>
      </object_component>
      <object_component id="oc-348">
         <name>.debug_info</name>
         <load_address>0xb76</load_address>
         <run_address>0xb76</run_address>
         <size>0x19f</size>
         <input_file_ref idref="fl-9"/>
      </object_component>
      <object_component id="oc-343">
         <name>.debug_info</name>
         <load_address>0xd15</load_address>
         <run_address>0xd15</run_address>
         <size>0x186</size>
         <input_file_ref idref="fl-9"/>
      </object_component>
      <object_component id="oc-354">
         <name>.debug_info</name>
         <load_address>0xe9b</load_address>
         <run_address>0xe9b</run_address>
         <size>0x1af</size>
         <input_file_ref idref="fl-a"/>
      </object_component>
      <object_component id="oc-34e">
         <name>.debug_info</name>
         <load_address>0x104a</load_address>
         <run_address>0x104a</run_address>
         <size>0x196</size>
         <input_file_ref idref="fl-a"/>
      </object_component>
      <object_component id="oc-35a">
         <name>.debug_info</name>
         <load_address>0x11e0</load_address>
         <run_address>0x11e0</run_address>
         <size>0x176</size>
         <input_file_ref idref="fl-c"/>
      </object_component>
      <object_component id="oc-366">
         <name>.debug_info</name>
         <load_address>0x1356</load_address>
         <run_address>0x1356</run_address>
         <size>0x170</size>
         <input_file_ref idref="fl-d"/>
      </object_component>
      <object_component id="oc-36c">
         <name>.debug_info</name>
         <load_address>0x14c6</load_address>
         <run_address>0x14c6</run_address>
         <size>0x16a</size>
         <input_file_ref idref="fl-e"/>
      </object_component>
      <object_component id="oc-37e">
         <name>.debug_info</name>
         <load_address>0x1630</load_address>
         <run_address>0x1630</run_address>
         <size>0x170</size>
         <input_file_ref idref="fl-f"/>
      </object_component>
      <object_component id="oc-33c">
         <name>.debug_info</name>
         <load_address>0x17a0</load_address>
         <run_address>0x17a0</run_address>
         <size>0x1bb</size>
         <input_file_ref idref="fl-11"/>
      </object_component>
      <object_component id="oc-336">
         <name>.debug_info</name>
         <load_address>0x195b</load_address>
         <run_address>0x195b</run_address>
         <size>0x19a</size>
         <input_file_ref idref="fl-11"/>
      </object_component>
      <object_component id="oc-378">
         <name>.debug_info</name>
         <load_address>0x1af5</load_address>
         <run_address>0x1af5</run_address>
         <size>0x168</size>
         <input_file_ref idref="fl-14"/>
      </object_component>
      <object_component id="oc-1fd">
         <name>.debug_info</name>
         <load_address>0x1c5d</load_address>
         <run_address>0x1c5d</run_address>
         <size>0x111</size>
         <input_file_ref idref="fl-15"/>
      </object_component>
      <object_component id="oc-384">
         <name>.debug_info</name>
         <load_address>0x1d6e</load_address>
         <run_address>0x1d6e</run_address>
         <size>0x225</size>
         <input_file_ref idref="fl-15"/>
      </object_component>
      <object_component id="oc-224">
         <name>.debug_info</name>
         <load_address>0x1f93</load_address>
         <run_address>0x1f93</run_address>
         <size>0x13f</size>
         <input_file_ref idref="fl-15"/>
      </object_component>
      <object_component id="oc-39c">
         <name>.debug_info</name>
         <load_address>0x20d2</load_address>
         <run_address>0x20d2</run_address>
         <size>0x1a7</size>
         <input_file_ref idref="fl-15"/>
      </object_component>
      <object_component id="oc-21e">
         <name>.debug_info</name>
         <load_address>0x2279</load_address>
         <run_address>0x2279</run_address>
         <size>0x16d</size>
         <input_file_ref idref="fl-15"/>
      </object_component>
      <object_component id="oc-392">
         <name>.debug_info</name>
         <load_address>0x23e6</load_address>
         <run_address>0x23e6</run_address>
         <size>0x145</size>
         <input_file_ref idref="fl-15"/>
      </object_component>
      <object_component id="oc-200">
         <name>.debug_info</name>
         <load_address>0x252b</load_address>
         <run_address>0x252b</run_address>
         <size>0x16c</size>
         <input_file_ref idref="fl-15"/>
      </object_component>
      <object_component id="oc-330">
         <name>.debug_info</name>
         <load_address>0x2697</load_address>
         <run_address>0x2697</run_address>
         <size>0x1ab</size>
         <input_file_ref idref="fl-15"/>
      </object_component>
      <object_component id="oc-236">
         <name>.debug_info</name>
         <load_address>0x2842</load_address>
         <run_address>0x2842</run_address>
         <size>0x196</size>
         <input_file_ref idref="fl-15"/>
      </object_component>
      <object_component id="oc-320">
         <name>.debug_info</name>
         <load_address>0x29d8</load_address>
         <run_address>0x29d8</run_address>
         <size>0x177</size>
         <input_file_ref idref="fl-15"/>
      </object_component>
      <object_component id="oc-466">
         <name>.debug_info</name>
         <load_address>0x2b4f</load_address>
         <run_address>0x2b4f</run_address>
         <size>0xf0</size>
         <input_file_ref idref="fl-16"/>
      </object_component>
      <object_component id="oc-311">
         <name>.debug_info</name>
         <load_address>0x2c3f</load_address>
         <run_address>0x2c3f</run_address>
         <size>0x14f</size>
         <input_file_ref idref="fl-16"/>
      </object_component>
      <object_component id="oc-408">
         <name>.debug_info</name>
         <load_address>0x2d8e</load_address>
         <run_address>0x2d8e</run_address>
         <size>0x1bd</size>
         <input_file_ref idref="fl-16"/>
      </object_component>
      <object_component id="oc-40f">
         <name>.debug_info</name>
         <load_address>0x2f4b</load_address>
         <run_address>0x2f4b</run_address>
         <size>0x1e1</size>
         <input_file_ref idref="fl-16"/>
      </object_component>
      <object_component id="oc-414">
         <name>.debug_info</name>
         <load_address>0x312c</load_address>
         <run_address>0x312c</run_address>
         <size>0x1a1</size>
         <input_file_ref idref="fl-16"/>
      </object_component>
      <object_component id="oc-2a6">
         <name>.debug_info</name>
         <load_address>0x32cd</load_address>
         <run_address>0x32cd</run_address>
         <size>0x43c0</size>
         <input_file_ref idref="fl-16"/>
      </object_component>
      <object_component id="oc-2b2">
         <name>.debug_info</name>
         <load_address>0x768d</load_address>
         <run_address>0x768d</run_address>
         <size>0x113</size>
         <input_file_ref idref="fl-16"/>
      </object_component>
      <object_component id="oc-318">
         <name>.debug_info</name>
         <load_address>0x77a0</load_address>
         <run_address>0x77a0</run_address>
         <size>0x12c</size>
         <input_file_ref idref="fl-16"/>
      </object_component>
      <object_component id="oc-29f">
         <name>.debug_info</name>
         <load_address>0x78cc</load_address>
         <run_address>0x78cc</run_address>
         <size>0x767</size>
         <input_file_ref idref="fl-16"/>
      </object_component>
      <object_component id="oc-305">
         <name>.debug_info</name>
         <load_address>0x8033</load_address>
         <run_address>0x8033</run_address>
         <size>0x136</size>
         <input_file_ref idref="fl-16"/>
      </object_component>
      <object_component id="oc-2ab">
         <name>.debug_info</name>
         <load_address>0x8169</load_address>
         <run_address>0x8169</run_address>
         <size>0x12d</size>
         <input_file_ref idref="fl-16"/>
      </object_component>
      <object_component id="oc-2ff">
         <name>.debug_info</name>
         <load_address>0x8296</load_address>
         <run_address>0x8296</run_address>
         <size>0x1d1</size>
         <input_file_ref idref="fl-16"/>
      </object_component>
      <object_component id="oc-470">
         <name>.debug_info</name>
         <load_address>0x8467</load_address>
         <run_address>0x8467</run_address>
         <size>0x190</size>
         <input_file_ref idref="fl-16"/>
      </object_component>
      <object_component id="oc-2f3">
         <name>.debug_info</name>
         <load_address>0x85f7</load_address>
         <run_address>0x85f7</run_address>
         <size>0x12d</size>
         <input_file_ref idref="fl-16"/>
      </object_component>
      <object_component id="oc-2e2">
         <name>.debug_info</name>
         <load_address>0x8724</load_address>
         <run_address>0x8724</run_address>
         <size>0x1bf</size>
         <input_file_ref idref="fl-16"/>
      </object_component>
      <object_component id="oc-2dc">
         <name>.debug_info</name>
         <load_address>0x88e3</load_address>
         <run_address>0x88e3</run_address>
         <size>0x1bf</size>
         <input_file_ref idref="fl-16"/>
      </object_component>
      <object_component id="oc-2d6">
         <name>.debug_info</name>
         <load_address>0x8aa2</load_address>
         <run_address>0x8aa2</run_address>
         <size>0x1c3</size>
         <input_file_ref idref="fl-16"/>
      </object_component>
      <object_component id="oc-2cf">
         <name>.debug_info</name>
         <load_address>0x8c65</load_address>
         <run_address>0x8c65</run_address>
         <size>0x1c3</size>
         <input_file_ref idref="fl-16"/>
      </object_component>
      <object_component id="oc-483">
         <name>.debug_info</name>
         <load_address>0x8e28</load_address>
         <run_address>0x8e28</run_address>
         <size>0x194</size>
         <input_file_ref idref="fl-16"/>
      </object_component>
      <object_component id="oc-bd">
         <name>.debug_info</name>
         <load_address>0x8fbc</load_address>
         <run_address>0x8fbc</run_address>
         <size>0x133</size>
         <input_file_ref idref="fl-16"/>
      </object_component>
      <object_component id="oc-30b">
         <name>.debug_info</name>
         <load_address>0x90ef</load_address>
         <run_address>0x90ef</run_address>
         <size>0x1b0</size>
         <input_file_ref idref="fl-16"/>
      </object_component>
      <object_component id="oc-2f9">
         <name>.debug_info</name>
         <load_address>0x929f</load_address>
         <run_address>0x929f</run_address>
         <size>0x113</size>
         <input_file_ref idref="fl-16"/>
      </object_component>
      <object_component id="oc-2e7">
         <name>.debug_info</name>
         <load_address>0x93b2</load_address>
         <run_address>0x93b2</run_address>
         <size>0x188</size>
         <input_file_ref idref="fl-16"/>
      </object_component>
      <object_component id="oc-2ee">
         <name>.debug_info</name>
         <load_address>0x953a</load_address>
         <run_address>0x953a</run_address>
         <size>0x188</size>
         <input_file_ref idref="fl-16"/>
      </object_component>
      <object_component id="oc-2b7">
         <name>.debug_info</name>
         <load_address>0x96c2</load_address>
         <run_address>0x96c2</run_address>
         <size>0x119</size>
         <input_file_ref idref="fl-16"/>
      </object_component>
      <object_component id="oc-2bd">
         <name>.debug_info</name>
         <load_address>0x97db</load_address>
         <run_address>0x97db</run_address>
         <size>0x16e</size>
         <input_file_ref idref="fl-16"/>
      </object_component>
      <object_component id="oc-2c3">
         <name>.debug_info</name>
         <load_address>0x9949</load_address>
         <run_address>0x9949</run_address>
         <size>0x16f</size>
         <input_file_ref idref="fl-16"/>
      </object_component>
      <object_component id="oc-2c9">
         <name>.debug_info</name>
         <load_address>0x9ab8</load_address>
         <run_address>0x9ab8</run_address>
         <size>0x16f</size>
         <input_file_ref idref="fl-16"/>
      </object_component>
      <object_component id="oc-218">
         <name>.debug_info</name>
         <load_address>0x9c27</load_address>
         <run_address>0x9c27</run_address>
         <size>0x2ef</size>
         <input_file_ref idref="fl-16"/>
      </object_component>
      <object_component id="oc-20d">
         <name>.debug_info</name>
         <load_address>0x9f16</load_address>
         <run_address>0x9f16</run_address>
         <size>0x121</size>
         <input_file_ref idref="fl-17"/>
      </object_component>
      <object_component id="oc-207">
         <name>.debug_info</name>
         <load_address>0xa037</load_address>
         <run_address>0xa037</run_address>
         <size>0x188</size>
         <input_file_ref idref="fl-17"/>
      </object_component>
      <object_component id="oc-326">
         <name>.debug_info</name>
         <load_address>0xa1bf</load_address>
         <run_address>0xa1bf</run_address>
         <size>0x105</size>
         <input_file_ref idref="fl-19"/>
      </object_component>
      <object_component id="oc-32a">
         <name>.debug_info</name>
         <load_address>0xa2c4</load_address>
         <run_address>0xa2c4</run_address>
         <size>0x15f</size>
         <input_file_ref idref="fl-19"/>
      </object_component>
      <object_component id="oc-103">
         <name>.debug_info</name>
         <load_address>0xa423</load_address>
         <run_address>0xa423</run_address>
         <size>0x360</size>
         <input_file_ref idref="fl-1a"/>
      </object_component>
      <object_component id="oc-249">
         <name>.debug_info</name>
         <load_address>0xa783</load_address>
         <run_address>0xa783</run_address>
         <size>0x479</size>
         <input_file_ref idref="fl-1a"/>
      </object_component>
      <object_component id="oc-260">
         <name>.debug_info</name>
         <load_address>0xabfc</load_address>
         <run_address>0xabfc</run_address>
         <size>0x4f4</size>
         <input_file_ref idref="fl-1a"/>
      </object_component>
      <object_component id="oc-c2">
         <name>.debug_info</name>
         <load_address>0xb0f0</load_address>
         <run_address>0xb0f0</run_address>
         <size>0x55b</size>
         <input_file_ref idref="fl-1a"/>
      </object_component>
      <object_component id="oc-22a">
         <name>.debug_info</name>
         <load_address>0xb64b</load_address>
         <run_address>0xb64b</run_address>
         <size>0x176</size>
         <input_file_ref idref="fl-1a"/>
      </object_component>
      <object_component id="oc-231">
         <name>.debug_info</name>
         <load_address>0xb7c1</load_address>
         <run_address>0xb7c1</run_address>
         <size>0x34a</size>
         <input_file_ref idref="fl-1a"/>
      </object_component>
      <object_component id="oc-3b9">
         <name>.debug_info</name>
         <load_address>0xbb0b</load_address>
         <run_address>0xbb0b</run_address>
         <size>0x16d</size>
         <input_file_ref idref="fl-1b"/>
      </object_component>
      <object_component id="oc-3a7">
         <name>.debug_info</name>
         <load_address>0xbc78</load_address>
         <run_address>0xbc78</run_address>
         <size>0x161</size>
         <input_file_ref idref="fl-1b"/>
      </object_component>
      <object_component id="oc-38c">
         <name>.debug_info</name>
         <load_address>0xbdd9</load_address>
         <run_address>0xbdd9</run_address>
         <size>0x2b7</size>
         <input_file_ref idref="fl-1b"/>
      </object_component>
      <object_component id="oc-362">
         <name>.debug_info</name>
         <load_address>0xc090</load_address>
         <run_address>0xc090</run_address>
         <size>0x1c0</size>
         <input_file_ref idref="fl-1b"/>
      </object_component>
      <object_component id="oc-25c">
         <name>.debug_info</name>
         <load_address>0xc250</load_address>
         <run_address>0xc250</run_address>
         <size>0x173</size>
         <input_file_ref idref="fl-1b"/>
      </object_component>
      <object_component id="oc-3ad">
         <name>.debug_info</name>
         <load_address>0xc3c3</load_address>
         <run_address>0xc3c3</run_address>
         <size>0x167</size>
         <input_file_ref idref="fl-1b"/>
      </object_component>
      <object_component id="oc-3b4">
         <name>.debug_info</name>
         <load_address>0xc52a</load_address>
         <run_address>0xc52a</run_address>
         <size>0x1a5</size>
         <input_file_ref idref="fl-1b"/>
      </object_component>
      <object_component id="oc-10b">
         <name>.debug_info</name>
         <load_address>0xc6cf</load_address>
         <run_address>0xc6cf</run_address>
         <size>0x15f</size>
         <input_file_ref idref="fl-1b"/>
      </object_component>
      <object_component id="oc-257">
         <name>.debug_info</name>
         <load_address>0xc82e</load_address>
         <run_address>0xc82e</run_address>
         <size>0x1a7</size>
         <input_file_ref idref="fl-1b"/>
      </object_component>
      <object_component id="oc-250">
         <name>.debug_info</name>
         <load_address>0xc9d5</load_address>
         <run_address>0xc9d5</run_address>
         <size>0x1a2</size>
         <input_file_ref idref="fl-1b"/>
      </object_component>
      <object_component id="oc-98">
         <name>.debug_info</name>
[...]
         <value>0x83086</value>
         <object_component_ref idref="oc-2aa"/>
      </symbol>
      <symbol id="sm-2c7">
         <name>MTR1_CMPSS_W_init</name>
         <value>0x81d4e</value>
         <object_component_ref idref="oc-2e0"/>
      </symbol>
      <symbol id="sm-2c8">
         <name>MTR1_CMPSS_V_init</name>
         <value>0x81c89</value>
         <object_component_ref idref="oc-2da"/>
      </symbol>
      <symbol id="sm-2c9">
         <name>GPIO_init</name>
         <value>0x82f0f</value>
         <object_component_ref idref="oc-30a"/>
      </symbol>
      <symbol id="sm-2ca">
         <name>ADCA_CONFIG_init</name>
         <value>0x81bb0</value>
         <object_component_ref idref="oc-2bc"/>
      </symbol>
      <symbol id="sm-2cb">
         <name>CPUTIMER_CpuUsage_init</name>
         <value>0x827a3</value>
         <object_component_ref idref="oc-2ec"/>
      </symbol>
      <symbol id="sm-2cc">
         <name>SYSCTL_init</name>
         <value>0x80008</value>
         <object_component_ref idref="oc-2a4"/>
      </symbol>
      <symbol id="sm-2cd">
         <name>DAC_init</name>
         <value>0x82cba</value>
         <object_component_ref idref="oc-2f2"/>
      </symbol>
      <symbol id="sm-2ce">
         <name>SYNC_init</name>
         <value>0x82fe0</value>
         <object_component_ref idref="oc-2b0"/>
      </symbol>
      <symbol id="sm-2cf">
         <name>steerByWireOutput_init</name>
         <value>0x82557</value>
         <object_component_ref idref="oc-310"/>
      </symbol>
      <symbol id="sm-2d0">
         <name>ADCC_CONFIG_init</name>
         <value>0x8203a</value>
         <object_component_ref idref="oc-2c8"/>
      </symbol>
      <symbol id="sm-2d1">
         <name>MTR1_QEP_init</name>
         <value>0x82196</value>
         <object_component_ref idref="oc-304"/>
      </symbol>
      <symbol id="sm-2d2">
         <name>EQEP_init</name>
         <value>0x82196</value>
         <object_component_ref idref="oc-304"/>
      </symbol>
      <symbol id="sm-2d3">
         <name>MTR1_DAC_init</name>
         <value>0x82cba</value>
         <object_component_ref idref="oc-2f2"/>
      </symbol>
      <symbol id="sm-2d4">
         <name>EPWM_init</name>
         <value>0x8077c</value>
         <object_component_ref idref="oc-2f8"/>
      </symbol>
      <symbol id="sm-2d5">
         <name>DAC_SPI_init</name>
         <value>0x825f5</value>
         <object_component_ref idref="oc-316"/>
      </symbol>
      <symbol id="sm-2d6">
         <name>MTR1_GATE_EN_init</name>
         <value>0x82f3f</value>
         <object_component_ref idref="oc-46f"/>
      </symbol>
      <symbol id="sm-2d7">
         <name>MTR1_IS_TRIP_CMPSS_init</name>
         <value>0x82bc2</value>
         <object_component_ref idref="oc-2fe"/>
      </symbol>
      <symbol id="sm-2d8">
         <name>LAUNCHPAD_LED1_init</name>
         <value>0x82f27</value>
         <object_component_ref idref="oc-481"/>
      </symbol>
      <symbol id="sm-2d9">
         <name>ASYSCTL_init</name>
         <value>0x8305d</value>
         <object_component_ref idref="oc-2b6"/>
      </symbol>
      <symbol id="sm-2da">
         <name>EPWMXBAR_init</name>
         <value>0x82bc2</value>
         <object_component_ref idref="oc-2fe"/>
      </symbol>
      <symbol id="sm-2db">
         <name>ADCB_CONFIG_init</name>
         <value>0x81f88</value>
         <object_component_ref idref="oc-2c2"/>
      </symbol>
      <symbol id="sm-2ef">
         <name>Device_initGPIO</name>
         <value>0x82d63</value>
         <object_component_ref idref="oc-20b"/>
      </symbol>
      <symbol id="sm-2f0">
         <name>Device_init</name>
         <value>0x82230</value>
         <object_component_ref idref="oc-205"/>
      </symbol>
      <symbol id="sm-303">
         <name>USER_setMotor1Params</name>
         <value>0x820ec</value>
         <object_component_ref idref="oc-329"/>
      </symbol>
      <symbol id="sm-304">
         <name>userParams_M1</name>
         <value>0x680</value>
         <object_component_ref idref="oc-325"/>
      </symbol>
      <symbol id="sm-379">
         <name>enc_M1</name>
         <value>0x49a</value>
         <object_component_ref idref="oc-102"/>
      </symbol>
      <symbol id="sm-37a">
         <name>traj_spd_M1</name>
         <value>0x420</value>
         <object_component_ref idref="oc-102"/>
      </symbol>
      <symbol id="sm-37b">
         <name>initMotor1Handles</name>
         <value>0x82f96</value>
         <object_component_ref idref="oc-229"/>
      </symbol>
      <symbol id="sm-37c">
         <name>pi_Id_M1</name>
         <value>0x42a</value>
         <object_component_ref idref="oc-102"/>
      </symbol>
      <symbol id="sm-37d">
         <name>speedcalc_M1</name>
         <value>0x460</value>
         <object_component_ref idref="oc-102"/>
      </symbol>
      <symbol id="sm-37e">
         <name>motorVars_M1</name>
         <value>0x540</value>
         <object_component_ref idref="oc-102"/>
      </symbol>
      <symbol id="sm-37f">
         <name>pi_spd_M1</name>
         <value>0x450</value>
         <object_component_ref idref="oc-102"/>
      </symbol>
      <symbol id="sm-380">
         <name>initMotor1CtrlParameters</name>
         <value>0x810f6</value>
         <object_component_ref idref="oc-22f"/>
      </symbol>
      <symbol id="sm-381">
         <name>svgen_M1</name>
         <value>0x40e</value>
         <object_component_ref idref="oc-102"/>
      </symbol>
      <symbol id="sm-382">
         <name>motor1CtrlISR</name>
         <value>0x8000</value>
         <object_component_ref idref="oc-bb"/>
      </symbol>
      <symbol id="sm-383">
         <name>motorSetVars_M1</name>
         <value>0x4c0</value>
         <object_component_ref idref="oc-102"/>
      </symbol>
      <symbol id="sm-384">
         <name>park_V_M1</name>
         <value>0x40a</value>
         <object_component_ref idref="oc-102"/>
      </symbol>
      <symbol id="sm-385">
         <name>angleGen_M1</name>
         <value>0x418</value>
         <object_component_ref idref="oc-102"/>
      </symbol>
      <symbol id="sm-386">
         <name>motorHandle_M1</name>
         <value>0x400</value>
         <object_component_ref idref="oc-102"/>
      </symbol>
      <symbol id="sm-387">
         <name>pi_Iq_M1</name>
         <value>0x440</value>
         <object_component_ref idref="oc-102"/>
      </symbol>
      <symbol id="sm-388">
         <name>park_I_M1</name>
         <value>0x406</value>
         <object_component_ref idref="oc-102"/>
      </symbol>
      <symbol id="sm-389">
         <name>ipark_V_M1</name>
         <value>0x402</value>
         <object_component_ref idref="oc-102"/>
      </symbol>
      <symbol id="sm-38a">
         <name>runMotor1OffsetsCalculation</name>
         <value>0x80bd2</value>
         <object_component_ref idref="oc-247"/>
      </symbol>
      <symbol id="sm-38b">
         <name>clarke_I_M1</name>
         <value>0x412</value>
         <object_component_ref idref="oc-102"/>
      </symbol>
      <symbol id="sm-38c">
         <name>halMtr_M1</name>
         <value>0x480</value>
         <object_component_ref idref="oc-102"/>
      </symbol>
      <symbol id="sm-38d">
         <name>runMotor1Control</name>
         <value>0x80e9d</value>
         <object_component_ref idref="oc-25f"/>
      </symbol>
      <symbol id="sm-40f">
         <name>stopMotorControl</name>
         <value>0x82dc3</value>
         <object_component_ref idref="oc-3a4"/>
      </symbol>
      <symbol id="sm-410">
         <name>setupClarke_I</name>
         <value>0x82ede</value>
         <object_component_ref idref="oc-35f"/>
      </symbol>
      <symbol id="sm-411">
         <name>calcMotorOverCurrentThreshold</name>
         <value>0x82b0c</value>
         <object_component_ref idref="oc-24d"/>
      </symbol>
      <symbol id="sm-412">
         <name>restartMotorControl</name>
         <value>0x82a4d</value>
         <object_component_ref idref="oc-3aa"/>
      </symbol>
      <symbol id="sm-413">
         <name>calculateRMSData</name>
         <value>0x82345</value>
         <object_component_ref idref="oc-253"/>
      </symbol>
      <symbol id="sm-414">
         <name>setupControllers</name>
         <value>0x818aa</value>
         <object_component_ref idref="oc-389"/>
      </symbol>
      <symbol id="sm-415">
         <name>resetMotorControl</name>
         <value>0x823be</value>
         <object_component_ref idref="oc-3b0"/>
      </symbol>
      <symbol id="sm-416">
         <name>updateGlobalVariables</name>
         <value>0x826d4</value>
         <object_component_ref idref="oc-3b6"/>
      </symbol>
      <symbol id="sm-417">
         <name>collectRMSData</name>
         <value>0x8268a</value>
         <object_component_ref idref="oc-108"/>
      </symbol>
      <symbol id="sm-418">
         <name>runMotorMonitor</name>
         <value>0x8132d</value>
         <object_component_ref idref="oc-259"/>
      </symbol>
      <symbol id="sm-427">
         <name>code_start</name>
         <value>0x80000</value>
         <object_component_ref idref="oc-95"/>
      </symbol>
      <symbol id="sm-45f">
         <name>ADC_setOffsetTrim</name>
         <value>0x830af</value>
         <object_component_ref idref="oc-4e7"/>
      </symbol>
      <symbol id="sm-460">
         <name>ADC_setMode</name>
         <value>0x82fcf</value>
         <object_component_ref idref="oc-423"/>
      </symbol>
      <symbol id="sm-461">
         <name>ADC_setVREF</name>
         <value>0x82b68</value>
         <object_component_ref idref="oc-41d"/>
      </symbol>
      <symbol id="sm-462">
         <name>ADC_setINLTrim</name>
         <value>0x82762</value>
         <object_component_ref idref="oc-4e1"/>
      </symbol>
      <symbol id="sm-463">
         <name>ADC_setPPBTripLimits</name>
         <value>0x829eb</value>
         <object_component_ref idref="oc-429"/>
      </symbol>
      <symbol id="sm-494">
         <name>CMPSS_configRampLow</name>
         <value>0x82c6e</value>
         <object_component_ref idref="oc-444"/>
      </symbol>
      <symbol id="sm-495">
         <name>CMPSS_configFilterHigh</name>
         <value>0x82e3d</value>
         <object_component_ref idref="oc-432"/>
      </symbol>
      <symbol id="sm-496">
         <name>CMPSS_configRampHigh</name>
         <value>0x82c96</value>
         <object_component_ref idref="oc-43e"/>
      </symbol>
      <symbol id="sm-497">
         <name>CMPSS_configFilterLow</name>
         <value>0x82e59</value>
         <object_component_ref idref="oc-438"/>
      </symbol>
      <symbol id="sm-498">
         <name>CMPSS_configLatchOnPWMSYNC</name>
         <value>0x82f57</value>
         <object_component_ref idref="oc-44a"/>
      </symbol>
      <symbol id="sm-4a5">
         <name>CPUTimer_setEmulationMode</name>
         <value>0x830bb</value>
         <object_component_ref idref="oc-454"/>
      </symbol>
      <symbol id="sm-4bb">
         <name>EQEP_setInputPolarity</name>
         <value>0x82952</value>
         <object_component_ref idref="oc-468"/>
      </symbol>
      <symbol id="sm-4c9">
         <name>Flash_initModule</name>
         <value>0x8567</value>
         <object_component_ref idref="oc-282"/>
      </symbol>
      <symbol id="sm-505">
         <name>GPIO_setQualificationMode</name>
         <value>0x82cff</value>
         <object_component_ref idref="oc-3fa"/>
      </symbol>
      <symbol id="sm-506">
         <name>GPIO_setPadConfig</name>
         <value>0x82825</value>
         <object_component_ref idref="oc-3f4"/>
      </symbol>
      <symbol id="sm-507">
         <name>GPIO_setAnalogMode</name>
         <value>0x824a7</value>
         <object_component_ref idref="oc-3ee"/>
      </symbol>
      <symbol id="sm-508">
         <name>GPIO_setDirectionMode</name>
         <value>0x82d83</value>
         <object_component_ref idref="oc-475"/>
      </symbol>
      <symbol id="sm-509">
         <name>GPIO_setPinConfig</name>
         <value>0x82a7e</value>
         <object_component_ref idref="oc-3e8"/>
      </symbol>
      <symbol id="sm-50a">
         <name>GPIO_setControllerCore</name>
         <value>0x82cdd</value>
         <object_component_ref idref="oc-47b"/>
      </symbol>
      <symbol id="sm-517">
         <name>I2C_configureModuleFrequency</name>
         <value>0x83001</value>
         <object_component_ref idref="oc-488"/>
      </symbol>
      <symbol id="sm-573">
         <name>Interrupt_defaultHandler</name>
         <value>0x83045</value>
         <object_component_ref idref="oc-d9"/>
      </symbol>
      <symbol id="sm-574">
         <name>Interrupt_disable</name>
         <value>0x82640</value>
         <object_component_ref idref="oc-126"/>
      </symbol>
      <symbol id="sm-575">
         <name>Interrupt_initModule</name>
         <value>0x827e4</value>
         <object_component_ref idref="oc-211"/>
      </symbol>
      <symbol id="sm-576">
         <name>Interrupt_nmiHandler</name>
         <value>0x8307c</value>
         <object_component_ref idref="oc-c7"/>
      </symbol>
      <symbol id="sm-577">
         <name>Interrupt_enable</name>
         <value>0x8291c</value>
         <object_component_ref idref="oc-114"/>
      </symbol>
      <symbol id="sm-578">
         <name>Interrupt_initVectorTable</name>
         <value>0x82f6c</value>
         <object_component_ref idref="oc-c9"/>
      </symbol>
      <symbol id="sm-579">
         <name>Interrupt_illegalOperationHandler</name>
         <value>0x83072</value>
         <object_component_ref idref="oc-d3"/>
      </symbol>
      <symbol id="sm-595">
         <name>IPC_unregisterInterrupt</name>
         <value>0x82e75</value>
         <object_component_ref idref="oc-df"/>
      </symbol>
      <symbol id="sm-596">
         <name>IPC_CPU1_To_CPU2_GetBuffer</name>
         <value>0x3b000</value>
         <object_component_ref idref="oc-161"/>
      </symbol>
      <symbol id="sm-597">
         <name>IPC_CPU1_To_CPU2_PutBuffer</name>
         <value>0x3a000</value>
         <object_component_ref idref="oc-15e"/>
      </symbol>
      <symbol id="sm-598">
         <name>IPC_Instance</name>
         <value>0x836b0</value>
         <object_component_ref idref="oc-123"/>
      </symbol>
      <symbol id="sm-5b1">
         <name>SPI_setConfig</name>
         <value>0x82de3</value>
         <object_component_ref idref="oc-48f"/>
      </symbol>
      <symbol id="sm-5b2">
         <name>SPI_clearInterruptStatus</name>
         <value>0x82e02</value>
         <object_component_ref idref="oc-14c"/>
      </symbol>
      <symbol id="sm-63d">
         <name>SysCtl_isPLLValid</name>
         <value>0x819c8</value>
         <object_component_ref idref="oc-3d5"/>
      </symbol>
      <symbol id="sm-63e">
         <name>SysCtl_delay</name>
         <value>0x85be</value>
         <object_component_ref idref="oc-390"/>
      </symbol>
      <symbol id="sm-63f">
         <name>SysCtl_selectXTALSingleEnded</name>
         <value>0x82d42</value>
         <object_component_ref idref="oc-4bf"/>
      </symbol>
      <symbol id="sm-640">
         <name>SysCtl_selectXTAL</name>
         <value>0x8271d</value>
         <object_component_ref idref="oc-4c5"/>
      </symbol>
      <symbol id="sm-641">
         <name>SysCtl_selectOscSource</name>
         <value>0x82bef</value>
         <object_component_ref idref="oc-3cf"/>
      </symbol>
      <symbol id="sm-642">
         <name>SysCtl_setClock</name>
         <value>0x8178c</value>
         <object_component_ref idref="oc-288"/>
      </symbol>
      <symbol id="sm-643">
         <name>SysCtl_selectOscSourceAuxPLL</name>
         <value>0x825a8</value>
         <object_component_ref idref="oc-294"/>
      </symbol>
      <symbol id="sm-644">
         <name>SysCtl_setAuxClock</name>
         <value>0x81ac7</value>
         <object_component_ref idref="oc-28e"/>
      </symbol>
      <symbol id="sm-645">
         <name>SysCtl_configureType</name>
         <value>0x82d21</value>
         <object_component_ref idref="oc-401"/>
      </symbol>
      <symbol id="sm-657">
         <name>XBAR_setEPWMMuxConfig</name>
         <value>0x82864</value>
         <object_component_ref idref="oc-45e"/>
      </symbol>
      <symbol id="sm-661">
         <name>_c_int00</name>
         <value>0x82ec5</value>
         <object_component_ref idref="oc-13f"/>
      </symbol>
      <symbol id="sm-662">
         <name>__stack</name>
         <value>0x1b2</value>
         <object_component_ref idref="oc-e5"/>
      </symbol>
      <symbol id="sm-66f">
         <name>__c28xabi_divf</name>
         <value>0x822bd</value>
         <object_component_ref idref="oc-4cc"/>
      </symbol>
      <symbol id="sm-682">
         <name>memcpy</name>
         <value>0x82e20</value>
         <object_component_ref idref="oc-e8"/>
      </symbol>
      <symbol id="sm-68f">
         <name>_system_pre_init</name>
         <value>0x830e5</value>
         <object_component_ref idref="oc-178"/>
      </symbol>
      <symbol id="sm-69e">
         <name>__TI_auto_init_nobinit_nopinit</name>
         <value>0x82c1a</value>
         <object_component_ref idref="oc-1a1"/>
      </symbol>
      <symbol id="sm-6ad">
         <name>__TI_zero_init_nomemset</name>
         <value>0x8302c</value>
         <object_component_ref idref="oc-f0"/>
      </symbol>
      <symbol id="sm-6ba">
         <name>__TI_decompress_none</name>
         <value>0x83098</value>
         <object_component_ref idref="oc-8e"/>
      </symbol>
      <symbol id="sm-6ce">
         <name>__TI_decompress_lzss</name>
         <value>0x82b3a</value>
         <object_component_ref idref="oc-88"/>
      </symbol>
      <symbol id="sm-6e4">
         <name>C$$EXIT</name>
         <value>0x82c45</value>
         <object_component_ref idref="oc-185"/>
      </symbol>
      <symbol id="sm-6e5">
         <name>abort</name>
         <value>0x82c45</value>
         <object_component_ref idref="oc-185"/>
      </symbol>
      <symbol id="sm-6e6">
         <name>exit</name>
         <value>0x82c47</value>
         <object_component_ref idref="oc-185"/>
      </symbol>
      <symbol id="sm-6e7">
         <name>__TI_dtors_ptr</name>
         <value>0x67a</value>
         <object_component_ref idref="oc-1d9"/>
      </symbol>
      <symbol id="sm-6e8">
         <name>__TI_cleanup_ptr</name>
         <value>0x678</value>
         <object_component_ref idref="oc-1d9"/>
      </symbol>
      <symbol id="sm-6e9">
         <name>__TI_enable_exit_profile_output</name>
         <value>0x676</value>
         <object_component_ref idref="oc-1d9"/>
      </symbol>
      <symbol id="sm-700">
         <name>_nop</name>
         <value>0x83097</value>
         <object_component_ref idref="oc-26b"/>
      </symbol>
      <symbol id="sm-701">
         <name>_lock</name>
         <value>0x67c</value>
         <object_component_ref idref="oc-1dc"/>
      </symbol>
      <symbol id="sm-702">
         <name>_unlock</name>
         <value>0x67e</value>
         <object_component_ref idref="oc-3bd"/>
      </symbol>
      <symbol id="sm-703">
         <name>_register_lock</name>
         <value>0x83093</value>
         <object_component_ref idref="oc-26b"/>
      </symbol>
      <symbol id="sm-704">
         <name>_register_unlock</name>
         <value>0x8308f</value>
         <object_component_ref idref="oc-26b"/>
      </symbol>
      <symbol id="sm-713">
         <name>_args_main</name>
         <value>0x83051</value>
         <object_component_ref idref="oc-17f"/>
      </symbol>
      <symbol id="sm-722">
         <name>_system_post_cinit</name>
         <value>0x80bd1</value>
         <object_component_ref idref="oc-1e7"/>
      </symbol>
      <symbol id="sm-724">
         <name>__c_args__</name>
         <value>0x0</value>
      </symbol>
   </symbol_table>
   <title>Link successful</title>
</link_info>
